../Middlewares/ST/STM32_USB_Device_Library/Class/HID/Src/usbd_hid.c:391:17:USBD_HID_Init	16	static
../Middlewares/ST/STM32_USB_Device_Library/Class/HID/Src/usbd_hid.c:416:17:USBD_HID_DeInit	16	static
../Middlewares/ST/STM32_USB_Device_Library/Class/HID/Src/usbd_hid.c:440:17:USBD_HID_Setup	40	static
../Middlewares/ST/STM32_USB_Device_Library/Class/HID/Src/usbd_hid.c:573:9:USBD_HID_SendReport	32	static
../Middlewares/ST/STM32_USB_Device_Library/Class/HID/Src/usbd_hid.c:599:10:USBD_HID_GetPollingInterval	24	static
../Middlewares/ST/STM32_USB_Device_Library/Class/HID/Src/usbd_hid.c:628:18:USBD_HID_GetFSCfgDesc	16	static
../Middlewares/ST/STM32_USB_Device_Library/Class/HID/Src/usbd_hid.c:641:18:USBD_HID_GetHSCfgDesc	16	static
../Middlewares/ST/STM32_USB_Device_Library/Class/HID/Src/usbd_hid.c:654:18:USBD_HID_GetOtherSpeedCfgDesc	16	static
../Middlewares/ST/STM32_USB_Device_Library/Class/HID/Src/usbd_hid.c:667:17:USBD_HID_DataIn	16	static
../Middlewares/ST/STM32_USB_Device_Library/Class/HID/Src/usbd_hid.c:684:18:USBD_HID_GetDeviceQualifierDesc	16	static
