Archive member included to satisfy reference by file (symbol)

C:/ST/STM32CubeIDE_1.18.0/STM32CubeIDE/plugins/com.st.stm32cube.ide.mcu.externaltools.gnu-tools-for-stm32.13.3.rel1.win32_1.0.0.202411081344/tools/bin/../lib/gcc/arm-none-eabi/13.3.1/../../../../arm-none-eabi/lib/thumb/v7e-m+fp/hard\libc_nano.a(libc_a-exit.o)
                              C:/ST/STM32CubeIDE_1.18.0/STM32CubeIDE/plugins/com.st.stm32cube.ide.mcu.externaltools.gnu-tools-for-stm32.13.3.rel1.win32_1.0.0.202411081344/tools/bin/../lib/gcc/arm-none-eabi/13.3.1/../../../../arm-none-eabi/lib/thumb/v7e-m+fp/hard/crt0.o (exit)
C:/ST/STM32CubeIDE_1.18.0/STM32CubeIDE/plugins/com.st.stm32cube.ide.mcu.externaltools.gnu-tools-for-stm32.13.3.rel1.win32_1.0.0.202411081344/tools/bin/../lib/gcc/arm-none-eabi/13.3.1/../../../../arm-none-eabi/lib/thumb/v7e-m+fp/hard\libc_nano.a(libc_a-findfp.o)
                              C:/ST/STM32CubeIDE_1.18.0/STM32CubeIDE/plugins/com.st.stm32cube.ide.mcu.externaltools.gnu-tools-for-stm32.13.3.rel1.win32_1.0.0.202411081344/tools/bin/../lib/gcc/arm-none-eabi/13.3.1/../../../../arm-none-eabi/lib/thumb/v7e-m+fp/hard\libc_nano.a(libc_a-exit.o) (__stdio_exit_handler)
C:/ST/STM32CubeIDE_1.18.0/STM32CubeIDE/plugins/com.st.stm32cube.ide.mcu.externaltools.gnu-tools-for-stm32.13.3.rel1.win32_1.0.0.202411081344/tools/bin/../lib/gcc/arm-none-eabi/13.3.1/../../../../arm-none-eabi/lib/thumb/v7e-m+fp/hard\libc_nano.a(libc_a-fwalk.o)
                              C:/ST/STM32CubeIDE_1.18.0/STM32CubeIDE/plugins/com.st.stm32cube.ide.mcu.externaltools.gnu-tools-for-stm32.13.3.rel1.win32_1.0.0.202411081344/tools/bin/../lib/gcc/arm-none-eabi/13.3.1/../../../../arm-none-eabi/lib/thumb/v7e-m+fp/hard\libc_nano.a(libc_a-findfp.o) (_fwalk_sglue)
C:/ST/STM32CubeIDE_1.18.0/STM32CubeIDE/plugins/com.st.stm32cube.ide.mcu.externaltools.gnu-tools-for-stm32.13.3.rel1.win32_1.0.0.202411081344/tools/bin/../lib/gcc/arm-none-eabi/13.3.1/../../../../arm-none-eabi/lib/thumb/v7e-m+fp/hard\libc_nano.a(libc_a-stdio.o)
                              C:/ST/STM32CubeIDE_1.18.0/STM32CubeIDE/plugins/com.st.stm32cube.ide.mcu.externaltools.gnu-tools-for-stm32.13.3.rel1.win32_1.0.0.202411081344/tools/bin/../lib/gcc/arm-none-eabi/13.3.1/../../../../arm-none-eabi/lib/thumb/v7e-m+fp/hard\libc_nano.a(libc_a-findfp.o) (__sread)
C:/ST/STM32CubeIDE_1.18.0/STM32CubeIDE/plugins/com.st.stm32cube.ide.mcu.externaltools.gnu-tools-for-stm32.13.3.rel1.win32_1.0.0.202411081344/tools/bin/../lib/gcc/arm-none-eabi/13.3.1/../../../../arm-none-eabi/lib/thumb/v7e-m+fp/hard\libc_nano.a(libc_a-memset.o)
                              C:/ST/STM32CubeIDE_1.18.0/STM32CubeIDE/plugins/com.st.stm32cube.ide.mcu.externaltools.gnu-tools-for-stm32.13.3.rel1.win32_1.0.0.202411081344/tools/bin/../lib/gcc/arm-none-eabi/13.3.1/../../../../arm-none-eabi/lib/thumb/v7e-m+fp/hard/crt0.o (memset)
C:/ST/STM32CubeIDE_1.18.0/STM32CubeIDE/plugins/com.st.stm32cube.ide.mcu.externaltools.gnu-tools-for-stm32.13.3.rel1.win32_1.0.0.202411081344/tools/bin/../lib/gcc/arm-none-eabi/13.3.1/../../../../arm-none-eabi/lib/thumb/v7e-m+fp/hard\libc_nano.a(libc_a-closer.o)
                              C:/ST/STM32CubeIDE_1.18.0/STM32CubeIDE/plugins/com.st.stm32cube.ide.mcu.externaltools.gnu-tools-for-stm32.13.3.rel1.win32_1.0.0.202411081344/tools/bin/../lib/gcc/arm-none-eabi/13.3.1/../../../../arm-none-eabi/lib/thumb/v7e-m+fp/hard\libc_nano.a(libc_a-stdio.o) (_close_r)
C:/ST/STM32CubeIDE_1.18.0/STM32CubeIDE/plugins/com.st.stm32cube.ide.mcu.externaltools.gnu-tools-for-stm32.13.3.rel1.win32_1.0.0.202411081344/tools/bin/../lib/gcc/arm-none-eabi/13.3.1/../../../../arm-none-eabi/lib/thumb/v7e-m+fp/hard\libc_nano.a(libc_a-reent.o)
                              C:/ST/STM32CubeIDE_1.18.0/STM32CubeIDE/plugins/com.st.stm32cube.ide.mcu.externaltools.gnu-tools-for-stm32.13.3.rel1.win32_1.0.0.202411081344/tools/bin/../lib/gcc/arm-none-eabi/13.3.1/../../../../arm-none-eabi/lib/thumb/v7e-m+fp/hard\libc_nano.a(libc_a-closer.o) (errno)
C:/ST/STM32CubeIDE_1.18.0/STM32CubeIDE/plugins/com.st.stm32cube.ide.mcu.externaltools.gnu-tools-for-stm32.13.3.rel1.win32_1.0.0.202411081344/tools/bin/../lib/gcc/arm-none-eabi/13.3.1/../../../../arm-none-eabi/lib/thumb/v7e-m+fp/hard\libc_nano.a(libc_a-impure.o)
                              C:/ST/STM32CubeIDE_1.18.0/STM32CubeIDE/plugins/com.st.stm32cube.ide.mcu.externaltools.gnu-tools-for-stm32.13.3.rel1.win32_1.0.0.202411081344/tools/bin/../lib/gcc/arm-none-eabi/13.3.1/../../../../arm-none-eabi/lib/thumb/v7e-m+fp/hard\libc_nano.a(libc_a-reent.o) (_impure_ptr)
C:/ST/STM32CubeIDE_1.18.0/STM32CubeIDE/plugins/com.st.stm32cube.ide.mcu.externaltools.gnu-tools-for-stm32.13.3.rel1.win32_1.0.0.202411081344/tools/bin/../lib/gcc/arm-none-eabi/13.3.1/../../../../arm-none-eabi/lib/thumb/v7e-m+fp/hard\libc_nano.a(libc_a-lseekr.o)
[...]
Memory Configuration

Name             Origin             Length             Attributes
CCMRAM           0x10000000         0x00010000         xrw
RAM              0x20000000         0x00020000         xrw
FLASH            0x08000000         0x00100000         xr
*default*        0x00000000         0xffffffff

Linker script and memory map

LOAD C:/ST/STM32CubeIDE_1.18.0/STM32CubeIDE/plugins/com.st.stm32cube.ide.mcu.externaltools.gnu-tools-for-stm32.13.3.rel1.win32_1.0.0.202411081344/tools/bin/../lib/gcc/arm-none-eabi/13.3.1/thumb/v7e-m+fp/hard/crti.o
LOAD C:/ST/STM32CubeIDE_1.18.0/STM32CubeIDE/plugins/com.st.stm32cube.ide.mcu.externaltools.gnu-tools-for-stm32.13.3.rel1.win32_1.0.0.202411081344/tools/bin/../lib/gcc/arm-none-eabi/13.3.1/thumb/v7e-m+fp/hard/crtbegin.o
LOAD C:/ST/STM32CubeIDE_1.18.0/STM32CubeIDE/plugins/com.st.stm32cube.ide.mcu.externaltools.gnu-tools-for-stm32.13.3.rel1.win32_1.0.0.202411081344/tools/bin/../lib/gcc/arm-none-eabi/13.3.1/../../../../arm-none-eabi/lib/thumb/v7e-m+fp/hard/crt0.o
LOAD ./Core/Src/main.o
LOAD ./Core/Src/stm32f4xx_hal_msp.o
LOAD ./Core/Src/stm32f4xx_it.o
LOAD ./Core/Src/syscalls.o
LOAD ./Core/Src/sysmem.o
LOAD ./Core/Src/system_stm32f4xx.o
LOAD ./Core/Startup/startup_stm32f405rgtx.o
LOAD ./Drivers/STM32F4xx_HAL_Driver/Src/stm32f4xx_hal.o
LOAD ./Drivers/STM32F4xx_HAL_Driver/Src/stm32f4xx_hal_cortex.o
LOAD ./Drivers/STM32F4xx_HAL_Driver/Src/stm32f4xx_hal_dma.o
LOAD ./Drivers/STM32F4xx_HAL_Driver/Src/stm32f4xx_hal_dma_ex.o
LOAD ./Drivers/STM32F4xx_HAL_Driver/Src/stm32f4xx_hal_exti.o
LOAD ./Drivers/STM32F4xx_HAL_Driver/Src/stm32f4xx_hal_flash.o
LOAD ./Drivers/STM32F4xx_HAL_Driver/Src/stm32f4xx_hal_flash_ex.o
LOAD ./Drivers/STM32F4xx_HAL_Driver/Src/stm32f4xx_hal_flash_ramfunc.o
LOAD ./Drivers/STM32F4xx_HAL_Driver/Src/stm32f4xx_hal_gpio.o
LOAD ./Drivers/STM32F4xx_HAL_Driver/Src/stm32f4xx_hal_pcd.o
LOAD ./Drivers/STM32F4xx_HAL_Driver/Src/stm32f4xx_hal_pcd_ex.o
LOAD ./Drivers/STM32F4xx_HAL_Driver/Src/stm32f4xx_hal_pwr.o
LOAD ./Drivers/STM32F4xx_HAL_Driver/Src/stm32f4xx_hal_pwr_ex.o
LOAD ./Drivers/STM32F4xx_HAL_Driver/Src/stm32f4xx_hal_rcc.o
LOAD ./Drivers/STM32F4xx_HAL_Driver/Src/stm32f4xx_hal_rcc_ex.o
LOAD ./Drivers/STM32F4xx_HAL_Driver/Src/stm32f4xx_hal_tim.o
LOAD ./Drivers/STM32F4xx_HAL_Driver/Src/stm32f4xx_hal_tim_ex.o
LOAD ./Drivers/STM32F4xx_HAL_Driver/Src/stm32f4xx_ll_usb.o
LOAD ./Middlewares/ST/STM32_USB_Device_Library/Class/CustomHID/Src/usbd_customhid.o
LOAD ./Middlewares/ST/STM32_USB_Device_Library/Core/Src/usbd_core.o
LOAD ./Middlewares/ST/STM32_USB_Device_Library/Core/Src/usbd_ctlreq.o
LOAD ./Middlewares/ST/STM32_USB_Device_Library/Core/Src/usbd_ioreq.o
LOAD ./USB_DEVICE/App/usb_device.o
LOAD ./USB_DEVICE/App/usbd_custom_hid_if.o
LOAD ./USB_DEVICE/App/usbd_desc.o
LOAD ./USB_DEVICE/Target/usbd_conf.o
START GROUP
LOAD C:/ST/STM32CubeIDE_1.18.0/STM32CubeIDE/plugins/com.st.stm32cube.ide.mcu.externaltools.gnu-tools-for-stm32.13.3.rel1.win32_1.0.0.202411081344/tools/bin/../lib/gcc/arm-none-eabi/13.3.1/../../../../arm-none-eabi/lib/thumb/v7e-m+fp/hard\libstdc++_nano.a
LOAD C:/ST/STM32CubeIDE_1.18.0/STM32CubeIDE/plugins/com.st.stm32cube.ide.mcu.externaltools.gnu-tools-for-stm32.13.3.rel1.win32_1.0.0.202411081344/tools/bin/../lib/gcc/arm-none-eabi/13.3.1/../../../../arm-none-eabi/lib/thumb/v7e-m+fp/hard\libsupc++_nano.a
END GROUP
LOAD C:/ST/STM32CubeIDE_1.18.0/STM32CubeIDE/plugins/com.st.stm32cube.ide.mcu.externaltools.gnu-tools-for-stm32.13.3.rel1.win32_1.0.0.202411081344/tools/bin/../lib/gcc/arm-none-eabi/13.3.1/../../../../arm-none-eabi/lib/thumb/v7e-m+fp/hard\libstdc++_nano.a
LOAD C:/ST/STM32CubeIDE_1.18.0/STM32CubeIDE/plugins/com.st.stm32cube.ide.mcu.externaltools.gnu-tools-for-stm32.13.3.rel1.win32_1.0.0.202411081344/tools/bin/../lib/gcc/arm-none-eabi/13.3.1/../../../../arm-none-eabi/lib/thumb/v7e-m+fp/hard\libm.a
LOAD C:/ST/STM32CubeIDE_1.18.0/STM32CubeIDE/plugins/com.st.stm32cube.ide.mcu.externaltools.gnu-tools-for-stm32.13.3.rel1.win32_1.0.0.202411081344/tools/bin/../lib/gcc/arm-none-eabi/13.3.1/../../../../arm-none-eabi/lib/thumb/v7e-m+fp/hard\libc_nano.a
START GROUP
LOAD C:/ST/STM32CubeIDE_1.18.0/STM32CubeIDE/plugins/com.st.stm32cube.ide.mcu.externaltools.gnu-tools-for-stm32.13.3.rel1.win32_1.0.0.202411081344/tools/bin/../lib/gcc/arm-none-eabi/13.3.1/thumb/v7e-m+fp/hard\libgcc.a
LOAD C:/ST/STM32CubeIDE_1.18.0/STM32CubeIDE/plugins/com.st.stm32cube.ide.mcu.externaltools.gnu-tools-for-stm32.13.3.rel1.win32_1.0.0.202411081344/tools/bin/../lib/gcc/arm-none-eabi/13.3.1/../../../../arm-none-eabi/lib/thumb/v7e-m+fp/hard\libc_nano.a
END GROUP
START GROUP
LOAD C:/ST/STM32CubeIDE_1.18.0/STM32CubeIDE/plugins/com.st.stm32cube.ide.mcu.externaltools.gnu-tools-for-stm32.13.3.rel1.win32_1.0.0.202411081344/tools/bin/../lib/gcc/arm-none-eabi/13.3.1/thumb/v7e-m+fp/hard\libgcc.a
LOAD C:/ST/STM32CubeIDE_1.18.0/STM32CubeIDE/plugins/com.st.stm32cube.ide.mcu.externaltools.gnu-tools-for-stm32.13.3.rel1.win32_1.0.0.202411081344/tools/bin/../lib/gcc/arm-none-eabi/13.3.1/../../../../arm-none-eabi/lib/thumb/v7e-m+fp/hard\libc_nano.a
LOAD C:/ST/STM32CubeIDE_1.18.0/STM32CubeIDE/plugins/com.st.stm32cube.ide.mcu.externaltools.gnu-tools-for-stm32.13.3.rel1.win32_1.0.0.202411081344/tools/bin/../lib/gcc/arm-none-eabi/13.3.1/../../../../arm-none-eabi/lib/thumb/v7e-m+fp/hard\libnosys.a
END GROUP
START GROUP
LOAD C:/ST/STM32CubeIDE_1.18.0/STM32CubeIDE/plugins/com.st.stm32cube.ide.mcu.externaltools.gnu-tools-for-stm32.13.3.rel1.win32_1.0.0.202411081344/tools/bin/../lib/gcc/arm-none-eabi/13.3.1/thumb/v7e-m+fp/hard\libgcc.a
LOAD C:/ST/STM32CubeIDE_1.18.0/STM32CubeIDE/plugins/com.st.stm32cube.ide.mcu.externaltools.gnu-tools-for-stm32.13.3.rel1.win32_1.0.0.202411081344/tools/bin/../lib/gcc/arm-none-eabi/13.3.1/../../../../arm-none-eabi/lib/thumb/v7e-m+fp/hard\libc_nano.a
LOAD C:/ST/STM32CubeIDE_1.18.0/STM32CubeIDE/plugins/com.st.stm32cube.ide.mcu.externaltools.gnu-tools-for-stm32.13.3.rel1.win32_1.0.0.202411081344/tools/bin/../lib/gcc/arm-none-eabi/13.3.1/../../../../arm-none-eabi/lib/thumb/v7e-m+fp/hard\libnosys.a
END GROUP
LOAD C:/ST/STM32CubeIDE_1.18.0/STM32CubeIDE/plugins/com.st.stm32cube.ide.mcu.externaltools.gnu-tools-for-stm32.13.3.rel1.win32_1.0.0.202411081344/tools/bin/../lib/gcc/arm-none-eabi/13.3.1/thumb/v7e-m+fp/hard/crtend.o
LOAD C:/ST/STM32CubeIDE_1.18.0/STM32CubeIDE/plugins/com.st.stm32cube.ide.mcu.externaltools.gnu-tools-for-stm32.13.3.rel1.win32_1.0.0.202411081344/tools/bin/../lib/gcc/arm-none-eabi/13.3.1/thumb/v7e-m+fp/hard/crtn.o
                0x20020000                        _estack = (ORIGIN (RAM) + LENGTH (RAM))
                0x00000200                        _Min_Heap_Size = 0x200
                0x00000400                        _Min_Stack_Size = 0x400

.isr_vector     0x08000000      0x188
                0x08000000                        . = ALIGN (0x4)
 *(.isr_vector)
 .isr_vector    0x08000000      0x188 ./Core/Startup/startup_stm32f405rgtx.o
                0x08000000                g_pfnVectors
                0x08000188                        . = ALIGN (0x4)

.text           0x08000188     0x70c4
                0x08000188                        . = ALIGN (0x4)
 *(.text)
 .text          0x08000188       0x40 C:/ST/STM32CubeIDE_1.18.0/STM32CubeIDE/plugins/com.st.stm32cube.ide.mcu.externaltools.gnu-tools-for-stm32.13.3.rel1.win32_1.0.0.202411081344/tools/bin/../lib/gcc/arm-none-eabi/13.3.1/thumb/v7e-m+fp/hard/crtbegin.o
 .text          0x080001c8       0x30 C:/ST/STM32CubeIDE_1.18.0/STM32CubeIDE/plugins/com.st.stm32cube.ide.mcu.externaltools.gnu-tools-for-stm32.13.3.rel1.win32_1.0.0.202411081344/tools/bin/../lib/gcc/arm-none-eabi/13.3.1/thumb/v7e-m+fp/hard\libgcc.a(_aeabi_uldivmod.o)
                0x080001c8                __aeabi_uldivmod
 .text          0x080001f8      0x2f8 C:/ST/STM32CubeIDE_1.18.0/STM32CubeIDE/plugins/com.st.stm32cube.ide.mcu.externaltools.gnu-tools-for-stm32.13.3.rel1.win32_1.0.0.202411081344/tools/bin/../lib/gcc/arm-none-eabi/13.3.1/thumb/v7e-m+fp/hard\libgcc.a(_udivmoddi4.o)
                0x080001f8                __udivmoddi4
 .text          0x080004f0        0x4 C:/ST/STM32CubeIDE_1.18.0/STM32CubeIDE/plugins/com.st.stm32cube.ide.mcu.externaltools.gnu-tools-for-stm32.13.3.rel1.win32_1.0.0.202411081344/tools/bin/../lib/gcc/arm-none-eabi/13.3.1/thumb/v7e-m+fp/hard\libgcc.a(_dvmd_tls.o)
                0x080004f0                __aeabi_idiv0
                0x080004f0                __aeabi_ldiv0
 *(.text*)
 .text.HAL_TIM_IC_CaptureCallback
                0x080004f4       0x44 ./Core/Src/main.o
                0x080004f4                HAL_TIM_IC_CaptureCallback
 .text.main     0x08000538       0x40 ./Core/Src/main.o
                0x08000538                main
 .text.SystemClock_Config
                0x08000578       0xd4 ./Core/Src/main.o
                0x08000578                SystemClock_Config
 .text.MX_TIM3_Init
                0x0800064c       0xa8 ./Core/Src/main.o
 .text.MX_GPIO_Init
                0x080006f4       0x6c ./Core/Src/main.o
 .text.Error_Handler
                0x08000760        0xc ./Core/Src/main.o
                0x08000760                Error_Handler
 .text.HAL_MspInit
                0x0800076c       0x50 ./Core/Src/stm32f4xx_hal_msp.o
                0x0800076c                HAL_MspInit
 .text.HAL_TIM_Encoder_MspInit
                0x080007bc       0xa0 ./Core/Src/stm32f4xx_hal_msp.o
                0x080007bc                HAL_TIM_Encoder_MspInit
 .text.NMI_Handler
                0x0800085c        0x8 ./Core/Src/stm32f4xx_it.o
                0x0800085c                NMI_Handler
 .text.HardFault_Handler
                0x08000864        0x8 ./Core/Src/stm32f4xx_it.o
                0x08000864                HardFault_Handler
 .text.MemManage_Handler
                0x0800086c        0x8 ./Core/Src/stm32f4xx_it.o
                0x0800086c                MemManage_Handler
 .text.BusFault_Handler
                0x08000874        0x8 ./Core/Src/stm32f4xx_it.o
                0x08000874                BusFault_Handler
 .text.UsageFault_Handler
                0x0800087c        0x8 ./Core/Src/stm32f4xx_it.o
                0x0800087c                UsageFault_Handler
 .text.SVC_Handler
                0x08000884        0xe ./Core/Src/stm32f4xx_it.o
                0x08000884                SVC_Handler
 .text.DebugMon_Handler
                0x08000892        0xe ./Core/Src/stm32f4xx_it.o
                0x08000892                DebugMon_Handler
 .text.PendSV_Handler
                0x080008a0        0xe ./Core/Src/stm32f4xx_it.o
                0x080008a0                PendSV_Handler
 .text.SysTick_Handler
                0x080008ae        0xc ./Core/Src/stm32f4xx_it.o
                0x080008ae                SysTick_Handler
 *fill*         0x080008ba        0x2 
 .text.TIM3_IRQHandler
                0x080008bc       0x14 ./Core/Src/stm32f4xx_it.o
                0x080008bc                TIM3_IRQHandler
 .text.OTG_FS_IRQHandler
                0x080008d0       0x14 ./Core/Src/stm32f4xx_it.o
                0x080008d0                OTG_FS_IRQHandler
 .text.SystemInit
                0x080008e4       0x24 ./Core/Src/system_stm32f4xx.o
                0x080008e4                SystemInit
 .text.Reset_Handler
                0x08000908       0x50 ./Core/Startup/startup_stm32f405rgtx.o
                0x08000908                Reset_Handler
 .text.Default_Handler
                0x08000958        0x2 ./Core/Startup/startup_stm32f405rgtx.o
                0x08000958                RTC_Alarm_IRQHandler
                0x08000958                HASH_RNG_IRQHandler
                0x08000958                EXTI2_IRQHandler
                0x08000958                TIM8_CC_IRQHandler
                0x08000958                TIM1_CC_IRQHandler
                0x08000958                DMA2_Stream5_IRQHandler
                0x08000958                DMA1_Stream5_IRQHandler
                0x08000958                PVD_IRQHandler
                0x08000958                SDIO_IRQHandler
                0x08000958                TAMP_STAMP_IRQHandler
                0x08000958                CAN2_RX1_IRQHandler
                0x08000958                EXTI3_IRQHandler
                0x08000958                TIM8_TRG_COM_TIM14_IRQHandler
                0x08000958                TIM1_UP_TIM10_IRQHandler
                0x08000958                TIM8_UP_TIM13_IRQHandler
                0x08000958                I2C3_ER_IRQHandler
                0x08000958                EXTI0_IRQHandler
                0x08000958                I2C2_EV_IRQHandler
                0x08000958                DMA1_Stream2_IRQHandler
                0x08000958                CAN1_RX0_IRQHandler
                0x08000958                FPU_IRQHandler
                0x08000958                OTG_HS_WKUP_IRQHandler
                0x08000958                CAN2_SCE_IRQHandler
                0x08000958                DMA2_Stream2_IRQHandler
                0x08000958                SPI1_IRQHandler
                0x08000958                TIM6_DAC_IRQHandler
                0x08000958                TIM1_BRK_TIM9_IRQHandler
                0x08000958                CAN2_RX0_IRQHandler
                0x08000958                DMA2_Stream3_IRQHandler
                0x08000958                USART6_IRQHandler
                0x08000958                USART3_IRQHandler
                0x08000958                CAN1_RX1_IRQHandler
                0x08000958                UART5_IRQHandler
                0x08000958                DMA2_Stream0_IRQHandler
                0x08000958                TIM4_IRQHandler
                0x08000958                I2C1_EV_IRQHandler
                0x08000958                DMA1_Stream6_IRQHandler
                0x08000958                DMA1_Stream1_IRQHandler
                0x08000958                UART4_IRQHandler
                0x08000958                RCC_IRQHandler
                0x08000958                TIM8_BRK_TIM12_IRQHandler
                0x08000958                Default_Handler
                0x08000958                EXTI15_10_IRQHandler
                0x08000958                ADC_IRQHandler
                0x08000958                DMA1_Stream7_IRQHandler
                0x08000958                TIM7_IRQHandler
                0x08000958                CAN2_TX_IRQHandler
                0x08000958                TIM5_IRQHandler
                0x08000958                DMA2_Stream7_IRQHandler
                0x08000958                I2C3_EV_IRQHandler
                0x08000958                EXTI9_5_IRQHandler
                0x08000958                RTC_WKUP_IRQHandler
                0x08000958                SPI2_IRQHandler
                0x08000958                OTG_HS_EP1_IN_IRQHandler
                0x08000958                DMA1_Stream0_IRQHandler
                0x08000958                CAN1_TX_IRQHandler
                0x08000958                EXTI4_IRQHandler
                0x08000958                FSMC_IRQHandler
                0x08000958                OTG_HS_EP1_OUT_IRQHandler
                0x08000958                WWDG_IRQHandler
                0x08000958                TIM2_IRQHandler
                0x08000958                OTG_FS_WKUP_IRQHandler
                0x08000958                TIM1_TRG_COM_TIM11_IRQHandler
                0x08000958                OTG_HS_IRQHandler
                0x08000958                EXTI1_IRQHandler
                0x08000958                USART2_IRQHandler
                0x08000958                I2C2_ER_IRQHandler
                0x08000958                DMA2_Stream1_IRQHandler
                0x08000958                CAN1_SCE_IRQHandler
                0x08000958                FLASH_IRQHandler
                0x08000958                DMA2_Stream4_IRQHandler
                0x08000958                USART1_IRQHandler
                0x08000958                SPI3_IRQHandler
                0x08000958                DMA1_Stream4_IRQHandler
                0x08000958                I2C1_ER_IRQHandler
                0x08000958                DMA2_Stream6_IRQHandler
                0x08000958                DMA1_Stream3_IRQHandler
 *fill*         0x0800095a        0x2 
 .text.HAL_Init
                0x0800095c       0x44 ./Drivers/STM32F4xx_HAL_Driver/Src/stm32f4xx_hal.o
                0x0800095c                HAL_Init
 .text.HAL_InitTick
                0x080009a0       0x60 ./Drivers/STM32F4xx_HAL_Driver/Src/stm32f4xx_hal.o
                0x080009a0                HAL_InitTick
 .text.HAL_IncTick
                0x08000a00       0x28 ./Drivers/STM32F4xx_HAL_Driver/Src/stm32f4xx_hal.o
                0x08000a00                HAL_IncTick
 .text.HAL_GetTick
                0x08000a28       0x18 ./Drivers/STM32F4xx_HAL_Driver/Src/stm32f4xx_hal.o
                0x08000a28                HAL_GetTick
 .text.HAL_Delay
                0x08000a40       0x48 ./Drivers/STM32F4xx_HAL_Driver/Src/stm32f4xx_hal.o
                0x08000a40                HAL_Delay
 .text.__NVIC_SetPriorityGrouping
                0x08000a88       0x48 ./Drivers/STM32F4xx_HAL_Driver/Src/stm32f4xx_hal_cortex.o
 .text.__NVIC_GetPriorityGrouping
                0x08000ad0       0x1c ./Drivers/STM32F4xx_HAL_Driver/Src/stm32f4xx_hal_cortex.o
 .text.__NVIC_EnableIRQ
                0x08000aec       0x3c ./Drivers/STM32F4xx_HAL_Driver/Src/stm32f4xx_hal_cortex.o
 .text.__NVIC_SetPriority
                0x08000b28       0x54 ./Drivers/STM32F4xx_HAL_Driver/Src/stm32f4xx_hal_cortex.o
 .text.NVIC_EncodePriority
                0x08000b7c       0x66 ./Drivers/STM32F4xx_HAL_Driver/Src/stm32f4xx_hal_cortex.o
 *fill*         0x08000be2        0x2 
 .text.SysTick_Config
                0x08000be4       0x44 ./Drivers/STM32F4xx_HAL_Driver/Src/stm32f4xx_hal_cortex.o
 .text.HAL_NVIC_SetPriorityGrouping
                0x08000c28       0x16 ./Drivers/STM32F4xx_HAL_Driver/Src/stm32f4xx_hal_cortex.o
                0x08000c28                HAL_NVIC_SetPriorityGrouping
 .text.HAL_NVIC_SetPriority
                0x08000c3e       0x38 ./Drivers/STM32F4xx_HAL_Driver/Src/stm32f4xx_hal_cortex.o
                0x08000c3e                HAL_NVIC_SetPriority
 .text.HAL_NVIC_EnableIRQ
                0x08000c76       0x1c ./Drivers/STM32F4xx_HAL_Driver/Src/stm32f4xx_hal_cortex.o
                0x08000c76                HAL_NVIC_EnableIRQ
 .text.HAL_SYSTICK_Config
                0x08000c92       0x18 ./Drivers/STM32F4xx_HAL_Driver/Src/stm32f4xx_hal_cortex.o
                0x08000c92                HAL_SYSTICK_Config
 *fill*         0x08000caa        0x2 
 .text.HAL_GPIO_Init
                0x08000cac      0x338 ./Drivers/STM32F4xx_HAL_Driver/Src/stm32f4xx_hal_gpio.o
                0x08000cac                HAL_GPIO_Init
 .text.HAL_PCD_Init
                0x08000fe4      0x21e ./Drivers/STM32F4xx_HAL_Driver/Src/stm32f4xx_hal_pcd.o
                0x08000fe4                HAL_PCD_Init
 .text.HAL_PCD_Start
                0x08001202       0x6a ./Drivers/STM32F4xx_HAL_Driver/Src/stm32f4xx_hal_pcd.o
                0x08001202                HAL_PCD_Start
 .text.HAL_PCD_IRQHandler
                0x0800126c      0x942 ./Drivers/STM32F4xx_HAL_Driver/Src/stm32f4xx_hal_pcd.o
                0x0800126c                HAL_PCD_IRQHandler
 .text.HAL_PCD_SetAddress
                0x08001bae       0x48 ./Drivers/STM32F4xx_HAL_Driver/Src/stm32f4xx_hal_pcd.o
                0x08001bae                HAL_PCD_SetAddress
 .text.HAL_PCD_EP_Open
                0x08001bf6       0xd4 ./Drivers/STM32F4xx_HAL_Driver/Src/stm32f4xx_hal_pcd.o
                0x08001bf6                HAL_PCD_EP_Open
 .text.HAL_PCD_EP_Close
                0x08001cca       0x94 ./Drivers/STM32F4xx_HAL_Driver/Src/stm32f4xx_hal_pcd.o
                0x08001cca                HAL_PCD_EP_Close
 .text.HAL_PCD_EP_Receive
                0x08001d5e       0x76 ./Drivers/STM32F4xx_HAL_Driver/Src/stm32f4xx_hal_pcd.o
                0x08001d5e                HAL_PCD_EP_Receive
 .text.HAL_PCD_EP_Transmit
                0x08001dd4       0x74 ./Drivers/STM32F4xx_HAL_Driver/Src/stm32f4xx_hal_pcd.o
                0x08001dd4                HAL_PCD_EP_Transmit
 .text.HAL_PCD_EP_SetStall
                0x08001e48       0xc6 ./Drivers/STM32F4xx_HAL_Driver/Src/stm32f4xx_hal_pcd.o
                0x08001e48                HAL_PCD_EP_SetStall
 .text.HAL_PCD_EP_ClrStall
                0x08001f0e       0xac ./Drivers/STM32F4xx_HAL_Driver/Src/stm32f4xx_hal_pcd.o
                0x08001f0e                HAL_PCD_EP_ClrStall
 .text.HAL_PCD_EP_Abort
                0x08001fba       0x62 ./Drivers/STM32F4xx_HAL_Driver/Src/stm32f4xx_hal_pcd.o
                0x08001fba                HAL_PCD_EP_Abort
 .text.PCD_WriteEmptyTxFifo
                0x0800201c      0x118 ./Drivers/STM32F4xx_HAL_Driver/Src/stm32f4xx_hal_pcd.o
 .text.PCD_EP_OutXfrComplete_int
                0x08002134      0x1d0 ./Drivers/STM32F4xx_HAL_Driver/Src/stm32f4xx_hal_pcd.o
 .text.PCD_EP_OutSetupPacket_int
                0x08002304       0x8c ./Drivers/STM32F4xx_HAL_Driver/Src/stm32f4xx_hal_pcd.o
 .text.HAL_PCDEx_SetTxFiFo
                0x08002390       0x8e ./Drivers/STM32F4xx_HAL_Driver/Src/stm32f4xx_hal_pcd_ex.o
                0x08002390                HAL_PCDEx_SetTxFiFo
 .text.HAL_PCDEx_SetRxFiFo
                0x0800241e       0x22 ./Drivers/STM32F4xx_HAL_Driver/Src/stm32f4xx_hal_pcd_ex.o
                0x0800241e                HAL_PCDEx_SetRxFiFo
 .text.HAL_PCDEx_LPM_Callback
                0x08002440       0x18 ./Drivers/STM32F4xx_HAL_Driver/Src/stm32f4xx_hal_pcd_ex.o
                0x08002440                HAL_PCDEx_LPM_Callback
 .text.HAL_RCC_OscConfig
                0x08002458      0x4f0 ./Drivers/STM32F4xx_HAL_Driver/Src/stm32f4xx_hal_rcc.o
                0x08002458                HAL_RCC_OscConfig
 .text.HAL_RCC_ClockConfig
                0x08002948      0x1cc ./Drivers/STM32F4xx_HAL_Driver/Src/stm32f4xx_hal_rcc.o
                0x08002948                HAL_RCC_ClockConfig
 .text.HAL_RCC_GetSysClockFreq
                0x08002b14      0x20c ./Drivers/STM32F4xx_HAL_Driver/Src/stm32f4xx_hal_rcc.o
                0x08002b14                HAL_RCC_GetSysClockFreq
 .text.HAL_RCC_GetHCLKFreq
                0x08002d20       0x18 ./Drivers/STM32F4xx_HAL_Driver/Src/stm32f4xx_hal_rcc.o
                0x08002d20                HAL_RCC_GetHCLKFreq
 .text.HAL_TIM_Encoder_Init
                0x08002d38      0x14c ./Drivers/STM32F4xx_HAL_Driver/Src/stm32f4xx_hal_tim.o
                0x08002d38                HAL_TIM_Encoder_Init
 .text.HAL_TIM_Encoder_Start_IT
                0x08002e84      0x15c ./Drivers/STM32F4xx_HAL_Driver/Src/stm32f4xx_hal_tim.o
                0x08002e84                HAL_TIM_Encoder_Start_IT
 .text.HAL_TIM_IRQHandler
                0x08002fe0      0x1e0 ./Drivers/STM32F4xx_HAL_Driver/Src/stm32f4xx_hal_tim.o
                0x08002fe0                HAL_TIM_IRQHandler
 .text.HAL_TIM_PeriodElapsedCallback
                0x080031c0       0x14 ./Drivers/STM32F4xx_HAL_Driver/Src/stm32f4xx_hal_tim.o
                0x080031c0                HAL_TIM_PeriodElapsedCallback
 .text.HAL_TIM_OC_DelayElapsedCallback
                0x080031d4       0x14 ./Drivers/STM32F4xx_HAL_Driver/Src/stm32f4xx_hal_tim.o
                0x080031d4                HAL_TIM_OC_DelayElapsedCallback
 .text.HAL_TIM_PWM_PulseFinishedCallback
                0x080031e8       0x14 ./Drivers/STM32F4xx_HAL_Driver/Src/stm32f4xx_hal_tim.o
                0x080031e8                HAL_TIM_PWM_PulseFinishedCallback
 .text.HAL_TIM_TriggerCallback
                0x080031fc       0x14 ./Drivers/STM32F4xx_HAL_Driver/Src/stm32f4xx_hal_tim.o
                0x080031fc                HAL_TIM_TriggerCallback
 .text.TIM_Base_SetConfig
                0x08003210      0x158 ./Drivers/STM32F4xx_HAL_Driver/Src/stm32f4xx_hal_tim.o
                0x08003210                TIM_Base_SetConfig
 .text.TIM_CCxChannelCmd
                0x08003368       0x4a ./Drivers/STM32F4xx_HAL_Driver/Src/stm32f4xx_hal_tim.o
                0x08003368                TIM_CCxChannelCmd
 *fill*         0x080033b2        0x2 
 .text.HAL_TIMEx_MasterConfigSynchronization
                0x080033b4       0xf8 ./Drivers/STM32F4xx_HAL_Driver/Src/stm32f4xx_hal_tim_ex.o
                0x080033b4                HAL_TIMEx_MasterConfigSynchronization
 .text.HAL_TIMEx_CommutCallback
                0x080034ac       0x14 ./Drivers/STM32F4xx_HAL_Driver/Src/stm32f4xx_hal_tim_ex.o
                0x080034ac                HAL_TIMEx_CommutCallback
 .text.HAL_TIMEx_BreakCallback
                0x080034c0       0x14 ./Drivers/STM32F4xx_HAL_Driver/Src/stm32f4xx_hal_tim_ex.o
                0x080034c0                HAL_TIMEx_BreakCallback
 .text.USB_CoreInit
                0x080034d4       0xc8 ./Drivers/STM32F4xx_HAL_Driver/Src/stm32f4xx_ll_usb.o
                0x080034d4                USB_CoreInit
 .text.USB_SetTurnaroundTime
                0x0800359c      0x144 ./Drivers/STM32F4xx_HAL_Driver/Src/stm32f4xx_ll_usb.o
                0x0800359c                USB_SetTurnaroundTime
 .text.USB_EnableGlobalInt
                0x080036e0       0x22 ./Drivers/STM32F4xx_HAL_Driver/Src/stm32f4xx_ll_usb.o
                0x080036e0                USB_EnableGlobalInt
 .text.USB_DisableGlobalInt
                0x08003702       0x22 ./Drivers/STM32F4xx_HAL_Driver/Src/stm32f4xx_ll_usb.o
                0x08003702                USB_DisableGlobalInt
 .text.USB_SetCurrentMode
                0x08003724       0x98 ./Drivers/STM32F4xx_HAL_Driver/Src/stm32f4xx_ll_usb.o
                0x08003724                USB_SetCurrentMode
 .text.USB_DevInit
                0x080037bc      0x2c8 ./Drivers/STM32F4xx_HAL_Driver/Src/stm32f4xx_ll_usb.o
                0x080037bc                USB_DevInit
 .text.USB_FlushTxFifo
                0x08003a84       0x64 ./Drivers/STM32F4xx_HAL_Driver/Src/stm32f4xx_ll_usb.o
                0x08003a84                USB_FlushTxFifo
 .text.USB_FlushRxFifo
                0x08003ae8       0x5c ./Drivers/STM32F4xx_HAL_Driver/Src/stm32f4xx_ll_usb.o
                0x08003ae8                USB_FlushRxFifo
 .text.USB_SetDevSpeed
                0x08003b44       0x32 ./Drivers/STM32F4xx_HAL_Driver/Src/stm32f4xx_ll_usb.o
                0x08003b44                USB_SetDevSpeed
 .text.USB_GetDevSpeed
                0x08003b76       0x4a ./Drivers/STM32F4xx_HAL_Driver/Src/stm32f4xx_ll_usb.o
                0x08003b76                USB_GetDevSpeed
 .text.USB_ActivateEndpoint
                0x08003bc0      0x10e ./Drivers/STM32F4xx_HAL_Driver/Src/stm32f4xx_ll_usb.o
                0x08003bc0                USB_ActivateEndpoint
 *fill*         0x08003cce        0x2 
 .text.USB_DeactivateEndpoint
                0x08003cd0      0x1b8 ./Drivers/STM32F4xx_HAL_Driver/Src/stm32f4xx_ll_usb.o
                0x08003cd0                USB_DeactivateEndpoint
 .text.USB_EPStartXfer
                0x08003e88      0x53c ./Drivers/STM32F4xx_HAL_Driver/Src/stm32f4xx_ll_usb.o
                0x08003e88                USB_EPStartXfer
 .text.USB_EPStopXfer
                0x080043c4      0x154 ./Drivers/STM32F4xx_HAL_Driver/Src/stm32f4xx_ll_usb.o
                0x080043c4                USB_EPStopXfer
 .text.USB_WritePacket
                0x08004518       0x7c ./Drivers/STM32F4xx_HAL_Driver/Src/stm32f4xx_ll_usb.o
                0x08004518                USB_WritePacket
 .text.USB_ReadPacket
                0x08004594       0xb0 ./Drivers/STM32F4xx_HAL_Driver/Src/stm32f4xx_ll_usb.o
                0x08004594                USB_ReadPacket
 .text.USB_EPSetStall
                0x08004644       0xdc ./Drivers/STM32F4xx_HAL_Driver/Src/stm32f4xx_ll_usb.o
                0x08004644                USB_EPSetStall
 .text.USB_EPClearStall
                0x08004720       0xcc ./Drivers/STM32F4xx_HAL_Driver/Src/stm32f4xx_ll_usb.o
                0x08004720                USB_EPClearStall
 .text.USB_SetDevAddress
                0x080047ec       0x4c ./Drivers/STM32F4xx_HAL_Driver/Src/stm32f4xx_ll_usb.o
                0x080047ec                USB_SetDevAddress
 .text.USB_DevConnect
                0x08004838       0x42 ./Drivers/STM32F4xx_HAL_Driver/Src/stm32f4xx_ll_usb.o
                0x08004838                USB_DevConnect
 .text.USB_DevDisconnect
                0x0800487a       0x42 ./Drivers/STM32F4xx_HAL_Driver/Src/stm32f4xx_ll_usb.o
                0x0800487a                USB_DevDisconnect
 .text.USB_ReadInterrupts
                0x080048bc       0x26 ./Drivers/STM32F4xx_HAL_Driver/Src/stm32f4xx_ll_usb.o
                0x080048bc                USB_ReadInterrupts
 .text.USB_ReadDevAllOutEpInterrupt
                0x080048e2       0x34 ./Drivers/STM32F4xx_HAL_Driver/Src/stm32f4xx_ll_usb.o
                0x080048e2                USB_ReadDevAllOutEpInterrupt
 .text.USB_ReadDevAllInEpInterrupt
                0x08004916       0x34 ./Drivers/STM32F4xx_HAL_Driver/Src/stm32f4xx_ll_usb.o
                0x08004916                USB_ReadDevAllInEpInterrupt
 .text.USB_ReadDevOutEPInterrupt
                0x0800494a       0x3c ./Drivers/STM32F4xx_HAL_Driver/Src/stm32f4xx_ll_usb.o
                0x0800494a                USB_ReadDevOutEPInterrupt
 .text.USB_ReadDevInEPInterrupt
                0x08004986       0x5c ./Drivers/STM32F4xx_HAL_Driver/Src/stm32f4xx_ll_usb.o
                0x08004986                USB_ReadDevInEPInterrupt
 .text.USB_GetMode
                0x080049e2       0x1c ./Drivers/STM32F4xx_HAL_Driver/Src/stm32f4xx_ll_usb.o
                0x080049e2                USB_GetMode
 .text.USB_ActivateSetup
                0x080049fe       0x46 ./Drivers/STM32F4xx_HAL_Driver/Src/stm32f4xx_ll_usb.o
                0x080049fe                USB_ActivateSetup
 .text.USB_EP0_OutStart
                0x08004a44       0xbc ./Drivers/STM32F4xx_HAL_Driver/Src/stm32f4xx_ll_usb.o
                0x08004a44                USB_EP0_OutStart
 .text.USB_CoreReset
                0x08004b00       0x62 ./Drivers/STM32F4xx_HAL_Driver/Src/stm32f4xx_ll_usb.o
 *fill*         0x08004b62        0x2 
 .text.USBD_CUSTOM_HID_Init
                0x08004b64      0x154 ./Middlewares/ST/STM32_USB_Device_Library/Class/CustomHID/Src/usbd_customhid.o
 .text.USBD_CUSTOM_HID_DeInit
                0x08004cb8       0xf4 ./Middlewares/ST/STM32_USB_Device_Library/Class/CustomHID/Src/usbd_customhid.o
 .text.USBD_CUSTOM_HID_Setup
                0x08004dac      0x248 ./Middlewares/ST/STM32_USB_Device_Library/Class/CustomHID/Src/usbd_customhid.o
 .text.USBD_CUSTOM_HID_SendReport
                0x08004ff4       0x64 ./Middlewares/ST/STM32_USB_Device_Library/Class/CustomHID/Src/usbd_customhid.o
                0x08004ff4                USBD_CUSTOM_HID_SendReport
 .text.USBD_CUSTOM_HID_GetFSCfgDesc
                0x08005058       0x64 ./Middlewares/ST/STM32_USB_Device_Library/Class/CustomHID/Src/usbd_customhid.o
 .text.USBD_CUSTOM_HID_GetHSCfgDesc
                0x080050bc       0x64 ./Middlewares/ST/STM32_USB_Device_Library/Class/CustomHID/Src/usbd_customhid.o
 .text.USBD_CUSTOM_HID_GetOtherSpeedCfgDesc
                0x08005120       0x64 ./Middlewares/ST/STM32_USB_Device_Library/Class/CustomHID/Src/usbd_customhid.o
 .text.USBD_CUSTOM_HID_DataIn
                0x08005184       0x2c ./Middlewares/ST/STM32_USB_Device_Library/Class/CustomHID/Src/usbd_customhid.o
 .text.USBD_CUSTOM_HID_DataOut
                0x080051b0       0x5a ./Middlewares/ST/STM32_USB_Device_Library/Class/CustomHID/Src/usbd_customhid.o
 *fill*         0x0800520a        0x2 
 .text.USBD_CUSTOM_HID_ReceivePacket
                0x0800520c       0x4c ./Middlewares/ST/STM32_USB_Device_Library/Class/CustomHID/Src/usbd_customhid.o
                0x0800520c                USBD_CUSTOM_HID_ReceivePacket
 .text.USBD_CUSTOM_HID_EP0_RxReady
                0x08005258       0x58 ./Middlewares/ST/STM32_USB_Device_Library/Class/CustomHID/Src/usbd_customhid.o
 .text.USBD_CUSTOM_HID_GetDeviceQualifierDesc
                0x080052b0       0x20 ./Middlewares/ST/STM32_USB_Device_Library/Class/CustomHID/Src/usbd_customhid.o
 .text.USBD_CUSTOM_HID_RegisterInterface
                0x080052d0       0x34 ./Middlewares/ST/STM32_USB_Device_Library/Class/CustomHID/Src/usbd_customhid.o
                0x080052d0                USBD_CUSTOM_HID_RegisterInterface
 .text.USBD_Init
                0x08005304       0x60 ./Middlewares/ST/STM32_USB_Device_Library/Core/Src/usbd_core.o
                0x08005304                USBD_Init
 .text.USBD_RegisterClass
                0x08005364       0x6c ./Middlewares/ST/STM32_USB_Device_Library/Core/Src/usbd_core.o
                0x08005364                USBD_RegisterClass
 .text.USBD_Start
                0x080053d0       0x18 ./Middlewares/ST/STM32_USB_Device_Library/Core/Src/usbd_core.o
                0x080053d0                USBD_Start
 .text.USBD_RunTestMode
                0x080053e8       0x16 ./Middlewares/ST/STM32_USB_Device_Library/Core/Src/usbd_core.o
                0x080053e8                USBD_RunTestMode
 .text.USBD_SetClassConfig
                0x080053fe       0x38 ./Middlewares/ST/STM32_USB_Device_Library/Core/Src/usbd_core.o
                0x080053fe                USBD_SetClassConfig
 .text.USBD_ClrClassConfig
                0x08005436       0x34 ./Middlewares/ST/STM32_USB_Device_Library/Core/Src/usbd_core.o
                0x08005436                USBD_ClrClassConfig
 .text.USBD_LL_SetupStage
                0x0800546a       0xaa ./Middlewares/ST/STM32_USB_Device_Library/Core/Src/usbd_core.o
                0x0800546a                USBD_LL_SetupStage
 .text.USBD_LL_DataOutStage
                0x08005514      0x166 ./Middlewares/ST/STM32_USB_Device_Library/Core/Src/usbd_core.o
                0x08005514                USBD_LL_DataOutStage
 .text.USBD_LL_DataInStage
                0x0800567a      0x164 ./Middlewares/ST/STM32_USB_Device_Library/Core/Src/usbd_core.o
                0x0800567a                USBD_LL_DataInStage
 .text.USBD_LL_Reset
                0x080057de       0xa4 ./Middlewares/ST/STM32_USB_Device_Library/Core/Src/usbd_core.o
                0x080057de                USBD_LL_Reset
 .text.USBD_LL_SetSpeed
                0x08005882       0x20 ./Middlewares/ST/STM32_USB_Device_Library/Core/Src/usbd_core.o
                0x08005882                USBD_LL_SetSpeed
 .text.USBD_LL_Suspend
                0x080058a2       0x38 ./Middlewares/ST/STM32_USB_Device_Library/Core/Src/usbd_core.o
                0x080058a2                USBD_LL_Suspend
 .text.USBD_LL_Resume
                0x080058da       0x30 ./Middlewares/ST/STM32_USB_Device_Library/Core/Src/usbd_core.o
                0x080058da                USBD_LL_Resume
 .text.USBD_LL_SOF
                0x0800590a       0x40 ./Middlewares/ST/STM32_USB_Device_Library/Core/Src/usbd_core.o
                0x0800590a                USBD_LL_SOF
 .text.USBD_LL_IsoINIncomplete
                0x0800594a       0x64 ./Middlewares/ST/STM32_USB_Device_Library/Core/Src/usbd_core.o
                0x0800594a                USBD_LL_IsoINIncomplete
 .text.USBD_LL_IsoOUTIncomplete
                0x080059ae       0x64 ./Middlewares/ST/STM32_USB_Device_Library/Core/Src/usbd_core.o
                0x080059ae                USBD_LL_IsoOUTIncomplete
 .text.USBD_LL_DevConnected
                0x08005a12       0x16 ./Middlewares/ST/STM32_USB_Device_Library/Core/Src/usbd_core.o
                0x08005a12                USBD_LL_DevConnected
 .text.USBD_LL_DevDisconnected
                0x08005a28       0x46 ./Middlewares/ST/STM32_USB_Device_Library/Core/Src/usbd_core.o
                0x08005a28                USBD_LL_DevDisconnected
 .text.USBD_CoreFindIF
                0x08005a6e       0x1a ./Middlewares/ST/STM32_USB_Device_Library/Core/Src/usbd_core.o
                0x08005a6e                USBD_CoreFindIF
 .text.USBD_CoreFindEP
                0x08005a88       0x1a ./Middlewares/ST/STM32_USB_Device_Library/Core/Src/usbd_core.o
                0x08005a88                USBD_CoreFindEP
 .text.USBD_GetEpDesc
                0x08005aa2       0x70 ./Middlewares/ST/STM32_USB_Device_Library/Core/Src/usbd_core.o
                0x08005aa2                USBD_GetEpDesc
 .text.USBD_GetNextDesc
                0x08005b12       0x38 ./Middlewares/ST/STM32_USB_Device_Library/Core/Src/usbd_core.o
                0x08005b12                USBD_GetNextDesc
 .text.SWAPBYTE
                0x08005b4a       0x3e ./Middlewares/ST/STM32_USB_Device_Library/Core/Src/usbd_ctlreq.o
 .text.USBD_StdDevReq
                0x08005b88       0xe4 ./Middlewares/ST/STM32_USB_Device_Library/Core/Src/usbd_ctlreq.o
                0x08005b88                USBD_StdDevReq
 .text.USBD_StdItfReq
                0x08005c6c       0xd8 ./Middlewares/ST/STM32_USB_Device_Library/Core/Src/usbd_ctlreq.o
                0x08005c6c                USBD_StdItfReq
 .text.USBD_StdEPReq
                0x08005d44      0x33a ./Middlewares/ST/STM32_USB_Device_Library/Core/Src/usbd_ctlreq.o
                0x08005d44                USBD_StdEPReq
 *fill*         0x0800607e        0x2 
 .text.USBD_GetDescriptor
                0x08006080      0x2d4 ./Middlewares/ST/STM32_USB_Device_Library/Core/Src/usbd_ctlreq.o
 .text.USBD_SetAddress
                0x08006354       0x88 ./Middlewares/ST/STM32_USB_Device_Library/Core/Src/usbd_ctlreq.o
 .text.USBD_SetConfig
                0x080063dc      0x154 ./Middlewares/ST/STM32_USB_Device_Library/Core/Src/usbd_ctlreq.o
 .text.USBD_GetConfig
                0x08006530       0x6c ./Middlewares/ST/STM32_USB_Device_Library/Core/Src/usbd_ctlreq.o
 .text.USBD_GetStatus
                0x0800659c       0x68 ./Middlewares/ST/STM32_USB_Device_Library/Core/Src/usbd_ctlreq.o
 .text.USBD_SetFeature
                0x08006604       0x52 ./Middlewares/ST/STM32_USB_Device_Library/Core/Src/usbd_ctlreq.o
 .text.USBD_ClrFeature
                0x08006656       0x44 ./Middlewares/ST/STM32_USB_Device_Library/Core/Src/usbd_ctlreq.o
 .text.USBD_ParseSetupRequest
                0x0800669a       0x74 ./Middlewares/ST/STM32_USB_Device_Library/Core/Src/usbd_ctlreq.o
                0x0800669a                USBD_ParseSetupRequest
 .text.USBD_CtlError
                0x0800670e       0x22 ./Middlewares/ST/STM32_USB_Device_Library/Core/Src/usbd_ctlreq.o
                0x0800670e                USBD_CtlError
 .text.USBD_GetString
                0x08006730       0xa4 ./Middlewares/ST/STM32_USB_Device_Library/Core/Src/usbd_ctlreq.o
                0x08006730                USBD_GetString
 .text.USBD_GetLen
                0x080067d4       0x34 ./Middlewares/ST/STM32_USB_Device_Library/Core/Src/usbd_ctlreq.o
 .text.USBD_CtlSendData
                0x08006808       0x36 ./Middlewares/ST/STM32_USB_Device_Library/Core/Src/usbd_ioreq.o
                0x08006808                USBD_CtlSendData
 .text.USBD_CtlContinueSendData
                0x0800683e       0x22 ./Middlewares/ST/STM32_USB_Device_Library/Core/Src/usbd_ioreq.o
                0x0800683e                USBD_CtlContinueSendData
 .text.USBD_CtlPrepareRx
                0x08006860       0x3a ./Middlewares/ST/STM32_USB_Device_Library/Core/Src/usbd_ioreq.o
                0x08006860                USBD_CtlPrepareRx
 .text.USBD_CtlContinueRx
                0x0800689a       0x22 ./Middlewares/ST/STM32_USB_Device_Library/Core/Src/usbd_ioreq.o
                0x0800689a                USBD_CtlContinueRx
 .text.USBD_CtlSendStatus
                0x080068bc       0x26 ./Middlewares/ST/STM32_USB_Device_Library/Core/Src/usbd_ioreq.o
                0x080068bc                USBD_CtlSendStatus
 .text.USBD_CtlReceiveStatus
                0x080068e2       0x26 ./Middlewares/ST/STM32_USB_Device_Library/Core/Src/usbd_ioreq.o
                0x080068e2                USBD_CtlReceiveStatus
 .text.MX_USB_DEVICE_Init
                0x08006908       0x60 ./USB_DEVICE/App/usb_device.o
                0x08006908                MX_USB_DEVICE_Init
 .text.CUSTOM_HID_Init_FS
                0x08006968       0x10 ./USB_DEVICE/App/usbd_custom_hid_if.o
 .text.CUSTOM_HID_DeInit_FS
                0x08006978       0x10 ./USB_DEVICE/App/usbd_custom_hid_if.o
 .text.CUSTOM_HID_OutEvent_FS
                0x08006988       0x30 ./USB_DEVICE/App/usbd_custom_hid_if.o
 .text.USBD_FS_DeviceDescriptor
                0x080069b8       0x24 ./USB_DEVICE/App/usbd_desc.o
                0x080069b8                USBD_FS_DeviceDescriptor
 .text.USBD_FS_LangIDStrDescriptor
                0x080069dc       0x24 ./USB_DEVICE/App/usbd_desc.o
                0x080069dc                USBD_FS_LangIDStrDescriptor
 .text.USBD_FS_ProductStrDescriptor
                0x08006a00       0x3c ./USB_DEVICE/App/usbd_desc.o
                0x08006a00                USBD_FS_ProductStrDescriptor
 .text.USBD_FS_ManufacturerStrDescriptor
                0x08006a3c       0x28 ./USB_DEVICE/App/usbd_desc.o
                0x08006a3c                USBD_FS_ManufacturerStrDescriptor
 .text.USBD_FS_SerialStrDescriptor
                0x08006a64       0x24 ./USB_DEVICE/App/usbd_desc.o
                0x08006a64                USBD_FS_SerialStrDescriptor
 .text.USBD_FS_ConfigStrDescriptor
                0x08006a88       0x3c ./USB_DEVICE/App/usbd_desc.o
                0x08006a88                USBD_FS_ConfigStrDescriptor
 .text.USBD_FS_InterfaceStrDescriptor
                0x08006ac4       0x3c ./USB_DEVICE/App/usbd_desc.o
                0x08006ac4                USBD_FS_InterfaceStrDescriptor
 .text.Get_SerialNum
                0x08006b00       0x58 ./USB_DEVICE/App/usbd_desc.o
 .text.IntToUnicode
                0x08006b58       0x7e ./USB_DEVICE/App/usbd_desc.o
 *fill*         0x08006bd6        0x2 
 .text.HAL_PCD_MspInit
                0x08006bd8       0xa8 ./USB_DEVICE/Target/usbd_conf.o
                0x08006bd8                HAL_PCD_MspInit
 .text.HAL_PCD_SetupStageCallback
                0x08006c80       0x24 ./USB_DEVICE/Target/usbd_conf.o
                0x08006c80                HAL_PCD_SetupStageCallback
 .text.HAL_PCD_DataOutStageCallback
                0x08006ca4       0x36 ./USB_DEVICE/Target/usbd_conf.o
                0x08006ca4                HAL_PCD_DataOutStageCallback
 .text.HAL_PCD_DataInStageCallback
                0x08006cda       0x34 ./USB_DEVICE/Target/usbd_conf.o
                0x08006cda                HAL_PCD_DataInStageCallback
 .text.HAL_PCD_SOFCallback
                0x08006d0e       0x1c ./USB_DEVICE/Target/usbd_conf.o
                0x08006d0e                HAL_PCD_SOFCallback
 .text.HAL_PCD_ResetCallback
                0x08006d2a       0x50 ./USB_DEVICE/Target/usbd_conf.o
                0x08006d2a                HAL_PCD_ResetCallback
 *fill*         0x08006d7a        0x2 
 .text.HAL_PCD_SuspendCallback
                0x08006d7c       0x4c ./USB_DEVICE/Target/usbd_conf.o
                0x08006d7c                HAL_PCD_SuspendCallback
 .text.HAL_PCD_ResumeCallback
                0x08006dc8       0x1c ./USB_DEVICE/Target/usbd_conf.o
                0x08006dc8                HAL_PCD_ResumeCallback
 .text.HAL_PCD_ISOOUTIncompleteCallback
                0x08006de4       0x24 ./USB_DEVICE/Target/usbd_conf.o
                0x08006de4                HAL_PCD_ISOOUTIncompleteCallback
 .text.HAL_PCD_ISOINIncompleteCallback
                0x08006e08       0x24 ./USB_DEVICE/Target/usbd_conf.o
                0x08006e08                HAL_PCD_ISOINIncompleteCallback
 .text.HAL_PCD_ConnectCallback
                0x08006e2c       0x1c ./USB_DEVICE/Target/usbd_conf.o
                0x08006e2c                HAL_PCD_ConnectCallback
 .text.HAL_PCD_DisconnectCallback
                0x08006e48       0x1c ./USB_DEVICE/Target/usbd_conf.o
                0x08006e48                HAL_PCD_DisconnectCallback
 .text.USBD_LL_Init
                0x08006e64       0x98 ./USB_DEVICE/Target/usbd_conf.o
                0x08006e64                USBD_LL_Init
 .text.USBD_LL_Start
                0x08006efc       0x36 ./USB_DEVICE/Target/usbd_conf.o
                0x08006efc                USBD_LL_Start
 .text.USBD_LL_OpenEP
                0x08006f32       0x4c ./USB_DEVICE/Target/usbd_conf.o
                0x08006f32                USBD_LL_OpenEP
 .text.USBD_LL_CloseEP
                0x08006f7e       0x3e ./USB_DEVICE/Target/usbd_conf.o
                0x08006f7e                USBD_LL_CloseEP
 .text.USBD_LL_StallEP
                0x08006fbc       0x3e ./USB_DEVICE/Target/usbd_conf.o
                0x08006fbc                USBD_LL_StallEP
 .text.USBD_LL_ClearStallEP
                0x08006ffa       0x3e ./USB_DEVICE/Target/usbd_conf.o
                0x08006ffa                USBD_LL_ClearStallEP
 .text.USBD_LL_IsStallEP
                0x08007038       0x58 ./USB_DEVICE/Target/usbd_conf.o
                0x08007038                USBD_LL_IsStallEP
 .text.USBD_LL_SetUSBAddress
                0x08007090       0x3e ./USB_DEVICE/Target/usbd_conf.o
                0x08007090                USBD_LL_SetUSBAddress
 .text.USBD_LL_Transmit
                0x080070ce       0x42 ./USB_DEVICE/Target/usbd_conf.o
                0x080070ce                USBD_LL_Transmit
 .text.USBD_LL_PrepareReceive
                0x08007110       0x42 ./USB_DEVICE/Target/usbd_conf.o
                0x08007110                USBD_LL_PrepareReceive
 *fill*         0x08007152        0x2 
 .text.USBD_static_malloc
                0x08007154       0x1c ./USB_DEVICE/Target/usbd_conf.o
                0x08007154                USBD_static_malloc
 .text.USBD_static_free
                0x08007170       0x14 ./USB_DEVICE/Target/usbd_conf.o
                0x08007170                USBD_static_free
 .text.USBD_Get_USB_Status
                0x08007184       0x58 ./USB_DEVICE/Target/usbd_conf.o
                0x08007184                USBD_Get_USB_Status
 .text.memset   0x080071dc       0x10 C:/ST/STM32CubeIDE_1.18.0/STM32CubeIDE/plugins/com.st.stm32cube.ide.mcu.externaltools.gnu-tools-for-stm32.13.3.rel1.win32_1.0.0.202411081344/tools/bin/../lib/gcc/arm-none-eabi/13.3.1/../../../../arm-none-eabi/lib/thumb/v7e-m+fp/hard\libc_nano.a(libc_a-memset.o)
                0x080071dc                memset
 .text.__libc_init_array
                0x080071ec       0x48 C:/ST/STM32CubeIDE_1.18.0/STM32CubeIDE/plugins/com.st.stm32cube.ide.mcu.externaltools.gnu-tools-for-stm32.13.3.rel1.win32_1.0.0.202411081344/tools/bin/../lib/gcc/arm-none-eabi/13.3.1/../../../../arm-none-eabi/lib/thumb/v7e-m+fp/hard\libc_nano.a(libc_a-init.o)
                0x080071ec                __libc_init_array
 *(.glue_7)
 .glue_7        0x08007234        0x0 linker stubs
 *(.glue_7t)
 .glue_7t       0x08007234        0x0 linker stubs
 *(.eh_frame)
 .eh_frame      0x08007234        0x0 C:/ST/STM32CubeIDE_1.18.0/STM32CubeIDE/plugins/com.st.stm32cube.ide.mcu.externaltools.gnu-tools-for-stm32.13.3.rel1.win32_1.0.0.202411081344/tools/bin/../lib/gcc/arm-none-eabi/13.3.1/thumb/v7e-m+fp/hard/crtbegin.o
 *(.init)
 .init          0x08007234        0x4 C:/ST/STM32CubeIDE_1.18.0/STM32CubeIDE/plugins/com.st.stm32cube.ide.mcu.externaltools.gnu-tools-for-stm32.13.3.rel1.win32_1.0.0.202411081344/tools/bin/../lib/gcc/arm-none-eabi/13.3.1/thumb/v7e-m+fp/hard/crti.o
                0x08007234                _init
 .init          0x08007238        0x8 C:/ST/STM32CubeIDE_1.18.0/STM32CubeIDE/plugins/com.st.stm32cube.ide.mcu.externaltools.gnu-tools-for-stm32.13.3.rel1.win32_1.0.0.202411081344/tools/bin/../lib/gcc/arm-none-eabi/13.3.1/thumb/v7e-m+fp/hard/crtn.o
 *(.fini)
 .fini          0x08007240        0x4 C:/ST/STM32CubeIDE_1.18.0/STM32CubeIDE/plugins/com.st.stm32cube.ide.mcu.externaltools.gnu-tools-for-stm32.13.3.rel1.win32_1.0.0.202411081344/tools/bin/../lib/gcc/arm-none-eabi/13.3.1/thumb/v7e-m+fp/hard/crti.o
                0x08007240                _fini
 .fini          0x08007244        0x8 C:/ST/STM32CubeIDE_1.18.0/STM32CubeIDE/plugins/com.st.stm32cube.ide.mcu.externaltools.gnu-tools-for-stm32.13.3.rel1.win32_1.0.0.202411081344/tools/bin/../lib/gcc/arm-none-eabi/13.3.1/thumb/v7e-m+fp/hard/crtn.o
                0x0800724c                        . = ALIGN (0x4)
                0x0800724c                        _etext = .

.vfp11_veneer   0x0800724c        0x0
 .vfp11_veneer  0x0800724c        0x0 linker stubs

.v4_bx          0x0800724c        0x0
 .v4_bx         0x0800724c        0x0 linker stubs

.iplt           0x0800724c        0x0
 .iplt          0x0800724c        0x0 C:/ST/STM32CubeIDE_1.18.0/STM32CubeIDE/plugins/com.st.stm32cube.ide.mcu.externaltools.gnu-tools-for-stm32.13.3.rel1.win32_1.0.0.202411081344/tools/bin/../lib/gcc/arm-none-eabi/13.3.1/thumb/v7e-m+fp/hard/crtbegin.o

.rodata         0x0800724c       0x70
                0x0800724c                        . = ALIGN (0x4)
 *(.rodata)
 .rodata        0x0800724c       0x5d ./USB_DEVICE/App/usbd_desc.o
 *(.rodata*)
 *fill*         0x080072a9        0x3 
 .rodata.AHBPrescTable
                0x080072ac       0x10 ./Core/Src/system_stm32f4xx.o
                0x080072ac                AHBPrescTable
                0x080072bc                        . = ALIGN (0x4)

.ARM.extab      0x080072bc        0x0
                0x080072bc                        . = ALIGN (0x4)
 *(.ARM.extab* .gnu.linkonce.armextab.*)
                0x080072bc                        . = ALIGN (0x4)

.ARM            0x080072bc        0x8
                0x080072bc                        . = ALIGN (0x4)
                0x080072bc                        __exidx_start = .
 *(.ARM.exidx*)
 .ARM.exidx     0x080072bc        0x8 C:/ST/STM32CubeIDE_1.18.0/STM32CubeIDE/plugins/com.st.stm32cube.ide.mcu.externaltools.gnu-tools-for-stm32.13.3.rel1.win32_1.0.0.202411081344/tools/bin/../lib/gcc/arm-none-eabi/13.3.1/thumb/v7e-m+fp/hard\libgcc.a(_udivmoddi4.o)
                0x080072c4                        __exidx_end = .
                0x080072c4                        . = ALIGN (0x4)

.preinit_array  0x080072c4        0x0
                0x080072c4                        . = ALIGN (0x4)
                0x080072c4                        PROVIDE (__preinit_array_start = .)
 *(.preinit_array*)
                0x080072c4                        PROVIDE (__preinit_array_end = .)
                0x080072c4                        . = ALIGN (0x4)

.init_array     0x080072c4        0x4
                0x080072c4                        . = ALIGN (0x4)
                0x080072c4                        PROVIDE (__init_array_start = .)
 *(SORT_BY_NAME(.init_array.*))
 *(.init_array*)
 .init_array    0x080072c4        0x4 C:/ST/STM32CubeIDE_1.18.0/STM32CubeIDE/plugins/com.st.stm32cube.ide.mcu.externaltools.gnu-tools-for-stm32.13.3.rel1.win32_1.0.0.202411081344/tools/bin/../lib/gcc/arm-none-eabi/13.3.1/thumb/v7e-m+fp/hard/crtbegin.o
                0x080072c8                        PROVIDE (__init_array_end = .)
                0x080072c8                        . = ALIGN (0x4)

.fini_array     0x080072c8        0x4
                0x080072c8                        . = ALIGN (0x4)
                [!provide]                        PROVIDE (__fini_array_start = .)
 *(SORT_BY_NAME(.fini_array.*))
 *(.fini_array*)
 .fini_array    0x080072c8        0x4 C:/ST/STM32CubeIDE_1.18.0/STM32CubeIDE/plugins/com.st.stm32cube.ide.mcu.externaltools.gnu-tools-for-stm32.13.3.rel1.win32_1.0.0.202411081344/tools/bin/../lib/gcc/arm-none-eabi/13.3.1/thumb/v7e-m+fp/hard/crtbegin.o
                [!provide]                        PROVIDE (__fini_array_end = .)
                0x080072cc                        . = ALIGN (0x4)
                0x080072cc                        _sidata = LOADADDR (.data)

.rel.dyn        0x080072cc        0x0
 .rel.iplt      0x080072cc        0x0 C:/ST/STM32CubeIDE_1.18.0/STM32CubeIDE/plugins/com.st.stm32cube.ide.mcu.externaltools.gnu-tools-for-stm32.13.3.rel1.win32_1.0.0.202411081344/tools/bin/../lib/gcc/arm-none-eabi/13.3.1/thumb/v7e-m+fp/hard/crtbegin.o

.data           0x20000000      0x120 load address 0x080072cc
                0x20000000                        . = ALIGN (0x4)
                0x20000000                        _sdata = .
 *(.data)
 *(.data*)
 .data.SystemCoreClock
                0x20000000        0x4 ./Core/Src/system_stm32f4xx.o
                0x20000000                SystemCoreClock
 .data.uwTickPrio
                0x20000004        0x4 ./Drivers/STM32F4xx_HAL_Driver/Src/stm32f4xx_hal.o
                0x20000004                uwTickPrio
 .data.uwTickFreq
                0x20000008        0x1 ./Drivers/STM32F4xx_HAL_Driver/Src/stm32f4xx_hal.o
                0x20000008                uwTickFreq
 *fill*         0x20000009        0x3 
 .data.USBD_CUSTOM_HID
                0x2000000c       0x38 ./Middlewares/ST/STM32_USB_Device_Library/Class/CustomHID/Src/usbd_customhid.o
                0x2000000c                USBD_CUSTOM_HID
 .data.USBD_CUSTOM_HID_CfgDesc
                0x20000044       0x29 ./Middlewares/ST/STM32_USB_Device_Library/Class/CustomHID/Src/usbd_customhid.o
 *fill*         0x2000006d        0x3 
 .data.USBD_CUSTOM_HID_Desc
                0x20000070        0x9 ./Middlewares/ST/STM32_USB_Device_Library/Class/CustomHID/Src/usbd_customhid.o
 *fill*         0x20000079        0x3 
 .data.USBD_CUSTOM_HID_DeviceQualifierDesc
                0x2000007c        0xa ./Middlewares/ST/STM32_USB_Device_Library/Class/CustomHID/Src/usbd_customhid.o
 .data.CUSTOMHIDInEpAdd
                0x20000086        0x1 ./Middlewares/ST/STM32_USB_Device_Library/Class/CustomHID/Src/usbd_customhid.o
 .data.CUSTOMHIDOutEpAdd
                0x20000087        0x1 ./Middlewares/ST/STM32_USB_Device_Library/Class/CustomHID/Src/usbd_customhid.o
 .data.CUSTOM_HID_ReportDesc_FS
                0x20000088       0x37 ./USB_DEVICE/App/usbd_custom_hid_if.o
 *fill*         0x200000bf        0x1 
 .data.USBD_CustomHID_fops_FS
                0x200000c0       0x10 ./USB_DEVICE/App/usbd_custom_hid_if.o
                0x200000c0                USBD_CustomHID_fops_FS
 .data.FS_Desc  0x200000d0       0x1c ./USB_DEVICE/App/usbd_desc.o
                0x200000d0                FS_Desc
 .data.USBD_FS_DeviceDesc
                0x200000ec       0x12 ./USB_DEVICE/App/usbd_desc.o
                0x200000ec                USBD_FS_DeviceDesc
 *fill*         0x200000fe        0x2 
 .data.USBD_LangIDDesc
                0x20000100        0x4 ./USB_DEVICE/App/usbd_desc.o
                0x20000100                USBD_LangIDDesc
 .data.USBD_StringSerial
                0x20000104       0x1a ./USB_DEVICE/App/usbd_desc.o
                0x20000104                USBD_StringSerial
 *(.RamFunc)
 *(.RamFunc*)
                0x20000120                        . = ALIGN (0x4)
 *fill*         0x2000011e        0x2 
                0x20000120                        _edata = .
                0x080073ec                        _siccmram = LOADADDR (.ccmram)

.igot.plt       0x20000120        0x0 load address 0x080073ec
 .igot.plt      0x20000120        0x0 C:/ST/STM32CubeIDE_1.18.0/STM32CubeIDE/plugins/com.st.stm32cube.ide.mcu.externaltools.gnu-tools-for-stm32.13.3.rel1.win32_1.0.0.202411081344/tools/bin/../lib/gcc/arm-none-eabi/13.3.1/thumb/v7e-m+fp/hard/crtbegin.o

.ccmram         0x10000000        0x0 load address 0x080073ec
                0x10000000                        . = ALIGN (0x4)
                0x10000000                        _sccmram = .
 *(.ccmram)
 *(.ccmram*)
                0x10000000                        . = ALIGN (0x4)
                0x10000000                        _eccmram = .
                0x10000000                        . = ALIGN (0x4)

.bss            0x20000120      0xa54
                0x20000120                        _sbss = .
                0x20000120                        __bss_start__ = _sbss
 *(.bss)
 .bss           0x20000120       0x1c C:/ST/STM32CubeIDE_1.18.0/STM32CubeIDE/plugins/com.st.stm32cube.ide.mcu.externaltools.gnu-tools-for-stm32.13.3.rel1.win32_1.0.0.202411081344/tools/bin/../lib/gcc/arm-none-eabi/13.3.1/thumb/v7e-m+fp/hard/crtbegin.o
 *(.bss*)
 .bss.htim3     0x2000013c       0x48 ./Core/Src/main.o
                0x2000013c                htim3
 .bss.reportContainer
                0x20000184        0x8 ./Core/Src/main.o
                0x20000184                reportContainer
 .bss.uwTick    0x2000018c        0x4 ./Drivers/STM32F4xx_HAL_Driver/Src/stm32f4xx_hal.o
                0x2000018c                uwTick
 .bss.cfgidx.0  0x20000190        0x1 ./Middlewares/ST/STM32_USB_Device_Library/Core/Src/usbd_ctlreq.o
 *fill*         0x20000191        0x3 
 .bss.hUsbDeviceFS
                0x20000194      0x2dc ./USB_DEVICE/App/usb_device.o
                0x20000194                hUsbDeviceFS
 .bss.USBD_StrDesc
                0x20000470      0x200 ./USB_DEVICE/App/usbd_desc.o
                0x20000470                USBD_StrDesc
 .bss.hpcd_USB_OTG_FS
                0x20000670      0x4e4 ./USB_DEVICE/Target/usbd_conf.o
                0x20000670                hpcd_USB_OTG_FS
 .bss.mem.0     0x20000b54       0x20 ./USB_DEVICE/Target/usbd_conf.o
 *(COMMON)
                0x20000b74                        . = ALIGN (0x4)
                0x20000b74                        _ebss = .
                0x20000b74                        __bss_end__ = _ebss

._user_heap_stack
                0x20000b74      0x604
                0x20000b78                        . = ALIGN (0x8)
 *fill*         0x20000b74        0x4 
                [!provide]                        PROVIDE (end = .)
                0x20000b78                        PROVIDE (_end = .)
                0x20000d78                        . = (. + _Min_Heap_Size)
 *fill*         0x20000b78      0x200 
                0x20001178                        . = (. + _Min_Stack_Size)
 *fill*         0x20000d78      0x400 
                0x20001178                        . = ALIGN (0x8)

/DISCARD/
 libc.a(*)
 libm.a(*)
 libgcc.a(*)

.ARM.attributes
                0x00000000       0x30
 *(.ARM.attributes)
 .ARM.attributes
                0x00000000       0x22 C:/ST/STM32CubeIDE_1.18.0/STM32CubeIDE/plugins/com.st.stm32cube.ide.mcu.externaltools.gnu-tools-for-stm32.13.3.rel1.win32_1.0.0.202411081344/tools/bin/../lib/gcc/arm-none-eabi/13.3.1/thumb/v7e-m+fp/hard/crti.o
 .ARM.attributes
                0x00000022       0x34 C:/ST/STM32CubeIDE_1.18.0/STM32CubeIDE/plugins/com.st.stm32cube.ide.mcu.externaltools.gnu-tools-for-stm32.13.3.rel1.win32_1.0.0.202411081344/tools/bin/../lib/gcc/arm-none-eabi/13.3.1/thumb/v7e-m+fp/hard/crtbegin.o
 .ARM.attributes
                0x00000056       0x34 ./Core/Src/main.o
 .ARM.attributes
                0x0000008a       0x34 ./Core/Src/stm32f4xx_hal_msp.o
 .ARM.attributes
                0x000000be       0x34 ./Core/Src/stm32f4xx_it.o
 .ARM.attributes
                0x000000f2       0x34 ./Core/Src/system_stm32f4xx.o
 .ARM.attributes
                0x00000126       0x21 ./Core/Startup/startup_stm32f405rgtx.o
 .ARM.attributes
                0x00000147       0x34 ./Drivers/STM32F4xx_HAL_Driver/Src/stm32f4xx_hal.o
 .ARM.attributes
                0x0000017b       0x34 ./Drivers/STM32F4xx_HAL_Driver/Src/stm32f4xx_hal_cortex.o
 .ARM.attributes
                0x000001af       0x34 ./Drivers/STM32F4xx_HAL_Driver/Src/stm32f4xx_hal_gpio.o
 .ARM.attributes
                0x000001e3       0x34 ./Drivers/STM32F4xx_HAL_Driver/Src/stm32f4xx_hal_pcd.o
 .ARM.attributes
                0x00000217       0x34 ./Drivers/STM32F4xx_HAL_Driver/Src/stm32f4xx_hal_pcd_ex.o
 .ARM.attributes
                0x0000024b       0x34 ./Drivers/STM32F4xx_HAL_Driver/Src/stm32f4xx_hal_rcc.o
 .ARM.attributes
                0x0000027f       0x34 ./Drivers/STM32F4xx_HAL_Driver/Src/stm32f4xx_hal_tim.o
 .ARM.attributes
                0x000002b3       0x34 ./Drivers/STM32F4xx_HAL_Driver/Src/stm32f4xx_hal_tim_ex.o
 .ARM.attributes
                0x000002e7       0x34 ./Drivers/STM32F4xx_HAL_Driver/Src/stm32f4xx_ll_usb.o
 .ARM.attributes
                0x0000031b       0x34 ./Middlewares/ST/STM32_USB_Device_Library/Class/CustomHID/Src/usbd_customhid.o
 .ARM.attributes
                0x0000034f       0x34 ./Middlewares/ST/STM32_USB_Device_Library/Core/Src/usbd_core.o
 .ARM.attributes
                0x00000383       0x34 ./Middlewares/ST/STM32_USB_Device_Library/Core/Src/usbd_ctlreq.o
 .ARM.attributes
                0x000003b7       0x34 ./Middlewares/ST/STM32_USB_Device_Library/Core/Src/usbd_ioreq.o
 .ARM.attributes
                0x000003eb       0x34 ./USB_DEVICE/App/usb_device.o
 .ARM.attributes
                0x0000041f       0x34 ./USB_DEVICE/App/usbd_custom_hid_if.o
 .ARM.attributes
                0x00000453       0x34 ./USB_DEVICE/App/usbd_desc.o
 .ARM.attributes
                0x00000487       0x34 ./USB_DEVICE/Target/usbd_conf.o
 .ARM.attributes
                0x000004bb       0x34 C:/ST/STM32CubeIDE_1.18.0/STM32CubeIDE/plugins/com.st.stm32cube.ide.mcu.externaltools.gnu-tools-for-stm32.13.3.rel1.win32_1.0.0.202411081344/tools/bin/../lib/gcc/arm-none-eabi/13.3.1/../../../../arm-none-eabi/lib/thumb/v7e-m+fp/hard\libc_nano.a(libc_a-memset.o)
 .ARM.attributes
                0x000004ef       0x34 C:/ST/STM32CubeIDE_1.18.0/STM32CubeIDE/plugins/com.st.stm32cube.ide.mcu.externaltools.gnu-tools-for-stm32.13.3.rel1.win32_1.0.0.202411081344/tools/bin/../lib/gcc/arm-none-eabi/13.3.1/../../../../arm-none-eabi/lib/thumb/v7e-m+fp/hard\libc_nano.a(libc_a-init.o)
 .ARM.attributes
                0x00000523       0x22 C:/ST/STM32CubeIDE_1.18.0/STM32CubeIDE/plugins/com.st.stm32cube.ide.mcu.externaltools.gnu-tools-for-stm32.13.3.rel1.win32_1.0.0.202411081344/tools/bin/../lib/gcc/arm-none-eabi/13.3.1/thumb/v7e-m+fp/hard\libgcc.a(_aeabi_uldivmod.o)
 .ARM.attributes
                0x00000545       0x34 C:/ST/STM32CubeIDE_1.18.0/STM32CubeIDE/plugins/com.st.stm32cube.ide.mcu.externaltools.gnu-tools-for-stm32.13.3.rel1.win32_1.0.0.202411081344/tools/bin/../lib/gcc/arm-none-eabi/13.3.1/thumb/v7e-m+fp/hard\libgcc.a(_udivmoddi4.o)
 .ARM.attributes
                0x00000579       0x22 C:/ST/STM32CubeIDE_1.18.0/STM32CubeIDE/plugins/com.st.stm32cube.ide.mcu.externaltools.gnu-tools-for-stm32.13.3.rel1.win32_1.0.0.202411081344/tools/bin/../lib/gcc/arm-none-eabi/13.3.1/thumb/v7e-m+fp/hard\libgcc.a(_dvmd_tls.o)
 .ARM.attributes
                0x0000059b       0x22 C:/ST/STM32CubeIDE_1.18.0/STM32CubeIDE/plugins/com.st.stm32cube.ide.mcu.externaltools.gnu-tools-for-stm32.13.3.rel1.win32_1.0.0.202411081344/tools/bin/../lib/gcc/arm-none-eabi/13.3.1/thumb/v7e-m+fp/hard/crtn.o
OUTPUT(SimulareVolan.elf elf32-littlearm)
LOAD linker stubs
LOAD C:/ST/STM32CubeIDE_1.18.0/STM32CubeIDE/plugins/com.st.stm32cube.ide.mcu.externaltools.gnu-tools-for-stm32.13.3.rel1.win32_1.0.0.202411081344/tools/bin/../lib/gcc/arm-none-eabi/13.3.1/../../../../arm-none-eabi/lib/thumb/v7e-m+fp/hard\libc.a
LOAD C:/ST/STM32CubeIDE_1.18.0/STM32CubeIDE/plugins/com.st.stm32cube.ide.mcu.externaltools.gnu-tools-for-stm32.13.3.rel1.win32_1.0.0.202411081344/tools/bin/../lib/gcc/arm-none-eabi/13.3.1/../../../../arm-none-eabi/lib/thumb/v7e-m+fp/hard\libm.a
LOAD C:/ST/STM32CubeIDE_1.18.0/STM32CubeIDE/plugins/com.st.stm32cube.ide.mcu.externaltools.gnu-tools-for-stm32.13.3.rel1.win32_1.0.0.202411081344/tools/bin/../lib/gcc/arm-none-eabi/13.3.1/thumb/v7e-m+fp/hard\libgcc.a

.debug_info     0x00000000    0x1248e
 .debug_info    0x00000000     0x11f4 ./Core/Src/main.o
 .debug_info    0x000011f4      0xc65 ./Core/Src/stm32f4xx_hal_msp.o
 .debug_info    0x00001e59      0xbbd ./Core/Src/stm32f4xx_it.o
 .debug_info    0x00002a16      0x512 ./Core/Src/system_stm32f4xx.o
 .debug_info    0x00002f28       0x30 ./Core/Startup/startup_stm32f405rgtx.o
 .debug_info    0x00002f58      0x932 ./Drivers/STM32F4xx_HAL_Driver/Src/stm32f4xx_hal.o
 .debug_info    0x0000388a      0xd7a ./Drivers/STM32F4xx_HAL_Driver/Src/stm32f4xx_hal_cortex.o
 .debug_info    0x00004604      0x6c3 ./Drivers/STM32F4xx_HAL_Driver/Src/stm32f4xx_hal_gpio.o
 .debug_info    0x00004cc7     0x156f ./Drivers/STM32F4xx_HAL_Driver/Src/stm32f4xx_hal_pcd.o
 .debug_info    0x00006236      0x6ea ./Drivers/STM32F4xx_HAL_Driver/Src/stm32f4xx_hal_pcd_ex.o
 .debug_info    0x00006920      0x8af ./Drivers/STM32F4xx_HAL_Driver/Src/stm32f4xx_hal_rcc.o
 .debug_info    0x000071cf     0x299d ./Drivers/STM32F4xx_HAL_Driver/Src/stm32f4xx_hal_tim.o
 .debug_info    0x00009b6c     0x14db ./Drivers/STM32F4xx_HAL_Driver/Src/stm32f4xx_hal_tim_ex.o
 .debug_info    0x0000b047     0x1993 ./Drivers/STM32F4xx_HAL_Driver/Src/stm32f4xx_ll_usb.o
 .debug_info    0x0000c9da      0xc53 ./Middlewares/ST/STM32_USB_Device_Library/Class/CustomHID/Src/usbd_customhid.o
 .debug_info    0x0000d62d      0xe05 ./Middlewares/ST/STM32_USB_Device_Library/Core/Src/usbd_core.o
 .debug_info    0x0000e432      0xade ./Middlewares/ST/STM32_USB_Device_Library/Core/Src/usbd_ctlreq.o
 .debug_info    0x0000ef10      0x755 ./Middlewares/ST/STM32_USB_Device_Library/Core/Src/usbd_ioreq.o
 .debug_info    0x0000f665      0x6c4 ./USB_DEVICE/App/usb_device.o
 .debug_info    0x0000fd29      0x6b6 ./USB_DEVICE/App/usbd_custom_hid_if.o
 .debug_info    0x000103df      0x458 ./USB_DEVICE/App/usbd_desc.o
 .debug_info    0x00010837     0x1c57 ./USB_DEVICE/Target/usbd_conf.o

.debug_abbrev   0x00000000     0x2f9b
 .debug_abbrev  0x00000000      0x2d8 ./Core/Src/main.o
 .debug_abbrev  0x000002d8      0x1d6 ./Core/Src/stm32f4xx_hal_msp.o
 .debug_abbrev  0x000004ae      0x1e9 ./Core/Src/stm32f4xx_it.o
 .debug_abbrev  0x00000697      0x11a ./Core/Src/system_stm32f4xx.o
 .debug_abbrev  0x000007b1       0x24 ./Core/Startup/startup_stm32f405rgtx.o
 .debug_abbrev  0x000007d5      0x214 ./Drivers/STM32F4xx_HAL_Driver/Src/stm32f4xx_hal.o
 .debug_abbrev  0x000009e9      0x31d ./Drivers/STM32F4xx_HAL_Driver/Src/stm32f4xx_hal_cortex.o
 .debug_abbrev  0x00000d06      0x1d4 ./Drivers/STM32F4xx_HAL_Driver/Src/stm32f4xx_hal_gpio.o
 .debug_abbrev  0x00000eda      0x2b9 ./Drivers/STM32F4xx_HAL_Driver/Src/stm32f4xx_hal_pcd.o
 .debug_abbrev  0x00001193      0x1da ./Drivers/STM32F4xx_HAL_Driver/Src/stm32f4xx_hal_pcd_ex.o
 .debug_abbrev  0x0000136d      0x2b7 ./Drivers/STM32F4xx_HAL_Driver/Src/stm32f4xx_hal_rcc.o
 .debug_abbrev  0x00001624      0x278 ./Drivers/STM32F4xx_HAL_Driver/Src/stm32f4xx_hal_tim.o
 .debug_abbrev  0x0000189c      0x283 ./Drivers/STM32F4xx_HAL_Driver/Src/stm32f4xx_hal_tim_ex.o
 .debug_abbrev  0x00001b1f      0x2b3 ./Drivers/STM32F4xx_HAL_Driver/Src/stm32f4xx_ll_usb.o
 .debug_abbrev  0x00001dd2      0x2d0 ./Middlewares/ST/STM32_USB_Device_Library/Class/CustomHID/Src/usbd_customhid.o
 .debug_abbrev  0x000020a2      0x27c ./Middlewares/ST/STM32_USB_Device_Library/Core/Src/usbd_core.o
 .debug_abbrev  0x0000231e      0x26f ./Middlewares/ST/STM32_USB_Device_Library/Core/Src/usbd_ctlreq.o
 .debug_abbrev  0x0000258d      0x19a ./Middlewares/ST/STM32_USB_Device_Library/Core/Src/usbd_ioreq.o
 .debug_abbrev  0x00002727      0x194 ./USB_DEVICE/App/usb_device.o
 .debug_abbrev  0x000028bb      0x1c0 ./USB_DEVICE/App/usbd_custom_hid_if.o
 .debug_abbrev  0x00002a7b      0x1e1 ./USB_DEVICE/App/usbd_desc.o
 .debug_abbrev  0x00002c5c      0x33f ./USB_DEVICE/Target/usbd_conf.o

.debug_aranges  0x00000000     0x1088
 .debug_aranges
                0x00000000       0x48 ./Core/Src/main.o
 .debug_aranges
                0x00000048       0x30 ./Core/Src/stm32f4xx_hal_msp.o
 .debug_aranges
                0x00000078       0x70 ./Core/Src/stm32f4xx_it.o
 .debug_aranges
                0x000000e8       0x28 ./Core/Src/system_stm32f4xx.o
 .debug_aranges
                0x00000110       0x28 ./Core/Startup/startup_stm32f405rgtx.o
 .debug_aranges
                0x00000138       0xf0 ./Drivers/STM32F4xx_HAL_Driver/Src/stm32f4xx_hal.o
 .debug_aranges
                0x00000228      0x130 ./Drivers/STM32F4xx_HAL_Driver/Src/stm32f4xx_hal_cortex.o
 .debug_aranges
                0x00000358       0x58 ./Drivers/STM32F4xx_HAL_Driver/Src/stm32f4xx_hal_gpio.o
 .debug_aranges
                0x000003b0      0x148 ./Drivers/STM32F4xx_HAL_Driver/Src/stm32f4xx_hal_pcd.o
 .debug_aranges
                0x000004f8       0x38 ./Drivers/STM32F4xx_HAL_Driver/Src/stm32f4xx_hal_pcd_ex.o
 .debug_aranges
                0x00000530       0x88 ./Drivers/STM32F4xx_HAL_Driver/Src/stm32f4xx_hal_rcc.o
 .debug_aranges
                0x000005b8      0x3d0 ./Drivers/STM32F4xx_HAL_Driver/Src/stm32f4xx_hal_tim.o
 .debug_aranges
                0x00000988      0x168 ./Drivers/STM32F4xx_HAL_Driver/Src/stm32f4xx_hal_tim_ex.o
 .debug_aranges
                0x00000af0      0x1a0 ./Drivers/STM32F4xx_HAL_Driver/Src/stm32f4xx_ll_usb.o
 .debug_aranges
                0x00000c90       0x80 ./Middlewares/ST/STM32_USB_Device_Library/Class/CustomHID/Src/usbd_customhid.o
 .debug_aranges
                0x00000d10       0xd8 ./Middlewares/ST/STM32_USB_Device_Library/Core/Src/usbd_core.o
 .debug_aranges
                0x00000de8       0x90 ./Middlewares/ST/STM32_USB_Device_Library/Core/Src/usbd_ctlreq.o
 .debug_aranges
                0x00000e78       0x50 ./Middlewares/ST/STM32_USB_Device_Library/Core/Src/usbd_ioreq.o
 .debug_aranges
                0x00000ec8       0x20 ./USB_DEVICE/App/usb_device.o
 .debug_aranges
                0x00000ee8       0x30 ./USB_DEVICE/App/usbd_custom_hid_if.o
 .debug_aranges
                0x00000f18       0x60 ./USB_DEVICE/App/usbd_desc.o
 .debug_aranges
                0x00000f78      0x110 ./USB_DEVICE/Target/usbd_conf.o

.debug_rnglists
                0x00000000      0xc91
 .debug_rnglists
                0x00000000       0x33 ./Core/Src/main.o
 .debug_rnglists
                0x00000033       0x20 ./Core/Src/stm32f4xx_hal_msp.o
 .debug_rnglists
                0x00000053       0x4f ./Core/Src/stm32f4xx_it.o
 .debug_rnglists
                0x000000a2       0x1a ./Core/Src/system_stm32f4xx.o
 .debug_rnglists
                0x000000bc       0x19 ./Core/Startup/startup_stm32f405rgtx.o
 .debug_rnglists
                0x000000d5       0xaf ./Drivers/STM32F4xx_HAL_Driver/Src/stm32f4xx_hal.o
 .debug_rnglists
                0x00000184       0xe0 ./Drivers/STM32F4xx_HAL_Driver/Src/stm32f4xx_hal_cortex.o
 .debug_rnglists
                0x00000264       0x3f ./Drivers/STM32F4xx_HAL_Driver/Src/stm32f4xx_hal_gpio.o
 .debug_rnglists
                0x000002a3       0xfa ./Drivers/STM32F4xx_HAL_Driver/Src/stm32f4xx_hal_pcd.o
 .debug_rnglists
                0x0000039d       0x26 ./Drivers/STM32F4xx_HAL_Driver/Src/stm32f4xx_hal_pcd_ex.o
 .debug_rnglists
                0x000003c3       0x66 ./Drivers/STM32F4xx_HAL_Driver/Src/stm32f4xx_hal_rcc.o
 .debug_rnglists
                0x00000429      0x31a ./Drivers/STM32F4xx_HAL_Driver/Src/stm32f4xx_hal_tim.o
 .debug_rnglists
                0x00000743      0x125 ./Drivers/STM32F4xx_HAL_Driver/Src/stm32f4xx_hal_tim_ex.o
 .debug_rnglists
                0x00000868      0x147 ./Drivers/STM32F4xx_HAL_Driver/Src/stm32f4xx_ll_usb.o
 .debug_rnglists
                0x000009af       0x5e ./Middlewares/ST/STM32_USB_Device_Library/Class/CustomHID/Src/usbd_customhid.o
 .debug_rnglists
                0x00000a0d       0xa1 ./Middlewares/ST/STM32_USB_Device_Library/Core/Src/usbd_core.o
 .debug_rnglists
                0x00000aae       0x6e ./Middlewares/ST/STM32_USB_Device_Library/Core/Src/usbd_ctlreq.o
 .debug_rnglists
                0x00000b1c       0x37 ./Middlewares/ST/STM32_USB_Device_Library/Core/Src/usbd_ioreq.o
 .debug_rnglists
                0x00000b53       0x13 ./USB_DEVICE/App/usb_device.o
 .debug_rnglists
                0x00000b66       0x1f ./USB_DEVICE/App/usbd_custom_hid_if.o
 .debug_rnglists
                0x00000b85       0x43 ./USB_DEVICE/App/usbd_desc.o
 .debug_rnglists
                0x00000bc8       0xc9 ./USB_DEVICE/Target/usbd_conf.o

.debug_macro    0x00000000    0x217b9
 .debug_macro   0x00000000      0x356 ./Core/Src/main.o
 .debug_macro   0x00000356      0xad8 ./Core/Src/main.o
 .debug_macro   0x00000e2e      0x29b ./Core/Src/main.o
 .debug_macro   0x000010c9       0x2e ./Core/Src/main.o
 .debug_macro   0x000010f7       0x2f ./Core/Src/main.o
 .debug_macro   0x00001126       0x22 ./Core/Src/main.o
 .debug_macro   0x00001148       0x8e ./Core/Src/main.o
 .debug_macro   0x000011d6       0x51 ./Core/Src/main.o
 .debug_macro   0x00001227      0x103 ./Core/Src/main.o
 .debug_macro   0x0000132a       0x6a ./Core/Src/main.o
 .debug_macro   0x00001394      0x1df ./Core/Src/main.o
 .debug_macro   0x00001573       0x1c ./Core/Src/main.o
 .debug_macro   0x0000158f       0x22 ./Core/Src/main.o
 .debug_macro   0x000015b1       0xfb ./Core/Src/main.o
 .debug_macro   0x000016ac     0x1011 ./Core/Src/main.o
 .debug_macro   0x000026bd      0x11f ./Core/Src/main.o
 .debug_macro   0x000027dc    0x1426d ./Core/Src/main.o
 .debug_macro   0x00016a49       0x6d ./Core/Src/main.o
 .debug_macro   0x00016ab6     0x369a ./Core/Src/main.o
 .debug_macro   0x0001a150      0x190 ./Core/Src/main.o
 .debug_macro   0x0001a2e0       0x5c ./Core/Src/main.o
 .debug_macro   0x0001a33c      0x8bc ./Core/Src/main.o
 .debug_macro   0x0001abf8      0x9e9 ./Core/Src/main.o
 .debug_macro   0x0001b5e1      0x115 ./Core/Src/main.o
 .debug_macro   0x0001b6f6      0x130 ./Core/Src/main.o
 .debug_macro   0x0001b826       0xa5 ./Core/Src/main.o
 .debug_macro   0x0001b8cb      0x174 ./Core/Src/main.o
 .debug_macro   0x0001ba3f      0x287 ./Core/Src/main.o
 .debug_macro   0x0001bcc6       0x5f ./Core/Src/main.o
 .debug_macro   0x0001bd25      0x236 ./Core/Src/main.o
 .debug_macro   0x0001bf5b      0x12c ./Core/Src/main.o
 .debug_macro   0x0001c087      0x21e ./Core/Src/main.o
 .debug_macro   0x0001c2a5       0x2e ./Core/Src/main.o
 .debug_macro   0x0001c2d3      0x127 ./Core/Src/main.o
 .debug_macro   0x0001c3fa       0x7e ./Core/Src/main.o
 .debug_macro   0x0001c478       0x89 ./Core/Src/main.o
 .debug_macro   0x0001c501      0x8ed ./Core/Src/main.o
 .debug_macro   0x0001cdee       0x4d ./Core/Src/main.o
 .debug_macro   0x0001ce3b      0x293 ./Core/Src/main.o
 .debug_macro   0x0001d0ce       0xba ./Core/Src/main.o
 .debug_macro   0x0001d188      0x12d ./Core/Src/main.o
 .debug_macro   0x0001d2b5       0x61 ./Core/Src/main.o
 .debug_macro   0x0001d316       0x2a ./Core/Src/main.o
 .debug_macro   0x0001d340       0x43 ./Core/Src/main.o
 .debug_macro   0x0001d383       0x34 ./Core/Src/main.o
 .debug_macro   0x0001d3b7       0x16 ./Core/Src/main.o
 .debug_macro   0x0001d3cd       0x3c ./Core/Src/main.o
 .debug_macro   0x0001d409      0x370 ./Core/Src/main.o
 .debug_macro   0x0001d779       0x10 ./Core/Src/main.o
 .debug_macro   0x0001d789       0x16 ./Core/Src/main.o
 .debug_macro   0x0001d79f       0x4a ./Core/Src/main.o
 .debug_macro   0x0001d7e9       0x34 ./Core/Src/main.o
 .debug_macro   0x0001d81d       0x10 ./Core/Src/main.o
 .debug_macro   0x0001d82d       0x58 ./Core/Src/main.o
 .debug_macro   0x0001d885       0x8e ./Core/Src/main.o
 .debug_macro   0x0001d913       0x1c ./Core/Src/main.o
 .debug_macro   0x0001d92f      0x185 ./Core/Src/main.o
 .debug_macro   0x0001dab4       0x16 ./Core/Src/main.o
 .debug_macro   0x0001daca       0x16 ./Core/Src/main.o
 .debug_macro   0x0001dae0      0x146 ./Core/Src/main.o
 .debug_macro   0x0001dc26       0x16 ./Core/Src/main.o
 .debug_macro   0x0001dc3c       0x16 ./Core/Src/main.o
 .debug_macro   0x0001dc52       0x29 ./Core/Src/main.o
 .debug_macro   0x0001dc7b       0x16 ./Core/Src/main.o
 .debug_macro   0x0001dc91       0x20 ./Core/Src/main.o
 .debug_macro   0x0001dcb1       0x78 ./Core/Src/main.o
 .debug_macro   0x0001dd29      0x20f ./Core/Src/main.o
 .debug_macro   0x0001df38      0x1f2 ./Core/Src/stm32f4xx_hal_msp.o
 .debug_macro   0x0001e12a      0x1fc ./Core/Src/stm32f4xx_it.o
 .debug_macro   0x0001e326      0x1e8 ./Core/Src/system_stm32f4xx.o
 .debug_macro   0x0001e50e      0x248 ./Drivers/STM32F4xx_HAL_Driver/Src/stm32f4xx_hal.o
 .debug_macro   0x0001e756      0x1e8 ./Drivers/STM32F4xx_HAL_Driver/Src/stm32f4xx_hal_cortex.o
 .debug_macro   0x0001e93e      0x1ee ./Drivers/STM32F4xx_HAL_Driver/Src/stm32f4xx_hal_gpio.o
 .debug_macro   0x0001eb2c      0x1f4 ./Drivers/STM32F4xx_HAL_Driver/Src/stm32f4xx_hal_pcd.o
 .debug_macro   0x0001ed20      0x1e8 ./Drivers/STM32F4xx_HAL_Driver/Src/stm32f4xx_hal_pcd_ex.o
 .debug_macro   0x0001ef08      0x20c ./Drivers/STM32F4xx_HAL_Driver/Src/stm32f4xx_hal_rcc.o
 .debug_macro   0x0001f114      0x1e9 ./Drivers/STM32F4xx_HAL_Driver/Src/stm32f4xx_hal_tim.o
 .debug_macro   0x0001f2fd      0x1e8 ./Drivers/STM32F4xx_HAL_Driver/Src/stm32f4xx_hal_tim_ex.o
 .debug_macro   0x0001f4e5      0x1e8 ./Drivers/STM32F4xx_HAL_Driver/Src/stm32f4xx_ll_usb.o
 .debug_macro   0x0001f6cd      0x381 ./Middlewares/ST/STM32_USB_Device_Library/Class/CustomHID/Src/usbd_customhid.o
 .debug_macro   0x0001fa4e       0x9e ./Middlewares/ST/STM32_USB_Device_Library/Class/CustomHID/Src/usbd_customhid.o
 .debug_macro   0x0001faec      0x112 ./Middlewares/ST/STM32_USB_Device_Library/Class/CustomHID/Src/usbd_customhid.o
 .debug_macro   0x0001fbfe       0x56 ./Middlewares/ST/STM32_USB_Device_Library/Class/CustomHID/Src/usbd_customhid.o
 .debug_macro   0x0001fc54       0x65 ./Middlewares/ST/STM32_USB_Device_Library/Class/CustomHID/Src/usbd_customhid.o
 .debug_macro   0x0001fcb9      0x368 ./Middlewares/ST/STM32_USB_Device_Library/Core/Src/usbd_core.o
 .debug_macro   0x00020021      0x215 ./Middlewares/ST/STM32_USB_Device_Library/Core/Src/usbd_core.o
 .debug_macro   0x00020236      0x372 ./Middlewares/ST/STM32_USB_Device_Library/Core/Src/usbd_ctlreq.o
 .debug_macro   0x000205a8      0x36e ./Middlewares/ST/STM32_USB_Device_Library/Core/Src/usbd_ioreq.o
 .debug_macro   0x00020916      0x3a8 ./USB_DEVICE/App/usb_device.o
 .debug_macro   0x00020cbe       0x22 ./USB_DEVICE/App/usb_device.o
 .debug_macro   0x00020ce0      0x387 ./USB_DEVICE/App/usbd_custom_hid_if.o
 .debug_macro   0x00021067      0x3ab ./USB_DEVICE/App/usbd_desc.o
 .debug_macro   0x00021412       0x1c ./USB_DEVICE/App/usbd_desc.o
 .debug_macro   0x0002142e      0x38b ./USB_DEVICE/Target/usbd_conf.o

.debug_line     0x00000000    0x148a9
 .debug_line    0x00000000      0xacd ./Core/Src/main.o
 .debug_line    0x00000acd      0x7c5 ./Core/Src/stm32f4xx_hal_msp.o
 .debug_line    0x00001292      0x854 ./Core/Src/stm32f4xx_it.o
 .debug_line    0x00001ae6      0x7fa ./Core/Src/system_stm32f4xx.o
 .debug_line    0x000022e0       0x7a ./Core/Startup/startup_stm32f405rgtx.o
 .debug_line    0x0000235a      0xa67 ./Drivers/STM32F4xx_HAL_Driver/Src/stm32f4xx_hal.o
 .debug_line    0x00002dc1      0xd37 ./Drivers/STM32F4xx_HAL_Driver/Src/stm32f4xx_hal_cortex.o
 .debug_line    0x00003af8      0xbbf ./Drivers/STM32F4xx_HAL_Driver/Src/stm32f4xx_hal_gpio.o
 .debug_line    0x000046b7     0x14ac ./Drivers/STM32F4xx_HAL_Driver/Src/stm32f4xx_hal_pcd.o
 .debug_line    0x00005b63      0x830 ./Drivers/STM32F4xx_HAL_Driver/Src/stm32f4xx_hal_pcd_ex.o
 .debug_line    0x00006393      0xe76 ./Drivers/STM32F4xx_HAL_Driver/Src/stm32f4xx_hal_rcc.o
 .debug_line    0x00007209     0x37e4 ./Drivers/STM32F4xx_HAL_Driver/Src/stm32f4xx_hal_tim.o
 .debug_line    0x0000a9ed     0x19c7 ./Drivers/STM32F4xx_HAL_Driver/Src/stm32f4xx_hal_tim_ex.o
 .debug_line    0x0000c3b4     0x1d8e ./Drivers/STM32F4xx_HAL_Driver/Src/stm32f4xx_ll_usb.o
 .debug_line    0x0000e142      0xdfe ./Middlewares/ST/STM32_USB_Device_Library/Class/CustomHID/Src/usbd_customhid.o
 .debug_line    0x0000ef40      0xf77 ./Middlewares/ST/STM32_USB_Device_Library/Core/Src/usbd_core.o
 .debug_line    0x0000feb7     0x1154 ./Middlewares/ST/STM32_USB_Device_Library/Core/Src/usbd_ctlreq.o
 .debug_line    0x0001100b      0xa8d ./Middlewares/ST/STM32_USB_Device_Library/Core/Src/usbd_ioreq.o
 .debug_line    0x00011a98      0xa6c ./USB_DEVICE/App/usb_device.o
 .debug_line    0x00012504      0xa61 ./USB_DEVICE/App/usbd_custom_hid_if.o
 .debug_line    0x00012f65      0xb02 ./USB_DEVICE/App/usbd_desc.o
 .debug_line    0x00013a67      0xe42 ./USB_DEVICE/Target/usbd_conf.o

.debug_str      0x00000000    0xc1c0b
 .debug_str     0x00000000    0xc1c0b ./Core/Src/main.o
                              0xbd79a (size before relaxing)
 .debug_str     0x000c1c0b    0xb927e ./Core/Src/stm32f4xx_hal_msp.o
 .debug_str     0x000c1c0b    0xb9017 ./Core/Src/stm32f4xx_it.o
 .debug_str     0x000c1c0b    0xb880f ./Core/Src/system_stm32f4xx.o
 .debug_str     0x000c1c0b       0x88 ./Core/Startup/startup_stm32f405rgtx.o
 .debug_str     0x000c1c0b    0xb9372 ./Drivers/STM32F4xx_HAL_Driver/Src/stm32f4xx_hal.o
 .debug_str     0x000c1c0b    0xb90ee ./Drivers/STM32F4xx_HAL_Driver/Src/stm32f4xx_hal_cortex.o
 .debug_str     0x000c1c0b    0xb898a ./Drivers/STM32F4xx_HAL_Driver/Src/stm32f4xx_hal_gpio.o
 .debug_str     0x000c1c0b    0xb92ed ./Drivers/STM32F4xx_HAL_Driver/Src/stm32f4xx_hal_pcd.o
 .debug_str     0x000c1c0b    0xb8bdd ./Drivers/STM32F4xx_HAL_Driver/Src/stm32f4xx_hal_pcd_ex.o
 .debug_str     0x000c1c0b    0xb8c43 ./Drivers/STM32F4xx_HAL_Driver/Src/stm32f4xx_hal_rcc.o
 .debug_str     0x000c1c0b    0xb9b99 ./Drivers/STM32F4xx_HAL_Driver/Src/stm32f4xx_hal_tim.o
 .debug_str     0x000c1c0b    0xb93a5 ./Drivers/STM32F4xx_HAL_Driver/Src/stm32f4xx_hal_tim_ex.o
 .debug_str     0x000c1c0b    0xb91c8 ./Drivers/STM32F4xx_HAL_Driver/Src/stm32f4xx_ll_usb.o
 .debug_str     0x000c1c0b    0xbd4a9 ./Middlewares/ST/STM32_USB_Device_Library/Class/CustomHID/Src/usbd_customhid.o
 .debug_str     0x000c1c0b    0xbd243 ./Middlewares/ST/STM32_USB_Device_Library/Core/Src/usbd_core.o
 .debug_str     0x000c1c0b    0xbd06e ./Middlewares/ST/STM32_USB_Device_Library/Core/Src/usbd_ctlreq.o
 .debug_str     0x000c1c0b    0xbcf43 ./Middlewares/ST/STM32_USB_Device_Library/Core/Src/usbd_ioreq.o
 .debug_str     0x000c1c0b    0xbd1eb ./USB_DEVICE/App/usb_device.o
 .debug_str     0x000c1c0b    0xbd155 ./USB_DEVICE/App/usbd_custom_hid_if.o
 .debug_str     0x000c1c0b    0xbce58 ./USB_DEVICE/App/usbd_desc.o
 .debug_str     0x000c1c0b    0xbe021 ./USB_DEVICE/Target/usbd_conf.o

.comment        0x00000000       0x43
 .comment       0x00000000       0x43 ./Core/Src/main.o
                                 0x44 (size before relaxing)
 .comment       0x00000043       0x44 ./Core/Src/stm32f4xx_hal_msp.o
 .comment       0x00000043       0x44 ./Core/Src/stm32f4xx_it.o
 .comment       0x00000043       0x44 ./Core/Src/system_stm32f4xx.o
 .comment       0x00000043       0x44 ./Drivers/STM32F4xx_HAL_Driver/Src/stm32f4xx_hal.o
 .comment       0x00000043       0x44 ./Drivers/STM32F4xx_HAL_Driver/Src/stm32f4xx_hal_cortex.o
 .comment       0x00000043       0x44 ./Drivers/STM32F4xx_HAL_Driver/Src/stm32f4xx_hal_gpio.o
 .comment       0x00000043       0x44 ./Drivers/STM32F4xx_HAL_Driver/Src/stm32f4xx_hal_pcd.o
 .comment       0x00000043       0x44 ./Drivers/STM32F4xx_HAL_Driver/Src/stm32f4xx_hal_pcd_ex.o
 .comment       0x00000043       0x44 ./Drivers/STM32F4xx_HAL_Driver/Src/stm32f4xx_hal_rcc.o
 .comment       0x00000043       0x44 ./Drivers/STM32F4xx_HAL_Driver/Src/stm32f4xx_hal_tim.o
 .comment       0x00000043       0x44 ./Drivers/STM32F4xx_HAL_Driver/Src/stm32f4xx_hal_tim_ex.o
 .comment       0x00000043       0x44 ./Drivers/STM32F4xx_HAL_Driver/Src/stm32f4xx_ll_usb.o
 .comment       0x00000043       0x44 ./Middlewares/ST/STM32_USB_Device_Library/Class/CustomHID/Src/usbd_customhid.o
 .comment       0x00000043       0x44 ./Middlewares/ST/STM32_USB_Device_Library/Core/Src/usbd_core.o
 .comment       0x00000043       0x44 ./Middlewares/ST/STM32_USB_Device_Library/Core/Src/usbd_ctlreq.o
 .comment       0x00000043       0x44 ./Middlewares/ST/STM32_USB_Device_Library/Core/Src/usbd_ioreq.o
 .comment       0x00000043       0x44 ./USB_DEVICE/App/usb_device.o
 .comment       0x00000043       0x44 ./USB_DEVICE/App/usbd_custom_hid_if.o
 .comment       0x00000043       0x44 ./USB_DEVICE/App/usbd_desc.o
 .comment       0x00000043       0x44 ./USB_DEVICE/Target/usbd_conf.o

.debug_frame    0x00000000     0x44c0
 .debug_frame   0x00000000       0xdc ./Core/Src/main.o
 .debug_frame   0x000000dc       0x80 ./Core/Src/stm32f4xx_hal_msp.o
 .debug_frame   0x0000015c      0x13c ./Core/Src/stm32f4xx_it.o
 .debug_frame   0x00000298       0x58 ./Core/Src/system_stm32f4xx.o
 .debug_frame   0x000002f0      0x374 ./Drivers/STM32F4xx_HAL_Driver/Src/stm32f4xx_hal.o
 .debug_frame   0x00000664      0x508 ./Drivers/STM32F4xx_HAL_Driver/Src/stm32f4xx_hal_cortex.o
 .debug_frame   0x00000b6c      0x14c ./Drivers/STM32F4xx_HAL_Driver/Src/stm32f4xx_hal_gpio.o
 .debug_frame   0x00000cb8      0x5b8 ./Drivers/STM32F4xx_HAL_Driver/Src/stm32f4xx_hal_pcd.o
 .debug_frame   0x00001270       0xb0 ./Drivers/STM32F4xx_HAL_Driver/Src/stm32f4xx_hal_pcd_ex.o
 .debug_frame   0x00001320      0x1f4 ./Drivers/STM32F4xx_HAL_Driver/Src/stm32f4xx_hal_rcc.o
 .debug_frame   0x00001514     0x11c0 ./Drivers/STM32F4xx_HAL_Driver/Src/stm32f4xx_hal_tim.o
 .debug_frame   0x000026d4      0x638 ./Drivers/STM32F4xx_HAL_Driver/Src/stm32f4xx_hal_tim_ex.o
 .debug_frame   0x00002d0c      0x7c0 ./Drivers/STM32F4xx_HAL_Driver/Src/stm32f4xx_ll_usb.o
 .debug_frame   0x000034cc      0x1f4 ./Middlewares/ST/STM32_USB_Device_Library/Class/CustomHID/Src/usbd_customhid.o
 .debug_frame   0x000036c0      0x390 ./Middlewares/ST/STM32_USB_Device_Library/Core/Src/usbd_core.o
 .debug_frame   0x00003a50      0x23c ./Middlewares/ST/STM32_USB_Device_Library/Core/Src/usbd_ctlreq.o
 .debug_frame   0x00003c8c      0x10c ./Middlewares/ST/STM32_USB_Device_Library/Core/Src/usbd_ioreq.o
 .debug_frame   0x00003d98       0x2c ./USB_DEVICE/App/usb_device.o
 .debug_frame   0x00003dc4       0x74 ./USB_DEVICE/App/usbd_custom_hid_if.o
 .debug_frame   0x00003e38      0x160 ./USB_DEVICE/App/usbd_desc.o
 .debug_frame   0x00003f98      0x47c ./USB_DEVICE/Target/usbd_conf.o
 .debug_frame   0x00004414       0x20 C:/ST/STM32CubeIDE_1.18.0/STM32CubeIDE/plugins/com.st.stm32cube.ide.mcu.externaltools.gnu-tools-for-stm32.13.3.rel1.win32_1.0.0.202411081344/tools/bin/../lib/gcc/arm-none-eabi/13.3.1/../../../../arm-none-eabi/lib/thumb/v7e-m+fp/hard\libc_nano.a(libc_a-memset.o)
 .debug_frame   0x00004434       0x2c C:/ST/STM32CubeIDE_1.18.0/STM32CubeIDE/plugins/com.st.stm32cube.ide.mcu.externaltools.gnu-tools-for-stm32.13.3.rel1.win32_1.0.0.202411081344/tools/bin/../lib/gcc/arm-none-eabi/13.3.1/../../../../arm-none-eabi/lib/thumb/v7e-m+fp/hard\libc_nano.a(libc_a-init.o)
 .debug_frame   0x00004460       0x2c C:/ST/STM32CubeIDE_1.18.0/STM32CubeIDE/plugins/com.st.stm32cube.ide.mcu.externaltools.gnu-tools-for-stm32.13.3.rel1.win32_1.0.0.202411081344/tools/bin/../lib/gcc/arm-none-eabi/13.3.1/thumb/v7e-m+fp/hard\libgcc.a(_aeabi_uldivmod.o)
 .debug_frame   0x0000448c       0x34 C:/ST/STM32CubeIDE_1.18.0/STM32CubeIDE/plugins/com.st.stm32cube.ide.mcu.externaltools.gnu-tools-for-stm32.13.3.rel1.win32_1.0.0.202411081344/tools/bin/../lib/gcc/arm-none-eabi/13.3.1/thumb/v7e-m+fp/hard\libgcc.a(_udivmoddi4.o)

.debug_line_str
                0x00000000       0x6c
 .debug_line_str
                0x00000000       0x6c ./Core/Startup/startup_stm32f405rgtx.o
