Archive member included to satisfy reference by file (symbol)

C:/ST/STM32CubeIDE_1.18.0/STM32CubeIDE/plugins/com.st.stm32cube.ide.mcu.externaltools.gnu-tools-for-stm32.13.3.rel1.win32_1.0.0.202411081344/tools/bin/../lib/gcc/arm-none-eabi/13.3.1/../../../../arm-none-eabi/lib/thumb/v7e-m+fp/hard\libc_nano.a(libc_a-exit.o)
                              C:/ST/STM32CubeIDE_1.18.0/STM32CubeIDE/plugins/com.st.stm32cube.ide.mcu.externaltools.gnu-tools-for-stm32.13.3.rel1.win32_1.0.0.202411081344/tools/bin/../lib/gcc/arm-none-eabi/13.3.1/../../../../arm-none-eabi/lib/thumb/v7e-m+fp/hard/crt0.o (exit)
C:/ST/STM32CubeIDE_1.18.0/STM32CubeIDE/plugins/com.st.stm32cube.ide.mcu.externaltools.gnu-tools-for-stm32.13.3.rel1.win32_1.0.0.202411081344/tools/bin/../lib/gcc/arm-none-eabi/13.3.1/../../../../arm-none-eabi/lib/thumb/v7e-m+fp/hard\libc_nano.a(libc_a-findfp.o)
                              C:/ST/STM32CubeIDE_1.18.0/STM32CubeIDE/plugins/com.st.stm32cube.ide.mcu.externaltools.gnu-tools-for-stm32.13.3.rel1.win32_1.0.0.202411081344/tools/bin/../lib/gcc/arm-none-eabi/13.3.1/../../../../arm-none-eabi/lib/thumb/v7e-m+fp/hard\libc_nano.a(libc_a-exit.o) (__stdio_exit_handler)
C:/ST/STM32CubeIDE_1.18.0/STM32CubeIDE/plugins/com.st.stm32cube.ide.mcu.externaltools.gnu-tools-for-stm32.13.3.rel1.win32_1.0.0.202411081344/tools/bin/../lib/gcc/arm-none-eabi/13.3.1/../../../../arm-none-eabi/lib/thumb/v7e-m+fp/hard\libc_nano.a(libc_a-fwalk.o)
                              C:/ST/STM32CubeIDE_1.18.0/STM32CubeIDE/plugins/com.st.stm32cube.ide.mcu.externaltools.gnu-tools-for-stm32.13.3.rel1.win32_1.0.0.202411081344/tools/bin/../lib/gcc/arm-none-eabi/13.3.1/../../../../arm-none-eabi/lib/thumb/v7e-m+fp/hard\libc_nano.a(libc_a-findfp.o) (_fwalk_sglue)
C:/ST/STM32CubeIDE_1.18.0/STM32CubeIDE/plugins/com.st.stm32cube.ide.mcu.externaltools.gnu-tools-for-stm32.13.3.rel1.win32_1.0.0.202411081344/tools/bin/../lib/gcc/arm-none-eabi/13.3.1/../../../../arm-none-eabi/lib/thumb/v7e-m+fp/hard\libc_nano.a(libc_a-stdio.o)
                              C:/ST/STM32CubeIDE_1.18.0/STM32CubeIDE/plugins/com.st.stm32cube.ide.mcu.externaltools.gnu-tools-for-stm32.13.3.rel1.win32_1.0.0.202411081344/tools/bin/../lib/gcc/arm-none-eabi/13.3.1/../../../../arm-none-eabi/lib/thumb/v7e-m+fp/hard\libc_nano.a(libc_a-findfp.o) (__sread)
C:/ST/STM32CubeIDE_1.18.0/STM32CubeIDE/plugins/com.st.stm32cube.ide.mcu.externaltools.gnu-tools-for-stm32.13.3.rel1.win32_1.0.0.202411081344/tools/bin/../lib/gcc/arm-none-eabi/13.3.1/../../../../arm-none-eabi/lib/thumb/v7e-m+fp/hard\libc_nano.a(libc_a-memset.o)
                              C:/ST/STM32CubeIDE_1.18.0/STM32CubeIDE/plugins/com.st.stm32cube.ide.mcu.externaltools.gnu-tools-for-stm32.13.3.rel1.win32_1.0.0.202411081344/tools/bin/../lib/gcc/arm-none-eabi/13.3.1/../../../../arm-none-eabi/lib/thumb/v7e-m+fp/hard/crt0.o (memset)
C:/ST/STM32CubeIDE_1.18.0/STM32CubeIDE/plugins/com.st.stm32cube.ide.mcu.externaltools.gnu-tools-for-stm32.13.3.rel1.win32_1.0.0.202411081344/tools/bin/../lib/gcc/arm-none-eabi/13.3.1/../../../../arm-none-eabi/lib/thumb/v7e-m+fp/hard\libc_nano.a(libc_a-closer.o)
                              C:/ST/STM32CubeIDE_1.18.0/STM32CubeIDE/plugins/com.st.stm32cube.ide.mcu.externaltools.gnu-tools-for-stm32.13.3.rel1.win32_1.0.0.202411081344/tools/bin/../lib/gcc/arm-none-eabi/13.3.1/../../../../arm-none-eabi/lib/thumb/v7e-m+fp/hard\libc_nano.a(libc_a-stdio.o) (_close_r)
C:/ST/STM32CubeIDE_1.18.0/STM32CubeIDE/plugins/com.st.stm32cube.ide.mcu.externaltools.gnu-tools-for-stm32.13.3.rel1.win32_1.0.0.202411081344/tools/bin/../lib/gcc/arm-none-eabi/13.3.1/../../../../arm-none-eabi/lib/thumb/v7e-m+fp/hard\libc_nano.a(libc_a-reent.o)
                              C:/ST/STM32CubeIDE_1.18.0/STM32CubeIDE/plugins/com.st.stm32cube.ide.mcu.externaltools.gnu-tools-for-stm32.13.3.rel1.win32_1.0.0.202411081344/tools/bin/../lib/gcc/arm-none-eabi/13.3.1/../../../../arm-none-eabi/lib/thumb/v7e-m+fp/hard\libc_nano.a(libc_a-closer.o) (errno)
C:/ST/STM32CubeIDE_1.18.0/STM32CubeIDE/plugins/com.st.stm32cube.ide.mcu.externaltools.gnu-tools-for-stm32.13.3.rel1.win32_1.0.0.202411081344/tools/bin/../lib/gcc/arm-none-eabi/13.3.1/../../../../arm-none-eabi/lib/thumb/v7e-m+fp/hard\libc_nano.a(libc_a-impure.o)
                              C:/ST/STM32CubeIDE_1.18.0/STM32CubeIDE/plugins/com.st.stm32cube.ide.mcu.externaltools.gnu-tools-for-stm32.13.3.rel1.win32_1.0.0.202411081344/tools/bin/../lib/gcc/arm-none-eabi/13.3.1/../../../../arm-none-eabi/lib/thumb/v7e-m+fp/hard\libc_nano.a(libc_a-reent.o) (_impure_ptr)
C:/ST/STM32CubeIDE_1.18.0/STM32CubeIDE/plugins/com.st.stm32cube.ide.mcu.externaltools.gnu-tools-for-stm32.13.3.rel1.win32_1.0.0.202411081344/tools/bin/../lib/gcc/arm-none-eabi/13.3.1/../../../../arm-none-eabi/lib/thumb/v7e-m+fp/hard\libc_nano.a(libc_a-lseekr.o)
[...]
Memory Configuration

Name             Origin             Length             Attributes
CCMRAM           0x10000000         0x00010000         xrw
RAM              0x20000000         0x00020000         xrw
FLASH            0x08000000         0x00100000         xr
*default*        0x00000000         0xffffffff

Linker script and memory map

LOAD C:/ST/STM32CubeIDE_1.18.0/STM32CubeIDE/plugins/com.st.stm32cube.ide.mcu.externaltools.gnu-tools-for-stm32.13.3.rel1.win32_1.0.0.202411081344/tools/bin/../lib/gcc/arm-none-eabi/13.3.1/thumb/v7e-m+fp/hard/crti.o
LOAD C:/ST/STM32CubeIDE_1.18.0/STM32CubeIDE/plugins/com.st.stm32cube.ide.mcu.externaltools.gnu-tools-for-stm32.13.3.rel1.win32_1.0.0.202411081344/tools/bin/../lib/gcc/arm-none-eabi/13.3.1/thumb/v7e-m+fp/hard/crtbegin.o
LOAD C:/ST/STM32CubeIDE_1.18.0/STM32CubeIDE/plugins/com.st.stm32cube.ide.mcu.externaltools.gnu-tools-for-stm32.13.3.rel1.win32_1.0.0.202411081344/tools/bin/../lib/gcc/arm-none-eabi/13.3.1/../../../../arm-none-eabi/lib/thumb/v7e-m+fp/hard/crt0.o
LOAD ./Core/Src/main.o
LOAD ./Core/Src/stm32f4xx_hal_msp.o
LOAD ./Core/Src/stm32f4xx_it.o
LOAD ./Core/Src/syscalls.o
LOAD ./Core/Src/sysmem.o
LOAD ./Core/Src/system_stm32f4xx.o
LOAD ./Core/Startup/startup_stm32f405rgtx.o
LOAD ./Drivers/STM32F4xx_HAL_Driver/Src/stm32f4xx_hal.o
LOAD ./Drivers/STM32F4xx_HAL_Driver/Src/stm32f4xx_hal_cortex.o
LOAD ./Drivers/STM32F4xx_HAL_Driver/Src/stm32f4xx_hal_dma.o
LOAD ./Drivers/STM32F4xx_HAL_Driver/Src/stm32f4xx_hal_dma_ex.o
LOAD ./Drivers/STM32F4xx_HAL_Driver/Src/stm32f4xx_hal_exti.o
LOAD ./Drivers/STM32F4xx_HAL_Driver/Src/stm32f4xx_hal_flash.o
LOAD ./Drivers/STM32F4xx_HAL_Driver/Src/stm32f4xx_hal_flash_ex.o
LOAD ./Drivers/STM32F4xx_HAL_Driver/Src/stm32f4xx_hal_flash_ramfunc.o
LOAD ./Drivers/STM32F4xx_HAL_Driver/Src/stm32f4xx_hal_gpio.o
LOAD ./Drivers/STM32F4xx_HAL_Driver/Src/stm32f4xx_hal_pcd.o
LOAD ./Drivers/STM32F4xx_HAL_Driver/Src/stm32f4xx_hal_pcd_ex.o
LOAD ./Drivers/STM32F4xx_HAL_Driver/Src/stm32f4xx_hal_pwr.o
LOAD ./Drivers/STM32F4xx_HAL_Driver/Src/stm32f4xx_hal_pwr_ex.o
LOAD ./Drivers/STM32F4xx_HAL_Driver/Src/stm32f4xx_hal_rcc.o
LOAD ./Drivers/STM32F4xx_HAL_Driver/Src/stm32f4xx_hal_rcc_ex.o
LOAD ./Drivers/STM32F4xx_HAL_Driver/Src/stm32f4xx_hal_tim.o
LOAD ./Drivers/STM32F4xx_HAL_Driver/Src/stm32f4xx_hal_tim_ex.o
LOAD ./Drivers/STM32F4xx_HAL_Driver/Src/stm32f4xx_ll_usb.o
LOAD ./Middlewares/ST/STM32_USB_Device_Library/Class/CustomHID/Src/usbd_customhid.o
LOAD ./Middlewares/ST/STM32_USB_Device_Library/Core/Src/usbd_core.o
LOAD ./Middlewares/ST/STM32_USB_Device_Library/Core/Src/usbd_ctlreq.o
LOAD ./Middlewares/ST/STM32_USB_Device_Library/Core/Src/usbd_ioreq.o
LOAD ./USB_DEVICE/App/usb_device.o
LOAD ./USB_DEVICE/App/usbd_custom_hid_if.o
LOAD ./USB_DEVICE/App/usbd_desc.o
LOAD ./USB_DEVICE/Target/usbd_conf.o
START GROUP
LOAD C:/ST/STM32CubeIDE_1.18.0/STM32CubeIDE/plugins/com.st.stm32cube.ide.mcu.externaltools.gnu-tools-for-stm32.13.3.rel1.win32_1.0.0.202411081344/tools/bin/../lib/gcc/arm-none-eabi/13.3.1/../../../../arm-none-eabi/lib/thumb/v7e-m+fp/hard\libstdc++_nano.a
LOAD C:/ST/STM32CubeIDE_1.18.0/STM32CubeIDE/plugins/com.st.stm32cube.ide.mcu.externaltools.gnu-tools-for-stm32.13.3.rel1.win32_1.0.0.202411081344/tools/bin/../lib/gcc/arm-none-eabi/13.3.1/../../../../arm-none-eabi/lib/thumb/v7e-m+fp/hard\libsupc++_nano.a
END GROUP
LOAD C:/ST/STM32CubeIDE_1.18.0/STM32CubeIDE/plugins/com.st.stm32cube.ide.mcu.externaltools.gnu-tools-for-stm32.13.3.rel1.win32_1.0.0.202411081344/tools/bin/../lib/gcc/arm-none-eabi/13.3.1/../../../../arm-none-eabi/lib/thumb/v7e-m+fp/hard\libstdc++_nano.a
LOAD C:/ST/STM32CubeIDE_1.18.0/STM32CubeIDE/plugins/com.st.stm32cube.ide.mcu.externaltools.gnu-tools-for-stm32.13.3.rel1.win32_1.0.0.202411081344/tools/bin/../lib/gcc/arm-none-eabi/13.3.1/../../../../arm-none-eabi/lib/thumb/v7e-m+fp/hard\libm.a
LOAD C:/ST/STM32CubeIDE_1.18.0/STM32CubeIDE/plugins/com.st.stm32cube.ide.mcu.externaltools.gnu-tools-for-stm32.13.3.rel1.win32_1.0.0.202411081344/tools/bin/../lib/gcc/arm-none-eabi/13.3.1/../../../../arm-none-eabi/lib/thumb/v7e-m+fp/hard\libc_nano.a
START GROUP
LOAD C:/ST/STM32CubeIDE_1.18.0/STM32CubeIDE/plugins/com.st.stm32cube.ide.mcu.externaltools.gnu-tools-for-stm32.13.3.rel1.win32_1.0.0.202411081344/tools/bin/../lib/gcc/arm-none-eabi/13.3.1/thumb/v7e-m+fp/hard\libgcc.a
LOAD C:/ST/STM32CubeIDE_1.18.0/STM32CubeIDE/plugins/com.st.stm32cube.ide.mcu.externaltools.gnu-tools-for-stm32.13.3.rel1.win32_1.0.0.202411081344/tools/bin/../lib/gcc/arm-none-eabi/13.3.1/../../../../arm-none-eabi/lib/thumb/v7e-m+fp/hard\libc_nano.a
END GROUP
START GROUP
LOAD C:/ST/STM32CubeIDE_1.18.0/STM32CubeIDE/plugins/com.st.stm32cube.ide.mcu.externaltools.gnu-tools-for-stm32.13.3.rel1.win32_1.0.0.202411081344/tools/bin/../lib/gcc/arm-none-eabi/13.3.1/thumb/v7e-m+fp/hard\libgcc.a
LOAD C:/ST/STM32CubeIDE_1.18.0/STM32CubeIDE/plugins/com.st.stm32cube.ide.mcu.externaltools.gnu-tools-for-stm32.13.3.rel1.win32_1.0.0.202411081344/tools/bin/../lib/gcc/arm-none-eabi/13.3.1/../../../../arm-none-eabi/lib/thumb/v7e-m+fp/hard\libc_nano.a
LOAD C:/ST/STM32CubeIDE_1.18.0/STM32CubeIDE/plugins/com.st.stm32cube.ide.mcu.externaltools.gnu-tools-for-stm32.13.3.rel1.win32_1.0.0.202411081344/tools/bin/../lib/gcc/arm-none-eabi/13.3.1/../../../../arm-none-eabi/lib/thumb/v7e-m+fp/hard\libnosys.a
END GROUP
START GROUP
LOAD C:/ST/STM32CubeIDE_1.18.0/STM32CubeIDE/plugins/com.st.stm32cube.ide.mcu.externaltools.gnu-tools-for-stm32.13.3.rel1.win32_1.0.0.202411081344/tools/bin/../lib/gcc/arm-none-eabi/13.3.1/thumb/v7e-m+fp/hard\libgcc.a
LOAD C:/ST/STM32CubeIDE_1.18.0/STM32CubeIDE/plugins/com.st.stm32cube.ide.mcu.externaltools.gnu-tools-for-stm32.13.3.rel1.win32_1.0.0.202411081344/tools/bin/../lib/gcc/arm-none-eabi/13.3.1/../../../../arm-none-eabi/lib/thumb/v7e-m+fp/hard\libc_nano.a
LOAD C:/ST/STM32CubeIDE_1.18.0/STM32CubeIDE/plugins/com.st.stm32cube.ide.mcu.externaltools.gnu-tools-for-stm32.13.3.rel1.win32_1.0.0.202411081344/tools/bin/../lib/gcc/arm-none-eabi/13.3.1/../../../../arm-none-eabi/lib/thumb/v7e-m+fp/hard\libnosys.a
END GROUP
LOAD C:/ST/STM32CubeIDE_1.18.0/STM32CubeIDE/plugins/com.st.stm32cube.ide.mcu.externaltools.gnu-tools-for-stm32.13.3.rel1.win32_1.0.0.202411081344/tools/bin/../lib/gcc/arm-none-eabi/13.3.1/thumb/v7e-m+fp/hard/crtend.o
LOAD C:/ST/STM32CubeIDE_1.18.0/STM32CubeIDE/plugins/com.st.stm32cube.ide.mcu.externaltools.gnu-tools-for-stm32.13.3.rel1.win32_1.0.0.202411081344/tools/bin/../lib/gcc/arm-none-eabi/13.3.1/thumb/v7e-m+fp/hard/crtn.o
                0x20020000                        _estack = (ORIGIN (RAM) + LENGTH (RAM))
                0x00000200                        _Min_Heap_Size = 0x200
                0x00000400                        _Min_Stack_Size = 0x400

.isr_vector     0x08000000      0x188
                0x08000000                        . = ALIGN (0x4)
 *(.isr_vector)
 .isr_vector    0x08000000      0x188 ./Core/Startup/startup_stm32f405rgtx.o
                0x08000000                g_pfnVectors
                0x08000188                        . = ALIGN (0x4)

.text           0x08000188     0x72c0
                0x08000188                        . = ALIGN (0x4)
 *(.text)
 .text          0x08000188       0x40 C:/ST/STM32CubeIDE_1.18.0/STM32CubeIDE/plugins/com.st.stm32cube.ide.mcu.externaltools.gnu-tools-for-stm32.13.3.rel1.win32_1.0.0.202411081344/tools/bin/../lib/gcc/arm-none-eabi/13.3.1/thumb/v7e-m+fp/hard/crtbegin.o
 .text          0x080001c8       0x30 C:/ST/STM32CubeIDE_1.18.0/STM32CubeIDE/plugins/com.st.stm32cube.ide.mcu.externaltools.gnu-tools-for-stm32.13.3.rel1.win32_1.0.0.202411081344/tools/bin/../lib/gcc/arm-none-eabi/13.3.1/thumb/v7e-m+fp/hard\libgcc.a(_aeabi_uldivmod.o)
                0x080001c8                __aeabi_uldivmod
 .text          0x080001f8      0x2f8 C:/ST/STM32CubeIDE_1.18.0/STM32CubeIDE/plugins/com.st.stm32cube.ide.mcu.externaltools.gnu-tools-for-stm32.13.3.rel1.win32_1.0.0.202411081344/tools/bin/../lib/gcc/arm-none-eabi/13.3.1/thumb/v7e-m+fp/hard\libgcc.a(_udivmoddi4.o)
                0x080001f8                __udivmoddi4
 .text          0x080004f0        0x4 C:/ST/STM32CubeIDE_1.18.0/STM32CubeIDE/plugins/com.st.stm32cube.ide.mcu.externaltools.gnu-tools-for-stm32.13.3.rel1.win32_1.0.0.202411081344/tools/bin/../lib/gcc/arm-none-eabi/13.3.1/thumb/v7e-m+fp/hard\libgcc.a(_dvmd_tls.o)
                0x080004f0                __aeabi_idiv0
                0x080004f0                __aeabi_ldiv0
 *(.text*)
 .text.HAL_TIM_IC_CaptureCallback
                0x080004f4       0x24 ./Core/Src/main.o
                0x080004f4                HAL_TIM_IC_CaptureCallback
 .text.main     0x08000518      0x130 ./Core/Src/main.o
                0x08000518                main
 .text.SystemClock_Config
                0x08000648       0xd4 ./Core/Src/main.o
                0x08000648                SystemClock_Config
 .text.MX_TIM3_Init
                0x0800071c       0xa8 ./Core/Src/main.o
 .text.MX_GPIO_Init
                0x080007c4       0x6c ./Core/Src/main.o
 .text.Error_Handler
                0x08000830        0xc ./Core/Src/main.o
                0x08000830                Error_Handler
 .text.HAL_MspInit
                0x0800083c       0x50 ./Core/Src/stm32f4xx_hal_msp.o
                0x0800083c                HAL_MspInit
 .text.HAL_TIM_Encoder_MspInit
                0x0800088c       0xa0 ./Core/Src/stm32f4xx_hal_msp.o
                0x0800088c                HAL_TIM_Encoder_MspInit
 .text.NMI_Handler
                0x0800092c        0x8 ./Core/Src/stm32f4xx_it.o
                0x0800092c                NMI_Handler
 .text.HardFault_Handler
                0x08000934        0x8 ./Core/Src/stm32f4xx_it.o
                0x08000934                HardFault_Handler
 .text.MemManage_Handler
                0x0800093c        0x8 ./Core/Src/stm32f4xx_it.o
                0x0800093c                MemManage_Handler
 .text.BusFault_Handler
                0x08000944        0x8 ./Core/Src/stm32f4xx_it.o
                0x08000944                BusFault_Handler
 .text.UsageFault_Handler
                0x0800094c        0x8 ./Core/Src/stm32f4xx_it.o
                0x0800094c                UsageFault_Handler
 .text.SVC_Handler
                0x08000954        0xe ./Core/Src/stm32f4xx_it.o
                0x08000954                SVC_Handler
 .text.DebugMon_Handler
                0x08000962        0xe ./Core/Src/stm32f4xx_it.o
                0x08000962                DebugMon_Handler
 .text.PendSV_Handler
                0x08000970        0xe ./Core/Src/stm32f4xx_it.o
                0x08000970                PendSV_Handler
 .text.SysTick_Handler
                0x0800097e        0xc ./Core/Src/stm32f4xx_it.o
                0x0800097e                SysTick_Handler
 *fill*         0x0800098a        0x2 
 .text.TIM3_IRQHandler
                0x0800098c       0x14 ./Core/Src/stm32f4xx_it.o
                0x0800098c                TIM3_IRQHandler
 .text.OTG_FS_IRQHandler
                0x080009a0       0x14 ./Core/Src/stm32f4xx_it.o
                0x080009a0                OTG_FS_IRQHandler
 .text.SystemInit
                0x080009b4       0x24 ./Core/Src/system_stm32f4xx.o
                0x080009b4                SystemInit
 .text.Reset_Handler
                0x080009d8       0x50 ./Core/Startup/startup_stm32f405rgtx.o
                0x080009d8                Reset_Handler
 .text.Default_Handler
                0x08000a28        0x2 ./Core/Startup/startup_stm32f405rgtx.o
                0x08000a28                RTC_Alarm_IRQHandler
                0x08000a28                HASH_RNG_IRQHandler
                0x08000a28                EXTI2_IRQHandler
                0x08000a28                TIM8_CC_IRQHandler
                0x08000a28                TIM1_CC_IRQHandler
                0x08000a28                DMA2_Stream5_IRQHandler
                0x08000a28                DMA1_Stream5_IRQHandler
                0x08000a28                PVD_IRQHandler
                0x08000a28                SDIO_IRQHandler
                0x08000a28                TAMP_STAMP_IRQHandler
                0x08000a28                CAN2_RX1_IRQHandler
                0x08000a28                EXTI3_IRQHandler
                0x08000a28                TIM8_TRG_COM_TIM14_IRQHandler
                0x08000a28                TIM1_UP_TIM10_IRQHandler
                0x08000a28                TIM8_UP_TIM13_IRQHandler
                0x08000a28                I2C3_ER_IRQHandler
                0x08000a28                EXTI0_IRQHandler
                0x08000a28                I2C2_EV_IRQHandler
                0x08000a28                DMA1_Stream2_IRQHandler
                0x08000a28                CAN1_RX0_IRQHandler
                0x08000a28                FPU_IRQHandler
                0x08000a28                OTG_HS_WKUP_IRQHandler
                0x08000a28                CAN2_SCE_IRQHandler
                0x08000a28                DMA2_Stream2_IRQHandler
                0x08000a28                SPI1_IRQHandler
                0x08000a28                TIM6_DAC_IRQHandler
                0x08000a28                TIM1_BRK_TIM9_IRQHandler
                0x08000a28                CAN2_RX0_IRQHandler
                0x08000a28                DMA2_Stream3_IRQHandler
                0x08000a28                USART6_IRQHandler
                0x08000a28                USART3_IRQHandler
                0x08000a28                CAN1_RX1_IRQHandler
                0x08000a28                UART5_IRQHandler
                0x08000a28                DMA2_Stream0_IRQHandler
                0x08000a28                TIM4_IRQHandler
                0x08000a28                I2C1_EV_IRQHandler
                0x08000a28                DMA1_Stream6_IRQHandler
                0x08000a28                DMA1_Stream1_IRQHandler
                0x08000a28                UART4_IRQHandler
                0x08000a28                RCC_IRQHandler
                0x08000a28                TIM8_BRK_TIM12_IRQHandler
                0x08000a28                Default_Handler
                0x08000a28                EXTI15_10_IRQHandler
                0x08000a28                ADC_IRQHandler
                0x08000a28                DMA1_Stream7_IRQHandler
                0x08000a28                TIM7_IRQHandler
                0x08000a28                CAN2_TX_IRQHandler
                0x08000a28                TIM5_IRQHandler
                0x08000a28                DMA2_Stream7_IRQHandler
                0x08000a28                I2C3_EV_IRQHandler
                0x08000a28                EXTI9_5_IRQHandler
                0x08000a28                RTC_WKUP_IRQHandler
                0x08000a28                SPI2_IRQHandler
                0x08000a28                OTG_HS_EP1_IN_IRQHandler
                0x08000a28                DMA1_Stream0_IRQHandler
                0x08000a28                CAN1_TX_IRQHandler
                0x08000a28                EXTI4_IRQHandler
                0x08000a28                FSMC_IRQHandler
                0x08000a28                OTG_HS_EP1_OUT_IRQHandler
                0x08000a28                WWDG_IRQHandler
                0x08000a28                TIM2_IRQHandler
                0x08000a28                OTG_FS_WKUP_IRQHandler
                0x08000a28                TIM1_TRG_COM_TIM11_IRQHandler
                0x08000a28                OTG_HS_IRQHandler
                0x08000a28                EXTI1_IRQHandler
                0x08000a28                USART2_IRQHandler
                0x08000a28                I2C2_ER_IRQHandler
                0x08000a28                DMA2_Stream1_IRQHandler
                0x08000a28                CAN1_SCE_IRQHandler
                0x08000a28                FLASH_IRQHandler
                0x08000a28                DMA2_Stream4_IRQHandler
                0x08000a28                USART1_IRQHandler
                0x08000a28                SPI3_IRQHandler
                0x08000a28                DMA1_Stream4_IRQHandler
                0x08000a28                I2C1_ER_IRQHandler
                0x08000a28                DMA2_Stream6_IRQHandler
                0x08000a28                DMA1_Stream3_IRQHandler
 *fill*         0x08000a2a        0x2 
 .text.HAL_Init
                0x08000a2c       0x44 ./Drivers/STM32F4xx_HAL_Driver/Src/stm32f4xx_hal.o
                0x08000a2c                HAL_Init
 .text.HAL_InitTick
                0x08000a70       0x60 ./Drivers/STM32F4xx_HAL_Driver/Src/stm32f4xx_hal.o
                0x08000a70                HAL_InitTick
 .text.HAL_IncTick
                0x08000ad0       0x28 ./Drivers/STM32F4xx_HAL_Driver/Src/stm32f4xx_hal.o
                0x08000ad0                HAL_IncTick
 .text.HAL_GetTick
                0x08000af8       0x18 ./Drivers/STM32F4xx_HAL_Driver/Src/stm32f4xx_hal.o
                0x08000af8                HAL_GetTick
 .text.HAL_Delay
                0x08000b10       0x48 ./Drivers/STM32F4xx_HAL_Driver/Src/stm32f4xx_hal.o
                0x08000b10                HAL_Delay
 .text.__NVIC_SetPriorityGrouping
                0x08000b58       0x48 ./Drivers/STM32F4xx_HAL_Driver/Src/stm32f4xx_hal_cortex.o
 .text.__NVIC_GetPriorityGrouping
                0x08000ba0       0x1c ./Drivers/STM32F4xx_HAL_Driver/Src/stm32f4xx_hal_cortex.o
 .text.__NVIC_EnableIRQ
                0x08000bbc       0x3c ./Drivers/STM32F4xx_HAL_Driver/Src/stm32f4xx_hal_cortex.o
 .text.__NVIC_SetPriority
                0x08000bf8       0x54 ./Drivers/STM32F4xx_HAL_Driver/Src/stm32f4xx_hal_cortex.o
 .text.NVIC_EncodePriority
                0x08000c4c       0x66 ./Drivers/STM32F4xx_HAL_Driver/Src/stm32f4xx_hal_cortex.o
 *fill*         0x08000cb2        0x2 
 .text.SysTick_Config
                0x08000cb4       0x44 ./Drivers/STM32F4xx_HAL_Driver/Src/stm32f4xx_hal_cortex.o
 .text.HAL_NVIC_SetPriorityGrouping
                0x08000cf8       0x16 ./Drivers/STM32F4xx_HAL_Driver/Src/stm32f4xx_hal_cortex.o
                0x08000cf8                HAL_NVIC_SetPriorityGrouping
 .text.HAL_NVIC_SetPriority
                0x08000d0e       0x38 ./Drivers/STM32F4xx_HAL_Driver/Src/stm32f4xx_hal_cortex.o
                0x08000d0e                HAL_NVIC_SetPriority
 .text.HAL_NVIC_EnableIRQ
                0x08000d46       0x1c ./Drivers/STM32F4xx_HAL_Driver/Src/stm32f4xx_hal_cortex.o
                0x08000d46                HAL_NVIC_EnableIRQ
 .text.HAL_SYSTICK_Config
                0x08000d62       0x18 ./Drivers/STM32F4xx_HAL_Driver/Src/stm32f4xx_hal_cortex.o
                0x08000d62                HAL_SYSTICK_Config
 *fill*         0x08000d7a        0x2 
 .text.HAL_GPIO_Init
                0x08000d7c      0x338 ./Drivers/STM32F4xx_HAL_Driver/Src/stm32f4xx_hal_gpio.o
                0x08000d7c                HAL_GPIO_Init
 .text.HAL_PCD_Init
                0x080010b4      0x21e ./Drivers/STM32F4xx_HAL_Driver/Src/stm32f4xx_hal_pcd.o
                0x080010b4                HAL_PCD_Init
 .text.HAL_PCD_Start
                0x080012d2       0x6a ./Drivers/STM32F4xx_HAL_Driver/Src/stm32f4xx_hal_pcd.o
                0x080012d2                HAL_PCD_Start
 .text.HAL_PCD_IRQHandler
                0x0800133c      0x942 ./Drivers/STM32F4xx_HAL_Driver/Src/stm32f4xx_hal_pcd.o
                0x0800133c                HAL_PCD_IRQHandler
 .text.HAL_PCD_SetAddress
                0x08001c7e       0x48 ./Drivers/STM32F4xx_HAL_Driver/Src/stm32f4xx_hal_pcd.o
                0x08001c7e                HAL_PCD_SetAddress
 .text.HAL_PCD_EP_Open
                0x08001cc6       0xd4 ./Drivers/STM32F4xx_HAL_Driver/Src/stm32f4xx_hal_pcd.o
                0x08001cc6                HAL_PCD_EP_Open
 .text.HAL_PCD_EP_Close
                0x08001d9a       0x94 ./Drivers/STM32F4xx_HAL_Driver/Src/stm32f4xx_hal_pcd.o
                0x08001d9a                HAL_PCD_EP_Close
 .text.HAL_PCD_EP_Receive
                0x08001e2e       0x76 ./Drivers/STM32F4xx_HAL_Driver/Src/stm32f4xx_hal_pcd.o
                0x08001e2e                HAL_PCD_EP_Receive
 .text.HAL_PCD_EP_Transmit
                0x08001ea4       0x74 ./Drivers/STM32F4xx_HAL_Driver/Src/stm32f4xx_hal_pcd.o
                0x08001ea4                HAL_PCD_EP_Transmit
 .text.HAL_PCD_EP_SetStall
                0x08001f18       0xc6 ./Drivers/STM32F4xx_HAL_Driver/Src/stm32f4xx_hal_pcd.o
                0x08001f18                HAL_PCD_EP_SetStall
 .text.HAL_PCD_EP_ClrStall
                0x08001fde       0xac ./Drivers/STM32F4xx_HAL_Driver/Src/stm32f4xx_hal_pcd.o
                0x08001fde                HAL_PCD_EP_ClrStall
 .text.HAL_PCD_EP_Abort
                0x0800208a       0x62 ./Drivers/STM32F4xx_HAL_Driver/Src/stm32f4xx_hal_pcd.o
                0x0800208a                HAL_PCD_EP_Abort
 .text.PCD_WriteEmptyTxFifo
                0x080020ec      0x118 ./Drivers/STM32F4xx_HAL_Driver/Src/stm32f4xx_hal_pcd.o
 .text.PCD_EP_OutXfrComplete_int
                0x08002204      0x1d0 ./Drivers/STM32F4xx_HAL_Driver/Src/stm32f4xx_hal_pcd.o
 .text.PCD_EP_OutSetupPacket_int
                0x080023d4       0x8c ./Drivers/STM32F4xx_HAL_Driver/Src/stm32f4xx_hal_pcd.o
 .text.HAL_PCDEx_SetTxFiFo
                0x08002460       0x8e ./Drivers/STM32F4xx_HAL_Driver/Src/stm32f4xx_hal_pcd_ex.o
                0x08002460                HAL_PCDEx_SetTxFiFo
 .text.HAL_PCDEx_SetRxFiFo
                0x080024ee       0x22 ./Drivers/STM32F4xx_HAL_Driver/Src/stm32f4xx_hal_pcd_ex.o
                0x080024ee                HAL_PCDEx_SetRxFiFo
 .text.HAL_PCDEx_LPM_Callback
                0x08002510       0x18 ./Drivers/STM32F4xx_HAL_Driver/Src/stm32f4xx_hal_pcd_ex.o
                0x08002510                HAL_PCDEx_LPM_Callback
 .text.HAL_RCC_OscConfig
                0x08002528      0x4f0 ./Drivers/STM32F4xx_HAL_Driver/Src/stm32f4xx_hal_rcc.o
                0x08002528                HAL_RCC_OscConfig
 .text.HAL_RCC_ClockConfig
                0x08002a18      0x1cc ./Drivers/STM32F4xx_HAL_Driver/Src/stm32f4xx_hal_rcc.o
                0x08002a18                HAL_RCC_ClockConfig
 .text.HAL_RCC_GetSysClockFreq
                0x08002be4      0x20c ./Drivers/STM32F4xx_HAL_Driver/Src/stm32f4xx_hal_rcc.o
                0x08002be4                HAL_RCC_GetSysClockFreq
 .text.HAL_RCC_GetHCLKFreq
                0x08002df0       0x18 ./Drivers/STM32F4xx_HAL_Driver/Src/stm32f4xx_hal_rcc.o
                0x08002df0                HAL_RCC_GetHCLKFreq
 .text.HAL_TIM_Encoder_Init
                0x08002e08      0x14c ./Drivers/STM32F4xx_HAL_Driver/Src/stm32f4xx_hal_tim.o
                0x08002e08                HAL_TIM_Encoder_Init
 .text.HAL_TIM_Encoder_Start_IT
                0x08002f54      0x15c ./Drivers/STM32F4xx_HAL_Driver/Src/stm32f4xx_hal_tim.o
                0x08002f54                HAL_TIM_Encoder_Start_IT
 .text.HAL_TIM_IRQHandler
                0x080030b0      0x1e0 ./Drivers/STM32F4xx_HAL_Driver/Src/stm32f4xx_hal_tim.o
                0x080030b0                HAL_TIM_IRQHandler
 .text.HAL_TIM_PeriodElapsedCallback
                0x08003290       0x14 ./Drivers/STM32F4xx_HAL_Driver/Src/stm32f4xx_hal_tim.o
                0x08003290                HAL_TIM_PeriodElapsedCallback
 .text.HAL_TIM_OC_DelayElapsedCallback
                0x080032a4       0x14 ./Drivers/STM32F4xx_HAL_Driver/Src/stm32f4xx_hal_tim.o
                0x080032a4                HAL_TIM_OC_DelayElapsedCallback
 .text.HAL_TIM_PWM_PulseFinishedCallback
                0x080032b8       0x14 ./Drivers/STM32F4xx_HAL_Driver/Src/stm32f4xx_hal_tim.o
                0x080032b8                HAL_TIM_PWM_PulseFinishedCallback
 .text.HAL_TIM_TriggerCallback
                0x080032cc       0x14 ./Drivers/STM32F4xx_HAL_Driver/Src/stm32f4xx_hal_tim.o
                0x080032cc                HAL_TIM_TriggerCallback
 .text.TIM_Base_SetConfig
                0x080032e0      0x158 ./Drivers/STM32F4xx_HAL_Driver/Src/stm32f4xx_hal_tim.o
                0x080032e0                TIM_Base_SetConfig
 .text.TIM_CCxChannelCmd
                0x08003438       0x4a ./Drivers/STM32F4xx_HAL_Driver/Src/stm32f4xx_hal_tim.o
                0x08003438                TIM_CCxChannelCmd
 *fill*         0x08003482        0x2 
 .text.HAL_TIMEx_MasterConfigSynchronization
                0x08003484       0xf8 ./Drivers/STM32F4xx_HAL_Driver/Src/stm32f4xx_hal_tim_ex.o
                0x08003484                HAL_TIMEx_MasterConfigSynchronization
 .text.HAL_TIMEx_CommutCallback
                0x0800357c       0x14 ./Drivers/STM32F4xx_HAL_Driver/Src/stm32f4xx_hal_tim_ex.o
                0x0800357c                HAL_TIMEx_CommutCallback
 .text.HAL_TIMEx_BreakCallback
                0x08003590       0x14 ./Drivers/STM32F4xx_HAL_Driver/Src/stm32f4xx_hal_tim_ex.o
                0x08003590                HAL_TIMEx_BreakCallback
 .text.USB_CoreInit
                0x080035a4       0xc8 ./Drivers/STM32F4xx_HAL_Driver/Src/stm32f4xx_ll_usb.o
                0x080035a4                USB_CoreInit
 .text.USB_SetTurnaroundTime
                0x0800366c      0x144 ./Drivers/STM32F4xx_HAL_Driver/Src/stm32f4xx_ll_usb.o
                0x0800366c                USB_SetTurnaroundTime
 .text.USB_EnableGlobalInt
                0x080037b0       0x22 ./Drivers/STM32F4xx_HAL_Driver/Src/stm32f4xx_ll_usb.o
                0x080037b0                USB_EnableGlobalInt
 .text.USB_DisableGlobalInt
                0x080037d2       0x22 ./Drivers/STM32F4xx_HAL_Driver/Src/stm32f4xx_ll_usb.o
                0x080037d2                USB_DisableGlobalInt
 .text.USB_SetCurrentMode
                0x080037f4       0x98 ./Drivers/STM32F4xx_HAL_Driver/Src/stm32f4xx_ll_usb.o
                0x080037f4                USB_SetCurrentMode
 .text.USB_DevInit
                0x0800388c      0x2c8 ./Drivers/STM32F4xx_HAL_Driver/Src/stm32f4xx_ll_usb.o
                0x0800388c                USB_DevInit
 .text.USB_FlushTxFifo
                0x08003b54       0x64 ./Drivers/STM32F4xx_HAL_Driver/Src/stm32f4xx_ll_usb.o
                0x08003b54                USB_FlushTxFifo
 .text.USB_FlushRxFifo
                0x08003bb8       0x5c ./Drivers/STM32F4xx_HAL_Driver/Src/stm32f4xx_ll_usb.o
                0x08003bb8                USB_FlushRxFifo
 .text.USB_SetDevSpeed
                0x08003c14       0x32 ./Drivers/STM32F4xx_HAL_Driver/Src/stm32f4xx_ll_usb.o
                0x08003c14                USB_SetDevSpeed
 .text.USB_GetDevSpeed
                0x08003c46       0x4a ./Drivers/STM32F4xx_HAL_Driver/Src/stm32f4xx_ll_usb.o
                0x08003c46                USB_GetDevSpeed
 .text.USB_ActivateEndpoint
                0x08003c90      0x10e ./Drivers/STM32F4xx_HAL_Driver/Src/stm32f4xx_ll_usb.o
                0x08003c90                USB_ActivateEndpoint
 *fill*         0x08003d9e        0x2 
 .text.USB_DeactivateEndpoint
                0x08003da0      0x1b8 ./Drivers/STM32F4xx_HAL_Driver/Src/stm32f4xx_ll_usb.o
                0x08003da0                USB_DeactivateEndpoint
 .text.USB_EPStartXfer
                0x08003f58      0x53c ./Drivers/STM32F4xx_HAL_Driver/Src/stm32f4xx_ll_usb.o
                0x08003f58                USB_EPStartXfer
 .text.USB_EPStopXfer
                0x08004494      0x154 ./Drivers/STM32F4xx_HAL_Driver/Src/stm32f4xx_ll_usb.o
                0x08004494                USB_EPStopXfer
 .text.USB_WritePacket
                0x080045e8       0x7c ./Drivers/STM32F4xx_HAL_Driver/Src/stm32f4xx_ll_usb.o
                0x080045e8                USB_WritePacket
 .text.USB_ReadPacket
                0x08004664       0xb0 ./Drivers/STM32F4xx_HAL_Driver/Src/stm32f4xx_ll_usb.o
                0x08004664                USB_ReadPacket
 .text.USB_EPSetStall
                0x08004714       0xdc ./Drivers/STM32F4xx_HAL_Driver/Src/stm32f4xx_ll_usb.o
                0x08004714                USB_EPSetStall
 .text.USB_EPClearStall
                0x080047f0       0xcc ./Drivers/STM32F4xx_HAL_Driver/Src/stm32f4xx_ll_usb.o
                0x080047f0                USB_EPClearStall
 .text.USB_SetDevAddress
                0x080048bc       0x4c ./Drivers/STM32F4xx_HAL_Driver/Src/stm32f4xx_ll_usb.o
                0x080048bc                USB_SetDevAddress
 .text.USB_DevConnect
                0x08004908       0x42 ./Drivers/STM32F4xx_HAL_Driver/Src/stm32f4xx_ll_usb.o
                0x08004908                USB_DevConnect
 .text.USB_DevDisconnect
                0x0800494a       0x42 ./Drivers/STM32F4xx_HAL_Driver/Src/stm32f4xx_ll_usb.o
                0x0800494a                USB_DevDisconnect
 .text.USB_ReadInterrupts
                0x0800498c       0x26 ./Drivers/STM32F4xx_HAL_Driver/Src/stm32f4xx_ll_usb.o
                0x0800498c                USB_ReadInterrupts
 .text.USB_ReadDevAllOutEpInterrupt
                0x080049b2       0x34 ./Drivers/STM32F4xx_HAL_Driver/Src/stm32f4xx_ll_usb.o
                0x080049b2                USB_ReadDevAllOutEpInterrupt
 .text.USB_ReadDevAllInEpInterrupt
                0x080049e6       0x34 ./Drivers/STM32F4xx_HAL_Driver/Src/stm32f4xx_ll_usb.o
                0x080049e6                USB_ReadDevAllInEpInterrupt
 .text.USB_ReadDevOutEPInterrupt
                0x08004a1a       0x3c ./Drivers/STM32F4xx_HAL_Driver/Src/stm32f4xx_ll_usb.o
                0x08004a1a                USB_ReadDevOutEPInterrupt
 .text.USB_ReadDevInEPInterrupt
                0x08004a56       0x5c ./Drivers/STM32F4xx_HAL_Driver/Src/stm32f4xx_ll_usb.o
                0x08004a56                USB_ReadDevInEPInterrupt
 .text.USB_GetMode
                0x08004ab2       0x1c ./Drivers/STM32F4xx_HAL_Driver/Src/stm32f4xx_ll_usb.o
                0x08004ab2                USB_GetMode
 .text.USB_ActivateSetup
                0x08004ace       0x46 ./Drivers/STM32F4xx_HAL_Driver/Src/stm32f4xx_ll_usb.o
                0x08004ace                USB_ActivateSetup
 .text.USB_EP0_OutStart
                0x08004b14       0xbc ./Drivers/STM32F4xx_HAL_Driver/Src/stm32f4xx_ll_usb.o
                0x08004b14                USB_EP0_OutStart
 .text.USB_CoreReset
                0x08004bd0       0x62 ./Drivers/STM32F4xx_HAL_Driver/Src/stm32f4xx_ll_usb.o
 *fill*         0x08004c32        0x2 
 .text.USBD_CUSTOM_HID_Init
                0x08004c34      0x158 ./Middlewares/ST/STM32_USB_Device_Library/Class/CustomHID/Src/usbd_customhid.o
 .text.USBD_CUSTOM_HID_DeInit
                0x08004d8c       0xf4 ./Middlewares/ST/STM32_USB_Device_Library/Class/CustomHID/Src/usbd_customhid.o
 .text.USBD_CUSTOM_HID_Setup
                0x08004e80      0x32c ./Middlewares/ST/STM32_USB_Device_Library/Class/CustomHID/Src/usbd_customhid.o
 .text.USBD_CUSTOM_HID_SendReport
                0x080051ac       0x68 ./Middlewares/ST/STM32_USB_Device_Library/Class/CustomHID/Src/usbd_customhid.o
                0x080051ac                USBD_CUSTOM_HID_SendReport
 .text.USBD_CUSTOM_HID_GetFSCfgDesc
                0x08005214       0x64 ./Middlewares/ST/STM32_USB_Device_Library/Class/CustomHID/Src/usbd_customhid.o
 .text.USBD_CUSTOM_HID_GetHSCfgDesc
                0x08005278       0x64 ./Middlewares/ST/STM32_USB_Device_Library/Class/CustomHID/Src/usbd_customhid.o
 .text.USBD_CUSTOM_HID_GetOtherSpeedCfgDesc
                0x080052dc       0x64 ./Middlewares/ST/STM32_USB_Device_Library/Class/CustomHID/Src/usbd_customhid.o
 .text.USBD_CUSTOM_HID_DataIn
                0x08005340       0x2e ./Middlewares/ST/STM32_USB_Device_Library/Class/CustomHID/Src/usbd_customhid.o
 .text.USBD_CUSTOM_HID_DataOut
                0x0800536e       0x5a ./Middlewares/ST/STM32_USB_Device_Library/Class/CustomHID/Src/usbd_customhid.o
 .text.USBD_CUSTOM_HID_ReceivePacket
                0x080053c8       0x4c ./Middlewares/ST/STM32_USB_Device_Library/Class/CustomHID/Src/usbd_customhid.o
                0x080053c8                USBD_CUSTOM_HID_ReceivePacket
 .text.USBD_CUSTOM_HID_EP0_RxReady
                0x08005414       0x58 ./Middlewares/ST/STM32_USB_Device_Library/Class/CustomHID/Src/usbd_customhid.o
 .text.USBD_CUSTOM_HID_GetDeviceQualifierDesc
                0x0800546c       0x20 ./Middlewares/ST/STM32_USB_Device_Library/Class/CustomHID/Src/usbd_customhid.o
 .text.USBD_CUSTOM_HID_RegisterInterface
                0x0800548c       0x34 ./Middlewares/ST/STM32_USB_Device_Library/Class/CustomHID/Src/usbd_customhid.o
                0x0800548c                USBD_CUSTOM_HID_RegisterInterface
 .text.USBD_Init
                0x080054c0       0x60 ./Middlewares/ST/STM32_USB_Device_Library/Core/Src/usbd_core.o
                0x080054c0                USBD_Init
 .text.USBD_RegisterClass
                0x08005520       0x6c ./Middlewares/ST/STM32_USB_Device_Library/Core/Src/usbd_core.o
                0x08005520                USBD_RegisterClass
 .text.USBD_Start
                0x0800558c       0x18 ./Middlewares/ST/STM32_USB_Device_Library/Core/Src/usbd_core.o
                0x0800558c                USBD_Start
 .text.USBD_RunTestMode
                0x080055a4       0x16 ./Middlewares/ST/STM32_USB_Device_Library/Core/Src/usbd_core.o
                0x080055a4                USBD_RunTestMode
 .text.USBD_SetClassConfig
                0x080055ba       0x38 ./Middlewares/ST/STM32_USB_Device_Library/Core/Src/usbd_core.o
                0x080055ba                USBD_SetClassConfig
 .text.USBD_ClrClassConfig
                0x080055f2       0x34 ./Middlewares/ST/STM32_USB_Device_Library/Core/Src/usbd_core.o
                0x080055f2                USBD_ClrClassConfig
 .text.USBD_LL_SetupStage
                0x08005626       0xaa ./Middlewares/ST/STM32_USB_Device_Library/Core/Src/usbd_core.o
                0x08005626                USBD_LL_SetupStage
 .text.USBD_LL_DataOutStage
                0x080056d0      0x166 ./Middlewares/ST/STM32_USB_Device_Library/Core/Src/usbd_core.o
                0x080056d0                USBD_LL_DataOutStage
 .text.USBD_LL_DataInStage
                0x08005836      0x164 ./Middlewares/ST/STM32_USB_Device_Library/Core/Src/usbd_core.o
                0x08005836                USBD_LL_DataInStage
 .text.USBD_LL_Reset
                0x0800599a       0xa4 ./Middlewares/ST/STM32_USB_Device_Library/Core/Src/usbd_core.o
                0x0800599a                USBD_LL_Reset
 .text.USBD_LL_SetSpeed
                0x08005a3e       0x20 ./Middlewares/ST/STM32_USB_Device_Library/Core/Src/usbd_core.o
                0x08005a3e                USBD_LL_SetSpeed
 .text.USBD_LL_Suspend
                0x08005a5e       0x38 ./Middlewares/ST/STM32_USB_Device_Library/Core/Src/usbd_core.o
                0x08005a5e                USBD_LL_Suspend
 .text.USBD_LL_Resume
                0x08005a96       0x30 ./Middlewares/ST/STM32_USB_Device_Library/Core/Src/usbd_core.o
                0x08005a96                USBD_LL_Resume
 .text.USBD_LL_SOF
                0x08005ac6       0x40 ./Middlewares/ST/STM32_USB_Device_Library/Core/Src/usbd_core.o
                0x08005ac6                USBD_LL_SOF
 .text.USBD_LL_IsoINIncomplete
                0x08005b06       0x64 ./Middlewares/ST/STM32_USB_Device_Library/Core/Src/usbd_core.o
                0x08005b06                USBD_LL_IsoINIncomplete
 .text.USBD_LL_IsoOUTIncomplete
                0x08005b6a       0x64 ./Middlewares/ST/STM32_USB_Device_Library/Core/Src/usbd_core.o
                0x08005b6a                USBD_LL_IsoOUTIncomplete
 .text.USBD_LL_DevConnected
                0x08005bce       0x16 ./Middlewares/ST/STM32_USB_Device_Library/Core/Src/usbd_core.o
                0x08005bce                USBD_LL_DevConnected
 .text.USBD_LL_DevDisconnected
                0x08005be4       0x46 ./Middlewares/ST/STM32_USB_Device_Library/Core/Src/usbd_core.o
                0x08005be4                USBD_LL_DevDisconnected
 .text.USBD_CoreFindIF
                0x08005c2a       0x1a ./Middlewares/ST/STM32_USB_Device_Library/Core/Src/usbd_core.o
                0x08005c2a                USBD_CoreFindIF
 .text.USBD_CoreFindEP
                0x08005c44       0x1a ./Middlewares/ST/STM32_USB_Device_Library/Core/Src/usbd_core.o
                0x08005c44                USBD_CoreFindEP
 .text.USBD_GetEpDesc
                0x08005c5e       0x70 ./Middlewares/ST/STM32_USB_Device_Library/Core/Src/usbd_core.o
                0x08005c5e                USBD_GetEpDesc
 .text.USBD_GetNextDesc
                0x08005cce       0x38 ./Middlewares/ST/STM32_USB_Device_Library/Core/Src/usbd_core.o
                0x08005cce                USBD_GetNextDesc
 .text.SWAPBYTE
                0x08005d06       0x3e ./Middlewares/ST/STM32_USB_Device_Library/Core/Src/usbd_ctlreq.o
 .text.USBD_StdDevReq
                0x08005d44       0xe4 ./Middlewares/ST/STM32_USB_Device_Library/Core/Src/usbd_ctlreq.o
                0x08005d44                USBD_StdDevReq
 .text.USBD_StdItfReq
                0x08005e28       0xd8 ./Middlewares/ST/STM32_USB_Device_Library/Core/Src/usbd_ctlreq.o
                0x08005e28                USBD_StdItfReq
 .text.USBD_StdEPReq
                0x08005f00      0x33a ./Middlewares/ST/STM32_USB_Device_Library/Core/Src/usbd_ctlreq.o
                0x08005f00                USBD_StdEPReq
 *fill*         0x0800623a        0x2 
 .text.USBD_GetDescriptor
                0x0800623c      0x2d4 ./Middlewares/ST/STM32_USB_Device_Library/Core/Src/usbd_ctlreq.o
 .text.USBD_SetAddress
                0x08006510       0x88 ./Middlewares/ST/STM32_USB_Device_Library/Core/Src/usbd_ctlreq.o
 .text.USBD_SetConfig
                0x08006598      0x154 ./Middlewares/ST/STM32_USB_Device_Library/Core/Src/usbd_ctlreq.o
 .text.USBD_GetConfig
                0x080066ec       0x6c ./Middlewares/ST/STM32_USB_Device_Library/Core/Src/usbd_ctlreq.o
 .text.USBD_GetStatus
                0x08006758       0x68 ./Middlewares/ST/STM32_USB_Device_Library/Core/Src/usbd_ctlreq.o
 .text.USBD_SetFeature
                0x080067c0       0x52 ./Middlewares/ST/STM32_USB_Device_Library/Core/Src/usbd_ctlreq.o
 .text.USBD_ClrFeature
                0x08006812       0x44 ./Middlewares/ST/STM32_USB_Device_Library/Core/Src/usbd_ctlreq.o
 .text.USBD_ParseSetupRequest
                0x08006856       0x74 ./Middlewares/ST/STM32_USB_Device_Library/Core/Src/usbd_ctlreq.o
                0x08006856                USBD_ParseSetupRequest
 .text.USBD_CtlError
                0x080068ca       0x22 ./Middlewares/ST/STM32_USB_Device_Library/Core/Src/usbd_ctlreq.o
                0x080068ca                USBD_CtlError
 .text.USBD_GetString
                0x080068ec       0xa4 ./Middlewares/ST/STM32_USB_Device_Library/Core/Src/usbd_ctlreq.o
                0x080068ec                USBD_GetString
 .text.USBD_GetLen
                0x08006990       0x34 ./Middlewares/ST/STM32_USB_Device_Library/Core/Src/usbd_ctlreq.o
 .text.USBD_CtlSendData
                0x080069c4       0x36 ./Middlewares/ST/STM32_USB_Device_Library/Core/Src/usbd_ioreq.o
                0x080069c4                USBD_CtlSendData
 .text.USBD_CtlContinueSendData
                0x080069fa       0x22 ./Middlewares/ST/STM32_USB_Device_Library/Core/Src/usbd_ioreq.o
                0x080069fa                USBD_CtlContinueSendData
 .text.USBD_CtlPrepareRx
                0x08006a1c       0x3a ./Middlewares/ST/STM32_USB_Device_Library/Core/Src/usbd_ioreq.o
                0x08006a1c                USBD_CtlPrepareRx
 .text.USBD_CtlContinueRx
                0x08006a56       0x22 ./Middlewares/ST/STM32_USB_Device_Library/Core/Src/usbd_ioreq.o
                0x08006a56                USBD_CtlContinueRx
 .text.USBD_CtlSendStatus
                0x08006a78       0x26 ./Middlewares/ST/STM32_USB_Device_Library/Core/Src/usbd_ioreq.o
                0x08006a78                USBD_CtlSendStatus
 .text.USBD_CtlReceiveStatus
                0x08006a9e       0x26 ./Middlewares/ST/STM32_USB_Device_Library/Core/Src/usbd_ioreq.o
                0x08006a9e                USBD_CtlReceiveStatus
 .text.MX_USB_DEVICE_Init
                0x08006ac4       0x60 ./USB_DEVICE/App/usb_device.o
                0x08006ac4                MX_USB_DEVICE_Init
 .text.CUSTOM_HID_Init_FS
                0x08006b24       0x10 ./USB_DEVICE/App/usbd_custom_hid_if.o
 .text.CUSTOM_HID_DeInit_FS
                0x08006b34       0x10 ./USB_DEVICE/App/usbd_custom_hid_if.o
 .text.CUSTOM_HID_OutEvent_FS
                0x08006b44       0x30 ./USB_DEVICE/App/usbd_custom_hid_if.o
 .text.CUSTOM_HID_CtrlReqComplete
                0x08006b74       0x2a ./USB_DEVICE/App/usbd_custom_hid_if.o
 .text.CUSTOM_HID_GetReport
                0x08006b9e       0x16 ./USB_DEVICE/App/usbd_custom_hid_if.o
 .text.USBD_FS_DeviceDescriptor
                0x08006bb4       0x24 ./USB_DEVICE/App/usbd_desc.o
                0x08006bb4                USBD_FS_DeviceDescriptor
 .text.USBD_FS_LangIDStrDescriptor
                0x08006bd8       0x24 ./USB_DEVICE/App/usbd_desc.o
                0x08006bd8                USBD_FS_LangIDStrDescriptor
 .text.USBD_FS_ProductStrDescriptor
                0x08006bfc       0x3c ./USB_DEVICE/App/usbd_desc.o
                0x08006bfc                USBD_FS_ProductStrDescriptor
 .text.USBD_FS_ManufacturerStrDescriptor
                0x08006c38       0x28 ./USB_DEVICE/App/usbd_desc.o
                0x08006c38                USBD_FS_ManufacturerStrDescriptor
 .text.USBD_FS_SerialStrDescriptor
                0x08006c60       0x24 ./USB_DEVICE/App/usbd_desc.o
                0x08006c60                USBD_FS_SerialStrDescriptor
 .text.USBD_FS_ConfigStrDescriptor
                0x08006c84       0x3c ./USB_DEVICE/App/usbd_desc.o
                0x08006c84                USBD_FS_ConfigStrDescriptor
 .text.USBD_FS_InterfaceStrDescriptor
                0x08006cc0       0x3c ./USB_DEVICE/App/usbd_desc.o
                0x08006cc0                USBD_FS_InterfaceStrDescriptor
 .text.Get_SerialNum
                0x08006cfc       0x58 ./USB_DEVICE/App/usbd_desc.o
 .text.IntToUnicode
                0x08006d54       0x7e ./USB_DEVICE/App/usbd_desc.o
 *fill*         0x08006dd2        0x2 
 .text.HAL_PCD_MspInit
                0x08006dd4       0xa8 ./USB_DEVICE/Target/usbd_conf.o
                0x08006dd4                HAL_PCD_MspInit
 .text.HAL_PCD_SetupStageCallback
                0x08006e7c       0x24 ./USB_DEVICE/Target/usbd_conf.o
                0x08006e7c                HAL_PCD_SetupStageCallback
 .text.HAL_PCD_DataOutStageCallback
                0x08006ea0       0x36 ./USB_DEVICE/Target/usbd_conf.o
                0x08006ea0                HAL_PCD_DataOutStageCallback
 .text.HAL_PCD_DataInStageCallback
                0x08006ed6       0x34 ./USB_DEVICE/Target/usbd_conf.o
                0x08006ed6                HAL_PCD_DataInStageCallback
 .text.HAL_PCD_SOFCallback
                0x08006f0a       0x1c ./USB_DEVICE/Target/usbd_conf.o
                0x08006f0a                HAL_PCD_SOFCallback
 .text.HAL_PCD_ResetCallback
                0x08006f26       0x50 ./USB_DEVICE/Target/usbd_conf.o
                0x08006f26                HAL_PCD_ResetCallback
 *fill*         0x08006f76        0x2 
 .text.HAL_PCD_SuspendCallback
                0x08006f78       0x4c ./USB_DEVICE/Target/usbd_conf.o
                0x08006f78                HAL_PCD_SuspendCallback
 .text.HAL_PCD_ResumeCallback
                0x08006fc4       0x1c ./USB_DEVICE/Target/usbd_conf.o
                0x08006fc4                HAL_PCD_ResumeCallback
 .text.HAL_PCD_ISOOUTIncompleteCallback
                0x08006fe0       0x24 ./USB_DEVICE/Target/usbd_conf.o
                0x08006fe0                HAL_PCD_ISOOUTIncompleteCallback
 .text.HAL_PCD_ISOINIncompleteCallback
                0x08007004       0x24 ./USB_DEVICE/Target/usbd_conf.o
                0x08007004                HAL_PCD_ISOINIncompleteCallback
 .text.HAL_PCD_ConnectCallback
                0x08007028       0x1c ./USB_DEVICE/Target/usbd_conf.o
                0x08007028                HAL_PCD_ConnectCallback
 .text.HAL_PCD_DisconnectCallback
                0x08007044       0x1c ./USB_DEVICE/Target/usbd_conf.o
                0x08007044                HAL_PCD_DisconnectCallback
 .text.USBD_LL_Init
                0x08007060       0x98 ./USB_DEVICE/Target/usbd_conf.o
                0x08007060                USBD_LL_Init
 .text.USBD_LL_Start
                0x080070f8       0x36 ./USB_DEVICE/Target/usbd_conf.o
                0x080070f8                USBD_LL_Start
 .text.USBD_LL_OpenEP
                0x0800712e       0x4c ./USB_DEVICE/Target/usbd_conf.o
                0x0800712e                USBD_LL_OpenEP
 .text.USBD_LL_CloseEP
                0x0800717a       0x3e ./USB_DEVICE/Target/usbd_conf.o
                0x0800717a                USBD_LL_CloseEP
 .text.USBD_LL_StallEP
                0x080071b8       0x3e ./USB_DEVICE/Target/usbd_conf.o
                0x080071b8                USBD_LL_StallEP
 .text.USBD_LL_ClearStallEP
                0x080071f6       0x3e ./USB_DEVICE/Target/usbd_conf.o
                0x080071f6                USBD_LL_ClearStallEP
 .text.USBD_LL_IsStallEP
                0x08007234       0x58 ./USB_DEVICE/Target/usbd_conf.o
                0x08007234                USBD_LL_IsStallEP
 .text.USBD_LL_SetUSBAddress
                0x0800728c       0x3e ./USB_DEVICE/Target/usbd_conf.o
                0x0800728c                USBD_LL_SetUSBAddress
 .text.USBD_LL_Transmit
                0x080072ca       0x42 ./USB_DEVICE/Target/usbd_conf.o
                0x080072ca                USBD_LL_Transmit
 .text.USBD_LL_PrepareReceive
                0x0800730c       0x42 ./USB_DEVICE/Target/usbd_conf.o
                0x0800730c                USBD_LL_PrepareReceive
 *fill*         0x0800734e        0x2 
 .text.USBD_static_malloc
                0x08007350       0x1c ./USB_DEVICE/Target/usbd_conf.o
                0x08007350                USBD_static_malloc
 .text.USBD_static_free
                0x0800736c       0x14 ./USB_DEVICE/Target/usbd_conf.o
                0x0800736c                USBD_static_free
 .text.USBD_Get_USB_Status
                0x08007380       0x58 ./USB_DEVICE/Target/usbd_conf.o
                0x08007380                USBD_Get_USB_Status
 .text.memset   0x080073d8       0x10 C:/ST/STM32CubeIDE_1.18.0/STM32CubeIDE/plugins/com.st.stm32cube.ide.mcu.externaltools.gnu-tools-for-stm32.13.3.rel1.win32_1.0.0.202411081344/tools/bin/../lib/gcc/arm-none-eabi/13.3.1/../../../../arm-none-eabi/lib/thumb/v7e-m+fp/hard\libc_nano.a(libc_a-memset.o)
                0x080073d8                memset
 .text.__libc_init_array
                0x080073e8       0x48 C:/ST/STM32CubeIDE_1.18.0/STM32CubeIDE/plugins/com.st.stm32cube.ide.mcu.externaltools.gnu-tools-for-stm32.13.3.rel1.win32_1.0.0.202411081344/tools/bin/../lib/gcc/arm-none-eabi/13.3.1/../../../../arm-none-eabi/lib/thumb/v7e-m+fp/hard\libc_nano.a(libc_a-init.o)
                0x080073e8                __libc_init_array
 *(.glue_7)
 .glue_7        0x08007430        0x0 linker stubs
 *(.glue_7t)
 .glue_7t       0x08007430        0x0 linker stubs
 *(.eh_frame)
 .eh_frame      0x08007430        0x0 C:/ST/STM32CubeIDE_1.18.0/STM32CubeIDE/plugins/com.st.stm32cube.ide.mcu.externaltools.gnu-tools-for-stm32.13.3.rel1.win32_1.0.0.202411081344/tools/bin/../lib/gcc/arm-none-eabi/13.3.1/thumb/v7e-m+fp/hard/crtbegin.o
 *(.init)
 .init          0x08007430        0x4 C:/ST/STM32CubeIDE_1.18.0/STM32CubeIDE/plugins/com.st.stm32cube.ide.mcu.externaltools.gnu-tools-for-stm32.13.3.rel1.win32_1.0.0.202411081344/tools/bin/../lib/gcc/arm-none-eabi/13.3.1/thumb/v7e-m+fp/hard/crti.o
                0x08007430                _init
 .init          0x08007434        0x8 C:/ST/STM32CubeIDE_1.18.0/STM32CubeIDE/plugins/com.st.stm32cube.ide.mcu.externaltools.gnu-tools-for-stm32.13.3.rel1.win32_1.0.0.202411081344/tools/bin/../lib/gcc/arm-none-eabi/13.3.1/thumb/v7e-m+fp/hard/crtn.o
 *(.fini)
 .fini          0x0800743c        0x4 C:/ST/STM32CubeIDE_1.18.0/STM32CubeIDE/plugins/com.st.stm32cube.ide.mcu.externaltools.gnu-tools-for-stm32.13.3.rel1.win32_1.0.0.202411081344/tools/bin/../lib/gcc/arm-none-eabi/13.3.1/thumb/v7e-m+fp/hard/crti.o
                0x0800743c                _fini
 .fini          0x08007440        0x8 C:/ST/STM32CubeIDE_1.18.0/STM32CubeIDE/plugins/com.st.stm32cube.ide.mcu.externaltools.gnu-tools-for-stm32.13.3.rel1.win32_1.0.0.202411081344/tools/bin/../lib/gcc/arm-none-eabi/13.3.1/thumb/v7e-m+fp/hard/crtn.o
                0x08007448                        . = ALIGN (0x4)
                0x08007448                        _etext = .

.vfp11_veneer   0x08007448        0x0
 .vfp11_veneer  0x08007448        0x0 linker stubs

.v4_bx          0x08007448        0x0
 .v4_bx         0x08007448        0x0 linker stubs

.iplt           0x08007448        0x0
 .iplt          0x08007448        0x0 C:/ST/STM32CubeIDE_1.18.0/STM32CubeIDE/plugins/com.st.stm32cube.ide.mcu.externaltools.gnu-tools-for-stm32.13.3.rel1.win32_1.0.0.202411081344/tools/bin/../lib/gcc/arm-none-eabi/13.3.1/thumb/v7e-m+fp/hard/crtbegin.o

.rodata         0x08007448       0x70
                0x08007448                        . = ALIGN (0x4)
 *(.rodata)
 .rodata        0x08007448       0x5d ./USB_DEVICE/App/usbd_desc.o
 *(.rodata*)
 *fill*         0x080074a5        0x3 
 .rodata.AHBPrescTable
                0x080074a8       0x10 ./Core/Src/system_stm32f4xx.o
                0x080074a8                AHBPrescTable
                0x080074b8                        . = ALIGN (0x4)

.ARM.extab      0x080074b8        0x0
                0x080074b8                        . = ALIGN (0x4)
 *(.ARM.extab* .gnu.linkonce.armextab.*)
                0x080074b8                        . = ALIGN (0x4)

.ARM            0x080074b8        0x8
                0x080074b8                        . = ALIGN (0x4)
                0x080074b8                        __exidx_start = .
 *(.ARM.exidx*)
 .ARM.exidx     0x080074b8        0x8 C:/ST/STM32CubeIDE_1.18.0/STM32CubeIDE/plugins/com.st.stm32cube.ide.mcu.externaltools.gnu-tools-for-stm32.13.3.rel1.win32_1.0.0.202411081344/tools/bin/../lib/gcc/arm-none-eabi/13.3.1/thumb/v7e-m+fp/hard\libgcc.a(_udivmoddi4.o)
                0x080074c0                        __exidx_end = .
                0x080074c0                        . = ALIGN (0x4)

.preinit_array  0x080074c0        0x0
                0x080074c0                        . = ALIGN (0x4)
                0x080074c0                        PROVIDE (__preinit_array_start = .)
 *(.preinit_array*)
                0x080074c0                        PROVIDE (__preinit_array_end = .)
                0x080074c0                        . = ALIGN (0x4)

.init_array     0x080074c0        0x4
                0x080074c0                        . = ALIGN (0x4)
                0x080074c0                        PROVIDE (__init_array_start = .)
 *(SORT_BY_NAME(.init_array.*))
 *(.init_array*)
 .init_array    0x080074c0        0x4 C:/ST/STM32CubeIDE_1.18.0/STM32CubeIDE/plugins/com.st.stm32cube.ide.mcu.externaltools.gnu-tools-for-stm32.13.3.rel1.win32_1.0.0.202411081344/tools/bin/../lib/gcc/arm-none-eabi/13.3.1/thumb/v7e-m+fp/hard/crtbegin.o
                0x080074c4                        PROVIDE (__init_array_end = .)
                0x080074c4                        . = ALIGN (0x4)

.fini_array     0x080074c4        0x4
                0x080074c4                        . = ALIGN (0x4)
                [!provide]                        PROVIDE (__fini_array_start = .)
 *(SORT_BY_NAME(.fini_array.*))
 *(.fini_array*)
 .fini_array    0x080074c4        0x4 C:/ST/STM32CubeIDE_1.18.0/STM32CubeIDE/plugins/com.st.stm32cube.ide.mcu.externaltools.gnu-tools-for-stm32.13.3.rel1.win32_1.0.0.202411081344/tools/bin/../lib/gcc/arm-none-eabi/13.3.1/thumb/v7e-m+fp/hard/crtbegin.o
                [!provide]                        PROVIDE (__fini_array_end = .)
                0x080074c8                        . = ALIGN (0x4)
                0x080074c8                        _sidata = LOADADDR (.data)

.rel.dyn        0x080074c8        0x0
 .rel.iplt      0x080074c8        0x0 C:/ST/STM32CubeIDE_1.18.0/STM32CubeIDE/plugins/com.st.stm32cube.ide.mcu.externaltools.gnu-tools-for-stm32.13.3.rel1.win32_1.0.0.202411081344/tools/bin/../lib/gcc/arm-none-eabi/13.3.1/thumb/v7e-m+fp/hard/crtbegin.o

.data           0x20000000      0x5a8 load address 0x080074c8
                0x20000000                        . = ALIGN (0x4)
                0x20000000                        _sdata = .
 *(.data)
 *(.data*)
 .data.SystemCoreClock
                0x20000000        0x4 ./Core/Src/system_stm32f4xx.o
                0x20000000                SystemCoreClock
 .data.uwTickPrio
                0x20000004        0x4 ./Drivers/STM32F4xx_HAL_Driver/Src/stm32f4xx_hal.o
                0x20000004                uwTickPrio
 .data.uwTickFreq
                0x20000008        0x1 ./Drivers/STM32F4xx_HAL_Driver/Src/stm32f4xx_hal.o
                0x20000008                uwTickFreq
 *fill*         0x20000009        0x3 
 .data.USBD_CUSTOM_HID
                0x2000000c       0x38 ./Middlewares/ST/STM32_USB_Device_Library/Class/CustomHID/Src/usbd_customhid.o
                0x2000000c                USBD_CUSTOM_HID
 .data.USBD_CUSTOM_HID_CfgDesc
                0x20000044       0x29 ./Middlewares/ST/STM32_USB_Device_Library/Class/CustomHID/Src/usbd_customhid.o
 *fill*         0x2000006d        0x3 
 .data.USBD_CUSTOM_HID_Desc
                0x20000070        0x9 ./Middlewares/ST/STM32_USB_Device_Library/Class/CustomHID/Src/usbd_customhid.o
 *fill*         0x20000079        0x3 
 .data.USBD_CUSTOM_HID_DeviceQualifierDesc
                0x2000007c        0xa ./Middlewares/ST/STM32_USB_Device_Library/Class/CustomHID/Src/usbd_customhid.o
 .data.CUSTOMHIDInEpAdd
                0x20000086        0x1 ./Middlewares/ST/STM32_USB_Device_Library/Class/CustomHID/Src/usbd_customhid.o
 .data.CUSTOMHIDOutEpAdd
                0x20000087        0x1 ./Middlewares/ST/STM32_USB_Device_Library/Class/CustomHID/Src/usbd_customhid.o
 .data.CUSTOM_HID_ReportDesc_FS
                0x20000088      0x4b8 ./USB_DEVICE/App/usbd_custom_hid_if.o
 .data.USBD_CustomHID_fops_FS
                0x20000540       0x18 ./USB_DEVICE/App/usbd_custom_hid_if.o
                0x20000540                USBD_CustomHID_fops_FS
 .data.FS_Desc  0x20000558       0x1c ./USB_DEVICE/App/usbd_desc.o
                0x20000558                FS_Desc
 .data.USBD_FS_DeviceDesc
                0x20000574       0x12 ./USB_DEVICE/App/usbd_desc.o
                0x20000574                USBD_FS_DeviceDesc
 *fill*         0x20000586        0x2 
 .data.USBD_LangIDDesc
                0x20000588        0x4 ./USB_DEVICE/App/usbd_desc.o
                0x20000588                USBD_LangIDDesc
 .data.USBD_StringSerial
                0x2000058c       0x1a ./USB_DEVICE/App/usbd_desc.o
                0x2000058c                USBD_StringSerial
 *(.RamFunc)
 *(.RamFunc*)
                0x200005a8                        . = ALIGN (0x4)
 *fill*         0x200005a6        0x2 
                0x200005a8                        _edata = .
                0x08007a70                        _siccmram = LOADADDR (.ccmram)

.igot.plt       0x200005a8        0x0 load address 0x08007a70
 .igot.plt      0x200005a8        0x0 C:/ST/STM32CubeIDE_1.18.0/STM32CubeIDE/plugins/com.st.stm32cube.ide.mcu.externaltools.gnu-tools-for-stm32.13.3.rel1.win32_1.0.0.202411081344/tools/bin/../lib/gcc/arm-none-eabi/13.3.1/thumb/v7e-m+fp/hard/crtbegin.o

.ccmram         0x10000000        0x0 load address 0x08007a70
                0x10000000                        . = ALIGN (0x4)
                0x10000000                        _sccmram = .
 *(.ccmram)
 *(.ccmram*)
                0x10000000                        . = ALIGN (0x4)
                0x10000000                        _eccmram = .
                0x10000000                        . = ALIGN (0x4)

.bss            0x200005a8      0xaa0
                0x200005a8                        _sbss = .
                0x200005a8                        __bss_start__ = _sbss
 *(.bss)
 .bss           0x200005a8       0x1c C:/ST/STM32CubeIDE_1.18.0/STM32CubeIDE/plugins/com.st.stm32cube.ide.mcu.externaltools.gnu-tools-for-stm32.13.3.rel1.win32_1.0.0.202411081344/tools/bin/../lib/gcc/arm-none-eabi/13.3.1/thumb/v7e-m+fp/hard/crtbegin.o
 *(.bss*)
 .bss.htim3     0x200005c4       0x48 ./Core/Src/main.o
                0x200005c4                htim3
 .bss.reportContainer
                0x2000060c       0x19 ./Core/Src/main.o
                0x2000060c                reportContainer
 *fill*         0x20000625        0x1 
 .bss.encoder   0x20000626        0x2 ./Core/Src/main.o
 .bss.uwTick    0x20000628        0x4 ./Drivers/STM32F4xx_HAL_Driver/Src/stm32f4xx_hal.o
                0x20000628                uwTick
 .bss.cfgidx.0  0x2000062c        0x1 ./Middlewares/ST/STM32_USB_Device_Library/Core/Src/usbd_ctlreq.o
 *fill*         0x2000062d        0x3 
 .bss.hUsbDeviceFS
                0x20000630      0x2dc ./USB_DEVICE/App/usb_device.o
                0x20000630                hUsbDeviceFS
 .bss.USBD_StrDesc
                0x2000090c      0x200 ./USB_DEVICE/App/usbd_desc.o
                0x2000090c                USBD_StrDesc
 .bss.hpcd_USB_OTG_FS
                0x20000b0c      0x4e4 ./USB_DEVICE/Target/usbd_conf.o
                0x20000b0c                hpcd_USB_OTG_FS
 .bss.mem.0     0x20000ff0       0x58 ./USB_DEVICE/Target/usbd_conf.o
 *(COMMON)
                0x20001048                        . = ALIGN (0x4)
                0x20001048                        _ebss = .
                0x20001048                        __bss_end__ = _ebss

._user_heap_stack
                0x20001048      0x600
                0x20001048                        . = ALIGN (0x8)
                [!provide]                        PROVIDE (end = .)
                0x20001048                        PROVIDE (_end = .)
                0x20001248                        . = (. + _Min_Heap_Size)
 *fill*         0x20001048      0x200 
                0x20001648                        . = (. + _Min_Stack_Size)
 *fill*         0x20001248      0x400 
                0x20001648                        . = ALIGN (0x8)

/DISCARD/
 libc.a(*)
 libm.a(*)
 libgcc.a(*)

.ARM.attributes
                0x00000000       0x30
 *(.ARM.attributes)
 .ARM.attributes
                0x00000000       0x22 C:/ST/STM32CubeIDE_1.18.0/STM32CubeIDE/plugins/com.st.stm32cube.ide.mcu.externaltools.gnu-tools-for-stm32.13.3.rel1.win32_1.0.0.202411081344/tools/bin/../lib/gcc/arm-none-eabi/13.3.1/thumb/v7e-m+fp/hard/crti.o
 .ARM.attributes
                0x00000022       0x34 C:/ST/STM32CubeIDE_1.18.0/STM32CubeIDE/plugins/com.st.stm32cube.ide.mcu.externaltools.gnu-tools-for-stm32.13.3.rel1.win32_1.0.0.202411081344/tools/bin/../lib/gcc/arm-none-eabi/13.3.1/thumb/v7e-m+fp/hard/crtbegin.o
 .ARM.attributes
                0x00000056       0x34 ./Core/Src/main.o
 .ARM.attributes
                0x0000008a       0x34 ./Core/Src/stm32f4xx_hal_msp.o
 .ARM.attributes
                0x000000be       0x34 ./Core/Src/stm32f4xx_it.o
 .ARM.attributes
                0x000000f2       0x34 ./Core/Src/system_stm32f4xx.o
 .ARM.attributes
                0x00000126       0x21 ./Core/Startup/startup_stm32f405rgtx.o
 .ARM.attributes
                0x00000147       0x34 ./Drivers/STM32F4xx_HAL_Driver/Src/stm32f4xx_hal.o
 .ARM.attributes
                0x0000017b       0x34 ./Drivers/STM32F4xx_HAL_Driver/Src/stm32f4xx_hal_cortex.o
 .ARM.attributes
                0x000001af       0x34 ./Drivers/STM32F4xx_HAL_Driver/Src/stm32f4xx_hal_gpio.o
 .ARM.attributes
                0x000001e3       0x34 ./Drivers/STM32F4xx_HAL_Driver/Src/stm32f4xx_hal_pcd.o
 .ARM.attributes
                0x00000217       0x34 ./Drivers/STM32F4xx_HAL_Driver/Src/stm32f4xx_hal_pcd_ex.o
 .ARM.attributes
                0x0000024b       0x34 ./Drivers/STM32F4xx_HAL_Driver/Src/stm32f4xx_hal_rcc.o
 .ARM.attributes
                0x0000027f       0x34 ./Drivers/STM32F4xx_HAL_Driver/Src/stm32f4xx_hal_tim.o
 .ARM.attributes
                0x000002b3       0x34 ./Drivers/STM32F4xx_HAL_Driver/Src/stm32f4xx_hal_tim_ex.o
 .ARM.attributes
                0x000002e7       0x34 ./Drivers/STM32F4xx_HAL_Driver/Src/stm32f4xx_ll_usb.o
 .ARM.attributes
                0x0000031b       0x34 ./Middlewares/ST/STM32_USB_Device_Library/Class/CustomHID/Src/usbd_customhid.o
 .ARM.attributes
                0x0000034f       0x34 ./Middlewares/ST/STM32_USB_Device_Library/Core/Src/usbd_core.o
 .ARM.attributes
                0x00000383       0x34 ./Middlewares/ST/STM32_USB_Device_Library/Core/Src/usbd_ctlreq.o
 .ARM.attributes
                0x000003b7       0x34 ./Middlewares/ST/STM32_USB_Device_Library/Core/Src/usbd_ioreq.o
 .ARM.attributes
                0x000003eb       0x34 ./USB_DEVICE/App/usb_device.o
 .ARM.attributes
                0x0000041f       0x34 ./USB_DEVICE/App/usbd_custom_hid_if.o
 .ARM.attributes
                0x00000453       0x34 ./USB_DEVICE/App/usbd_desc.o
 .ARM.attributes
                0x00000487       0x34 ./USB_DEVICE/Target/usbd_conf.o
 .ARM.attributes
                0x000004bb       0x34 C:/ST/STM32CubeIDE_1.18.0/STM32CubeIDE/plugins/com.st.stm32cube.ide.mcu.externaltools.gnu-tools-for-stm32.13.3.rel1.win32_1.0.0.202411081344/tools/bin/../lib/gcc/arm-none-eabi/13.3.1/../../../../arm-none-eabi/lib/thumb/v7e-m+fp/hard\libc_nano.a(libc_a-memset.o)
 .ARM.attributes
                0x000004ef       0x34 C:/ST/STM32CubeIDE_1.18.0/STM32CubeIDE/plugins/com.st.stm32cube.ide.mcu.externaltools.gnu-tools-for-stm32.13.3.rel1.win32_1.0.0.202411081344/tools/bin/../lib/gcc/arm-none-eabi/13.3.1/../../../../arm-none-eabi/lib/thumb/v7e-m+fp/hard\libc_nano.a(libc_a-init.o)
 .ARM.attributes
                0x00000523       0x22 C:/ST/STM32CubeIDE_1.18.0/STM32CubeIDE/plugins/com.st.stm32cube.ide.mcu.externaltools.gnu-tools-for-stm32.13.3.rel1.win32_1.0.0.202411081344/tools/bin/../lib/gcc/arm-none-eabi/13.3.1/thumb/v7e-m+fp/hard\libgcc.a(_aeabi_uldivmod.o)
 .ARM.attributes
                0x00000545       0x34 C:/ST/STM32CubeIDE_1.18.0/STM32CubeIDE/plugins/com.st.stm32cube.ide.mcu.externaltools.gnu-tools-for-stm32.13.3.rel1.win32_1.0.0.202411081344/tools/bin/../lib/gcc/arm-none-eabi/13.3.1/thumb/v7e-m+fp/hard\libgcc.a(_udivmoddi4.o)
 .ARM.attributes
                0x00000579       0x22 C:/ST/STM32CubeIDE_1.18.0/STM32CubeIDE/plugins/com.st.stm32cube.ide.mcu.externaltools.gnu-tools-for-stm32.13.3.rel1.win32_1.0.0.202411081344/tools/bin/../lib/gcc/arm-none-eabi/13.3.1/thumb/v7e-m+fp/hard\libgcc.a(_dvmd_tls.o)
 .ARM.attributes
                0x0000059b       0x22 C:/ST/STM32CubeIDE_1.18.0/STM32CubeIDE/plugins/com.st.stm32cube.ide.mcu.externaltools.gnu-tools-for-stm32.13.3.rel1.win32_1.0.0.202411081344/tools/bin/../lib/gcc/arm-none-eabi/13.3.1/thumb/v7e-m+fp/hard/crtn.o
OUTPUT(SimulareVolan.elf elf32-littlearm)
LOAD linker stubs
LOAD C:/ST/STM32CubeIDE_1.18.0/STM32CubeIDE/plugins/com.st.stm32cube.ide.mcu.externaltools.gnu-tools-for-stm32.13.3.rel1.win32_1.0.0.202411081344/tools/bin/../lib/gcc/arm-none-eabi/13.3.1/../../../../arm-none-eabi/lib/thumb/v7e-m+fp/hard\libc.a
LOAD C:/ST/STM32CubeIDE_1.18.0/STM32CubeIDE/plugins/com.st.stm32cube.ide.mcu.externaltools.gnu-tools-for-stm32.13.3.rel1.win32_1.0.0.202411081344/tools/bin/../lib/gcc/arm-none-eabi/13.3.1/../../../../arm-none-eabi/lib/thumb/v7e-m+fp/hard\libm.a
LOAD C:/ST/STM32CubeIDE_1.18.0/STM32CubeIDE/plugins/com.st.stm32cube.ide.mcu.externaltools.gnu-tools-for-stm32.13.3.rel1.win32_1.0.0.202411081344/tools/bin/../lib/gcc/arm-none-eabi/13.3.1/thumb/v7e-m+fp/hard\libgcc.a

.debug_info     0x00000000    0x12637
 .debug_info    0x00000000     0x127b ./Core/Src/main.o
 .debug_info    0x0000127b      0xc65 ./Core/Src/stm32f4xx_hal_msp.o
 .debug_info    0x00001ee0      0xbbd ./Core/Src/stm32f4xx_it.o
 .debug_info    0x00002a9d      0x512 ./Core/Src/system_stm32f4xx.o
 .debug_info    0x00002faf       0x30 ./Core/Startup/startup_stm32f405rgtx.o
 .debug_info    0x00002fdf      0x932 ./Drivers/STM32F4xx_HAL_Driver/Src/stm32f4xx_hal.o
 .debug_info    0x00003911      0xd7a ./Drivers/STM32F4xx_HAL_Driver/Src/stm32f4xx_hal_cortex.o
 .debug_info    0x0000468b      0x6c3 ./Drivers/STM32F4xx_HAL_Driver/Src/stm32f4xx_hal_gpio.o
 .debug_info    0x00004d4e     0x156f ./Drivers/STM32F4xx_HAL_Driver/Src/stm32f4xx_hal_pcd.o
 .debug_info    0x000062bd      0x6ea ./Drivers/STM32F4xx_HAL_Driver/Src/stm32f4xx_hal_pcd_ex.o
 .debug_info    0x000069a7      0x8af ./Drivers/STM32F4xx_HAL_Driver/Src/stm32f4xx_hal_rcc.o
 .debug_info    0x00007256     0x299d ./Drivers/STM32F4xx_HAL_Driver/Src/stm32f4xx_hal_tim.o
 .debug_info    0x00009bf3     0x14db ./Drivers/STM32F4xx_HAL_Driver/Src/stm32f4xx_hal_tim_ex.o
 .debug_info    0x0000b0ce     0x1993 ./Drivers/STM32F4xx_HAL_Driver/Src/stm32f4xx_ll_usb.o
 .debug_info    0x0000ca61      0xc95 ./Middlewares/ST/STM32_USB_Device_Library/Class/CustomHID/Src/usbd_customhid.o
 .debug_info    0x0000d6f6      0xe05 ./Middlewares/ST/STM32_USB_Device_Library/Core/Src/usbd_core.o
 .debug_info    0x0000e4fb      0xade ./Middlewares/ST/STM32_USB_Device_Library/Core/Src/usbd_ctlreq.o
 .debug_info    0x0000efd9      0x755 ./Middlewares/ST/STM32_USB_Device_Library/Core/Src/usbd_ioreq.o
 .debug_info    0x0000f72e      0x6f7 ./USB_DEVICE/App/usb_device.o
 .debug_info    0x0000fe25      0x763 ./USB_DEVICE/App/usbd_custom_hid_if.o
 .debug_info    0x00010588      0x458 ./USB_DEVICE/App/usbd_desc.o
 .debug_info    0x000109e0     0x1c57 ./USB_DEVICE/Target/usbd_conf.o

.debug_abbrev   0x00000000     0x3010
 .debug_abbrev  0x00000000      0x317 ./Core/Src/main.o
 .debug_abbrev  0x00000317      0x1d6 ./Core/Src/stm32f4xx_hal_msp.o
 .debug_abbrev  0x000004ed      0x1e9 ./Core/Src/stm32f4xx_it.o
 .debug_abbrev  0x000006d6      0x11a ./Core/Src/system_stm32f4xx.o
 .debug_abbrev  0x000007f0       0x24 ./Core/Startup/startup_stm32f405rgtx.o
 .debug_abbrev  0x00000814      0x214 ./Drivers/STM32F4xx_HAL_Driver/Src/stm32f4xx_hal.o
 .debug_abbrev  0x00000a28      0x31d ./Drivers/STM32F4xx_HAL_Driver/Src/stm32f4xx_hal_cortex.o
 .debug_abbrev  0x00000d45      0x1d4 ./Drivers/STM32F4xx_HAL_Driver/Src/stm32f4xx_hal_gpio.o
 .debug_abbrev  0x00000f19      0x2b9 ./Drivers/STM32F4xx_HAL_Driver/Src/stm32f4xx_hal_pcd.o
 .debug_abbrev  0x000011d2      0x1da ./Drivers/STM32F4xx_HAL_Driver/Src/stm32f4xx_hal_pcd_ex.o
 .debug_abbrev  0x000013ac      0x2b7 ./Drivers/STM32F4xx_HAL_Driver/Src/stm32f4xx_hal_rcc.o
 .debug_abbrev  0x00001663      0x278 ./Drivers/STM32F4xx_HAL_Driver/Src/stm32f4xx_hal_tim.o
 .debug_abbrev  0x000018db      0x283 ./Drivers/STM32F4xx_HAL_Driver/Src/stm32f4xx_hal_tim_ex.o
 .debug_abbrev  0x00001b5e      0x2b3 ./Drivers/STM32F4xx_HAL_Driver/Src/stm32f4xx_ll_usb.o
 .debug_abbrev  0x00001e11      0x2d0 ./Middlewares/ST/STM32_USB_Device_Library/Class/CustomHID/Src/usbd_customhid.o
 .debug_abbrev  0x000020e1      0x27c ./Middlewares/ST/STM32_USB_Device_Library/Core/Src/usbd_core.o
 .debug_abbrev  0x0000235d      0x26f ./Middlewares/ST/STM32_USB_Device_Library/Core/Src/usbd_ctlreq.o
 .debug_abbrev  0x000025cc      0x19a ./Middlewares/ST/STM32_USB_Device_Library/Core/Src/usbd_ioreq.o
 .debug_abbrev  0x00002766      0x194 ./USB_DEVICE/App/usb_device.o
 .debug_abbrev  0x000028fa      0x1f6 ./USB_DEVICE/App/usbd_custom_hid_if.o
 .debug_abbrev  0x00002af0      0x1e1 ./USB_DEVICE/App/usbd_desc.o
 .debug_abbrev  0x00002cd1      0x33f ./USB_DEVICE/Target/usbd_conf.o

.debug_aranges  0x00000000     0x1098
 .debug_aranges
                0x00000000       0x48 ./Core/Src/main.o
 .debug_aranges
                0x00000048       0x30 ./Core/Src/stm32f4xx_hal_msp.o
 .debug_aranges
                0x00000078       0x70 ./Core/Src/stm32f4xx_it.o
 .debug_aranges
                0x000000e8       0x28 ./Core/Src/system_stm32f4xx.o
 .debug_aranges
                0x00000110       0x28 ./Core/Startup/startup_stm32f405rgtx.o
 .debug_aranges
                0x00000138       0xf0 ./Drivers/STM32F4xx_HAL_Driver/Src/stm32f4xx_hal.o
 .debug_aranges
                0x00000228      0x130 ./Drivers/STM32F4xx_HAL_Driver/Src/stm32f4xx_hal_cortex.o
 .debug_aranges
                0x00000358       0x58 ./Drivers/STM32F4xx_HAL_Driver/Src/stm32f4xx_hal_gpio.o
 .debug_aranges
                0x000003b0      0x148 ./Drivers/STM32F4xx_HAL_Driver/Src/stm32f4xx_hal_pcd.o
 .debug_aranges
                0x000004f8       0x38 ./Drivers/STM32F4xx_HAL_Driver/Src/stm32f4xx_hal_pcd_ex.o
 .debug_aranges
                0x00000530       0x88 ./Drivers/STM32F4xx_HAL_Driver/Src/stm32f4xx_hal_rcc.o
 .debug_aranges
                0x000005b8      0x3d0 ./Drivers/STM32F4xx_HAL_Driver/Src/stm32f4xx_hal_tim.o
 .debug_aranges
                0x00000988      0x168 ./Drivers/STM32F4xx_HAL_Driver/Src/stm32f4xx_hal_tim_ex.o
 .debug_aranges
                0x00000af0      0x1a0 ./Drivers/STM32F4xx_HAL_Driver/Src/stm32f4xx_ll_usb.o
 .debug_aranges
                0x00000c90       0x80 ./Middlewares/ST/STM32_USB_Device_Library/Class/CustomHID/Src/usbd_customhid.o
 .debug_aranges
                0x00000d10       0xd8 ./Middlewares/ST/STM32_USB_Device_Library/Core/Src/usbd_core.o
 .debug_aranges
                0x00000de8       0x90 ./Middlewares/ST/STM32_USB_Device_Library/Core/Src/usbd_ctlreq.o
 .debug_aranges
                0x00000e78       0x50 ./Middlewares/ST/STM32_USB_Device_Library/Core/Src/usbd_ioreq.o
 .debug_aranges
                0x00000ec8       0x20 ./USB_DEVICE/App/usb_device.o
 .debug_aranges
                0x00000ee8       0x40 ./USB_DEVICE/App/usbd_custom_hid_if.o
 .debug_aranges
                0x00000f28       0x60 ./USB_DEVICE/App/usbd_desc.o
 .debug_aranges
                0x00000f88      0x110 ./USB_DEVICE/Target/usbd_conf.o

.debug_rnglists
                0x00000000      0xc9e
 .debug_rnglists
                0x00000000       0x34 ./Core/Src/main.o
 .debug_rnglists
                0x00000034       0x20 ./Core/Src/stm32f4xx_hal_msp.o
 .debug_rnglists
                0x00000054       0x4f ./Core/Src/stm32f4xx_it.o
 .debug_rnglists
                0x000000a3       0x1a ./Core/Src/system_stm32f4xx.o
 .debug_rnglists
                0x000000bd       0x19 ./Core/Startup/startup_stm32f405rgtx.o
 .debug_rnglists
                0x000000d6       0xaf ./Drivers/STM32F4xx_HAL_Driver/Src/stm32f4xx_hal.o
 .debug_rnglists
                0x00000185       0xe0 ./Drivers/STM32F4xx_HAL_Driver/Src/stm32f4xx_hal_cortex.o
 .debug_rnglists
                0x00000265       0x3f ./Drivers/STM32F4xx_HAL_Driver/Src/stm32f4xx_hal_gpio.o
 .debug_rnglists
                0x000002a4       0xfa ./Drivers/STM32F4xx_HAL_Driver/Src/stm32f4xx_hal_pcd.o
 .debug_rnglists
                0x0000039e       0x26 ./Drivers/STM32F4xx_HAL_Driver/Src/stm32f4xx_hal_pcd_ex.o
 .debug_rnglists
                0x000003c4       0x66 ./Drivers/STM32F4xx_HAL_Driver/Src/stm32f4xx_hal_rcc.o
 .debug_rnglists
                0x0000042a      0x31a ./Drivers/STM32F4xx_HAL_Driver/Src/stm32f4xx_hal_tim.o
 .debug_rnglists
                0x00000744      0x125 ./Drivers/STM32F4xx_HAL_Driver/Src/stm32f4xx_hal_tim_ex.o
 .debug_rnglists
                0x00000869      0x147 ./Drivers/STM32F4xx_HAL_Driver/Src/stm32f4xx_ll_usb.o
 .debug_rnglists
                0x000009b0       0x5e ./Middlewares/ST/STM32_USB_Device_Library/Class/CustomHID/Src/usbd_customhid.o
 .debug_rnglists
                0x00000a0e       0xa1 ./Middlewares/ST/STM32_USB_Device_Library/Core/Src/usbd_core.o
 .debug_rnglists
                0x00000aaf       0x6e ./Middlewares/ST/STM32_USB_Device_Library/Core/Src/usbd_ctlreq.o
 .debug_rnglists
                0x00000b1d       0x37 ./Middlewares/ST/STM32_USB_Device_Library/Core/Src/usbd_ioreq.o
 .debug_rnglists
                0x00000b54       0x13 ./USB_DEVICE/App/usb_device.o
 .debug_rnglists
                0x00000b67       0x2b ./USB_DEVICE/App/usbd_custom_hid_if.o
 .debug_rnglists
                0x00000b92       0x43 ./USB_DEVICE/App/usbd_desc.o
 .debug_rnglists
                0x00000bd5       0xc9 ./USB_DEVICE/Target/usbd_conf.o

.debug_macro    0x00000000    0x21ab3
 .debug_macro   0x00000000      0x356 ./Core/Src/main.o
 .debug_macro   0x00000356      0xae4 ./Core/Src/main.o
 .debug_macro   0x00000e3a      0x29b ./Core/Src/main.o
 .debug_macro   0x000010d5       0x2e ./Core/Src/main.o
 .debug_macro   0x00001103       0x2f ./Core/Src/main.o
 .debug_macro   0x00001132       0x22 ./Core/Src/main.o
 .debug_macro   0x00001154       0x8e ./Core/Src/main.o
 .debug_macro   0x000011e2       0x51 ./Core/Src/main.o
 .debug_macro   0x00001233      0x103 ./Core/Src/main.o
 .debug_macro   0x00001336       0x6a ./Core/Src/main.o
 .debug_macro   0x000013a0      0x1df ./Core/Src/main.o
 .debug_macro   0x0000157f       0x1c ./Core/Src/main.o
 .debug_macro   0x0000159b       0x22 ./Core/Src/main.o
 .debug_macro   0x000015bd       0xfb ./Core/Src/main.o
 .debug_macro   0x000016b8     0x1011 ./Core/Src/main.o
 .debug_macro   0x000026c9      0x11f ./Core/Src/main.o
 .debug_macro   0x000027e8    0x1426d ./Core/Src/main.o
 .debug_macro   0x00016a55       0x6d ./Core/Src/main.o
 .debug_macro   0x00016ac2     0x369a ./Core/Src/main.o
 .debug_macro   0x0001a15c      0x190 ./Core/Src/main.o
 .debug_macro   0x0001a2ec       0x5c ./Core/Src/main.o
 .debug_macro   0x0001a348      0x8bc ./Core/Src/main.o
 .debug_macro   0x0001ac04      0x9e9 ./Core/Src/main.o
 .debug_macro   0x0001b5ed      0x115 ./Core/Src/main.o
 .debug_macro   0x0001b702      0x130 ./Core/Src/main.o
 .debug_macro   0x0001b832       0xa5 ./Core/Src/main.o
 .debug_macro   0x0001b8d7      0x174 ./Core/Src/main.o
 .debug_macro   0x0001ba4b      0x287 ./Core/Src/main.o
 .debug_macro   0x0001bcd2       0x5f ./Core/Src/main.o
 .debug_macro   0x0001bd31      0x236 ./Core/Src/main.o
 .debug_macro   0x0001bf67      0x12c ./Core/Src/main.o
 .debug_macro   0x0001c093      0x21e ./Core/Src/main.o
 .debug_macro   0x0001c2b1       0x2e ./Core/Src/main.o
 .debug_macro   0x0001c2df      0x127 ./Core/Src/main.o
 .debug_macro   0x0001c406       0x7e ./Core/Src/main.o
 .debug_macro   0x0001c484       0x89 ./Core/Src/main.o
 .debug_macro   0x0001c50d      0x8ed ./Core/Src/main.o
 .debug_macro   0x0001cdfa       0x4d ./Core/Src/main.o
 .debug_macro   0x0001ce47      0x293 ./Core/Src/main.o
 .debug_macro   0x0001d0da       0xba ./Core/Src/main.o
 .debug_macro   0x0001d194      0x12d ./Core/Src/main.o
 .debug_macro   0x0001d2c1       0x61 ./Core/Src/main.o
 .debug_macro   0x0001d322       0x2a ./Core/Src/main.o
 .debug_macro   0x0001d34c       0x43 ./Core/Src/main.o
 .debug_macro   0x0001d38f       0x34 ./Core/Src/main.o
 .debug_macro   0x0001d3c3       0x16 ./Core/Src/main.o
 .debug_macro   0x0001d3d9       0x3c ./Core/Src/main.o
 .debug_macro   0x0001d415      0x370 ./Core/Src/main.o
 .debug_macro   0x0001d785       0x10 ./Core/Src/main.o
 .debug_macro   0x0001d795       0x16 ./Core/Src/main.o
 .debug_macro   0x0001d7ab       0x4a ./Core/Src/main.o
 .debug_macro   0x0001d7f5       0x34 ./Core/Src/main.o
 .debug_macro   0x0001d829       0x10 ./Core/Src/main.o
 .debug_macro   0x0001d839       0x58 ./Core/Src/main.o
 .debug_macro   0x0001d891       0x8e ./Core/Src/main.o
 .debug_macro   0x0001d91f       0x1c ./Core/Src/main.o
 .debug_macro   0x0001d93b      0x185 ./Core/Src/main.o
 .debug_macro   0x0001dac0       0x16 ./Core/Src/main.o
 .debug_macro   0x0001dad6       0x16 ./Core/Src/main.o
 .debug_macro   0x0001daec      0x146 ./Core/Src/main.o
 .debug_macro   0x0001dc32       0x16 ./Core/Src/main.o
 .debug_macro   0x0001dc48       0x16 ./Core/Src/main.o
 .debug_macro   0x0001dc5e       0x29 ./Core/Src/main.o
 .debug_macro   0x0001dc87       0x16 ./Core/Src/main.o
 .debug_macro   0x0001dc9d       0x20 ./Core/Src/main.o
 .debug_macro   0x0001dcbd       0x78 ./Core/Src/main.o
 .debug_macro   0x0001dd35      0x20f ./Core/Src/main.o
 .debug_macro   0x0001df44      0x1f2 ./Core/Src/stm32f4xx_hal_msp.o
 .debug_macro   0x0001e136      0x1fc ./Core/Src/stm32f4xx_it.o
 .debug_macro   0x0001e332      0x1e8 ./Core/Src/system_stm32f4xx.o
 .debug_macro   0x0001e51a      0x248 ./Drivers/STM32F4xx_HAL_Driver/Src/stm32f4xx_hal.o
 .debug_macro   0x0001e762      0x1e8 ./Drivers/STM32F4xx_HAL_Driver/Src/stm32f4xx_hal_cortex.o
 .debug_macro   0x0001e94a      0x1ee ./Drivers/STM32F4xx_HAL_Driver/Src/stm32f4xx_hal_gpio.o
 .debug_macro   0x0001eb38      0x1f4 ./Drivers/STM32F4xx_HAL_Driver/Src/stm32f4xx_hal_pcd.o
 .debug_macro   0x0001ed2c      0x1e8 ./Drivers/STM32F4xx_HAL_Driver/Src/stm32f4xx_hal_pcd_ex.o
 .debug_macro   0x0001ef14      0x20c ./Drivers/STM32F4xx_HAL_Driver/Src/stm32f4xx_hal_rcc.o
 .debug_macro   0x0001f120      0x1e9 ./Drivers/STM32F4xx_HAL_Driver/Src/stm32f4xx_hal_tim.o
 .debug_macro   0x0001f309      0x1e8 ./Drivers/STM32F4xx_HAL_Driver/Src/stm32f4xx_hal_tim_ex.o
 .debug_macro   0x0001f4f1      0x1e8 ./Drivers/STM32F4xx_HAL_Driver/Src/stm32f4xx_ll_usb.o
 .debug_macro   0x0001f6d9      0x381 ./Middlewares/ST/STM32_USB_Device_Library/Class/CustomHID/Src/usbd_customhid.o
 .debug_macro   0x0001fa5a       0x9e ./Middlewares/ST/STM32_USB_Device_Library/Class/CustomHID/Src/usbd_customhid.o
 .debug_macro   0x0001faf8      0x112 ./Middlewares/ST/STM32_USB_Device_Library/Class/CustomHID/Src/usbd_customhid.o
 .debug_macro   0x0001fc0a       0x56 ./Middlewares/ST/STM32_USB_Device_Library/Class/CustomHID/Src/usbd_customhid.o
 .debug_macro   0x0001fc60       0x65 ./Middlewares/ST/STM32_USB_Device_Library/Class/CustomHID/Src/usbd_customhid.o
 .debug_macro   0x0001fcc5      0x368 ./Middlewares/ST/STM32_USB_Device_Library/Core/Src/usbd_core.o
 .debug_macro   0x0002002d      0x215 ./Middlewares/ST/STM32_USB_Device_Library/Core/Src/usbd_core.o
 .debug_macro   0x00020242      0x372 ./Middlewares/ST/STM32_USB_Device_Library/Core/Src/usbd_ctlreq.o
 .debug_macro   0x000205b4      0x36e ./Middlewares/ST/STM32_USB_Device_Library/Core/Src/usbd_ioreq.o
 .debug_macro   0x00020922      0x3a7 ./USB_DEVICE/App/usb_device.o
 .debug_macro   0x00020cc9       0x22 ./USB_DEVICE/App/usb_device.o
 .debug_macro   0x00020ceb      0x178 ./USB_DEVICE/App/usb_device.o
 .debug_macro   0x00020e63      0x38c ./USB_DEVICE/App/usbd_custom_hid_if.o
 .debug_macro   0x000211ef      0x172 ./USB_DEVICE/App/usbd_custom_hid_if.o
 .debug_macro   0x00021361      0x3ab ./USB_DEVICE/App/usbd_desc.o
 .debug_macro   0x0002170c       0x1c ./USB_DEVICE/App/usbd_desc.o
 .debug_macro   0x00021728      0x38b ./USB_DEVICE/Target/usbd_conf.o

.debug_line     0x00000000    0x14970
 .debug_line    0x00000000      0xadf ./Core/Src/main.o
 .debug_line    0x00000adf      0x7c5 ./Core/Src/stm32f4xx_hal_msp.o
 .debug_line    0x000012a4      0x854 ./Core/Src/stm32f4xx_it.o
 .debug_line    0x00001af8      0x7fa ./Core/Src/system_stm32f4xx.o
 .debug_line    0x000022f2       0x7a ./Core/Startup/startup_stm32f405rgtx.o
 .debug_line    0x0000236c      0xa67 ./Drivers/STM32F4xx_HAL_Driver/Src/stm32f4xx_hal.o
 .debug_line    0x00002dd3      0xd37 ./Drivers/STM32F4xx_HAL_Driver/Src/stm32f4xx_hal_cortex.o
 .debug_line    0x00003b0a      0xbbf ./Drivers/STM32F4xx_HAL_Driver/Src/stm32f4xx_hal_gpio.o
 .debug_line    0x000046c9     0x14ac ./Drivers/STM32F4xx_HAL_Driver/Src/stm32f4xx_hal_pcd.o
 .debug_line    0x00005b75      0x830 ./Drivers/STM32F4xx_HAL_Driver/Src/stm32f4xx_hal_pcd_ex.o
 .debug_line    0x000063a5      0xe76 ./Drivers/STM32F4xx_HAL_Driver/Src/stm32f4xx_hal_rcc.o
 .debug_line    0x0000721b     0x37e4 ./Drivers/STM32F4xx_HAL_Driver/Src/stm32f4xx_hal_tim.o
 .debug_line    0x0000a9ff     0x19c7 ./Drivers/STM32F4xx_HAL_Driver/Src/stm32f4xx_hal_tim_ex.o
 .debug_line    0x0000c3c6     0x1d8e ./Drivers/STM32F4xx_HAL_Driver/Src/stm32f4xx_ll_usb.o
 .debug_line    0x0000e154      0xe7a ./Middlewares/ST/STM32_USB_Device_Library/Class/CustomHID/Src/usbd_customhid.o
 .debug_line    0x0000efce      0xf77 ./Middlewares/ST/STM32_USB_Device_Library/Core/Src/usbd_core.o
 .debug_line    0x0000ff45     0x1154 ./Middlewares/ST/STM32_USB_Device_Library/Core/Src/usbd_ctlreq.o
 .debug_line    0x00011099      0xa8d ./Middlewares/ST/STM32_USB_Device_Library/Core/Src/usbd_ioreq.o
 .debug_line    0x00011b26      0xa6c ./USB_DEVICE/App/usb_device.o
 .debug_line    0x00012592      0xa9a ./USB_DEVICE/App/usbd_custom_hid_if.o
 .debug_line    0x0001302c      0xb02 ./USB_DEVICE/App/usbd_desc.o
 .debug_line    0x00013b2e      0xe42 ./USB_DEVICE/Target/usbd_conf.o

.debug_str      0x00000000    0xc21ac
 .debug_str     0x00000000    0xc21ac ./Core/Src/main.o
                              0xbd817 (size before relaxing)
 .debug_str     0x000c21ac    0xb92df ./Core/Src/stm32f4xx_hal_msp.o
 .debug_str     0x000c21ac    0xb9078 ./Core/Src/stm32f4xx_it.o
 .debug_str     0x000c21ac    0xb8870 ./Core/Src/system_stm32f4xx.o
 .debug_str     0x000c21ac       0x88 ./Core/Startup/startup_stm32f405rgtx.o
 .debug_str     0x000c21ac    0xb93d3 ./Drivers/STM32F4xx_HAL_Driver/Src/stm32f4xx_hal.o
 .debug_str     0x000c21ac    0xb914f ./Drivers/STM32F4xx_HAL_Driver/Src/stm32f4xx_hal_cortex.o
 .debug_str     0x000c21ac    0xb89eb ./Drivers/STM32F4xx_HAL_Driver/Src/stm32f4xx_hal_gpio.o
 .debug_str     0x000c21ac    0xb934e ./Drivers/STM32F4xx_HAL_Driver/Src/stm32f4xx_hal_pcd.o
 .debug_str     0x000c21ac    0xb8c3e ./Drivers/STM32F4xx_HAL_Driver/Src/stm32f4xx_hal_pcd_ex.o
 .debug_str     0x000c21ac    0xb8ca4 ./Drivers/STM32F4xx_HAL_Driver/Src/stm32f4xx_hal_rcc.o
 .debug_str     0x000c21ac    0xb9bfa ./Drivers/STM32F4xx_HAL_Driver/Src/stm32f4xx_hal_tim.o
 .debug_str     0x000c21ac    0xb9406 ./Drivers/STM32F4xx_HAL_Driver/Src/stm32f4xx_hal_tim_ex.o
 .debug_str     0x000c21ac    0xb9229 ./Drivers/STM32F4xx_HAL_Driver/Src/stm32f4xx_ll_usb.o
 .debug_str     0x000c21ac    0xbd534 ./Middlewares/ST/STM32_USB_Device_Library/Class/CustomHID/Src/usbd_customhid.o
 .debug_str     0x000c21ac    0xbd2a7 ./Middlewares/ST/STM32_USB_Device_Library/Core/Src/usbd_core.o
 .debug_str     0x000c21ac    0xbd0d2 ./Middlewares/ST/STM32_USB_Device_Library/Core/Src/usbd_ctlreq.o
 .debug_str     0x000c21ac    0xbcfa7 ./Middlewares/ST/STM32_USB_Device_Library/Core/Src/usbd_ioreq.o
 .debug_str     0x000c21ac    0xbd776 ./USB_DEVICE/App/usb_device.o
 .debug_str     0x000c21ac    0xbd723 ./USB_DEVICE/App/usbd_custom_hid_if.o
 .debug_str     0x000c21ac    0xbcebc ./USB_DEVICE/App/usbd_desc.o
 .debug_str     0x000c21ac    0xbe085 ./USB_DEVICE/Target/usbd_conf.o

.comment        0x00000000       0x43
 .comment       0x00000000       0x43 ./Core/Src/main.o
                                 0x44 (size before relaxing)
 .comment       0x00000043       0x44 ./Core/Src/stm32f4xx_hal_msp.o
 .comment       0x00000043       0x44 ./Core/Src/stm32f4xx_it.o
 .comment       0x00000043       0x44 ./Core/Src/system_stm32f4xx.o
 .comment       0x00000043       0x44 ./Drivers/STM32F4xx_HAL_Driver/Src/stm32f4xx_hal.o
 .comment       0x00000043       0x44 ./Drivers/STM32F4xx_HAL_Driver/Src/stm32f4xx_hal_cortex.o
 .comment       0x00000043       0x44 ./Drivers/STM32F4xx_HAL_Driver/Src/stm32f4xx_hal_gpio.o
 .comment       0x00000043       0x44 ./Drivers/STM32F4xx_HAL_Driver/Src/stm32f4xx_hal_pcd.o
 .comment       0x00000043       0x44 ./Drivers/STM32F4xx_HAL_Driver/Src/stm32f4xx_hal_pcd_ex.o
 .comment       0x00000043       0x44 ./Drivers/STM32F4xx_HAL_Driver/Src/stm32f4xx_hal_rcc.o
 .comment       0x00000043       0x44 ./Drivers/STM32F4xx_HAL_Driver/Src/stm32f4xx_hal_tim.o
 .comment       0x00000043       0x44 ./Drivers/STM32F4xx_HAL_Driver/Src/stm32f4xx_hal_tim_ex.o
 .comment       0x00000043       0x44 ./Drivers/STM32F4xx_HAL_Driver/Src/stm32f4xx_ll_usb.o
 .comment       0x00000043       0x44 ./Middlewares/ST/STM32_USB_Device_Library/Class/CustomHID/Src/usbd_customhid.o
 .comment       0x00000043       0x44 ./Middlewares/ST/STM32_USB_Device_Library/Core/Src/usbd_core.o
 .comment       0x00000043       0x44 ./Middlewares/ST/STM32_USB_Device_Library/Core/Src/usbd_ctlreq.o
 .comment       0x00000043       0x44 ./Middlewares/ST/STM32_USB_Device_Library/Core/Src/usbd_ioreq.o
 .comment       0x00000043       0x44 ./USB_DEVICE/App/usb_device.o
 .comment       0x00000043       0x44 ./USB_DEVICE/App/usbd_custom_hid_if.o
 .comment       0x00000043       0x44 ./USB_DEVICE/App/usbd_desc.o
 .comment       0x00000043       0x44 ./USB_DEVICE/Target/usbd_conf.o

.debug_frame    0x00000000     0x4510
 .debug_frame   0x00000000       0xdc ./Core/Src/main.o
 .debug_frame   0x000000dc       0x80 ./Core/Src/stm32f4xx_hal_msp.o
 .debug_frame   0x0000015c      0x13c ./Core/Src/stm32f4xx_it.o
 .debug_frame   0x00000298       0x58 ./Core/Src/system_stm32f4xx.o
 .debug_frame   0x000002f0      0x374 ./Drivers/STM32F4xx_HAL_Driver/Src/stm32f4xx_hal.o
 .debug_frame   0x00000664      0x508 ./Drivers/STM32F4xx_HAL_Driver/Src/stm32f4xx_hal_cortex.o
 .debug_frame   0x00000b6c      0x14c ./Drivers/STM32F4xx_HAL_Driver/Src/stm32f4xx_hal_gpio.o
 .debug_frame   0x00000cb8      0x5b8 ./Drivers/STM32F4xx_HAL_Driver/Src/stm32f4xx_hal_pcd.o
 .debug_frame   0x00001270       0xb0 ./Drivers/STM32F4xx_HAL_Driver/Src/stm32f4xx_hal_pcd_ex.o
 .debug_frame   0x00001320      0x1f4 ./Drivers/STM32F4xx_HAL_Driver/Src/stm32f4xx_hal_rcc.o
 .debug_frame   0x00001514     0x11c0 ./Drivers/STM32F4xx_HAL_Driver/Src/stm32f4xx_hal_tim.o
 .debug_frame   0x000026d4      0x638 ./Drivers/STM32F4xx_HAL_Driver/Src/stm32f4xx_hal_tim_ex.o
 .debug_frame   0x00002d0c      0x7c0 ./Drivers/STM32F4xx_HAL_Driver/Src/stm32f4xx_ll_usb.o
 .debug_frame   0x000034cc      0x1f4 ./Middlewares/ST/STM32_USB_Device_Library/Class/CustomHID/Src/usbd_customhid.o
 .debug_frame   0x000036c0      0x390 ./Middlewares/ST/STM32_USB_Device_Library/Core/Src/usbd_core.o
 .debug_frame   0x00003a50      0x23c ./Middlewares/ST/STM32_USB_Device_Library/Core/Src/usbd_ctlreq.o
 .debug_frame   0x00003c8c      0x10c ./Middlewares/ST/STM32_USB_Device_Library/Core/Src/usbd_ioreq.o
 .debug_frame   0x00003d98       0x2c ./USB_DEVICE/App/usb_device.o
 .debug_frame   0x00003dc4       0xc4 ./USB_DEVICE/App/usbd_custom_hid_if.o
 .debug_frame   0x00003e88      0x160 ./USB_DEVICE/App/usbd_desc.o
 .debug_frame   0x00003fe8      0x47c ./USB_DEVICE/Target/usbd_conf.o
 .debug_frame   0x00004464       0x20 C:/ST/STM32CubeIDE_1.18.0/STM32CubeIDE/plugins/com.st.stm32cube.ide.mcu.externaltools.gnu-tools-for-stm32.13.3.rel1.win32_1.0.0.202411081344/tools/bin/../lib/gcc/arm-none-eabi/13.3.1/../../../../arm-none-eabi/lib/thumb/v7e-m+fp/hard\libc_nano.a(libc_a-memset.o)
 .debug_frame   0x00004484       0x2c C:/ST/STM32CubeIDE_1.18.0/STM32CubeIDE/plugins/com.st.stm32cube.ide.mcu.externaltools.gnu-tools-for-stm32.13.3.rel1.win32_1.0.0.202411081344/tools/bin/../lib/gcc/arm-none-eabi/13.3.1/../../../../arm-none-eabi/lib/thumb/v7e-m+fp/hard\libc_nano.a(libc_a-init.o)
 .debug_frame   0x000044b0       0x2c C:/ST/STM32CubeIDE_1.18.0/STM32CubeIDE/plugins/com.st.stm32cube.ide.mcu.externaltools.gnu-tools-for-stm32.13.3.rel1.win32_1.0.0.202411081344/tools/bin/../lib/gcc/arm-none-eabi/13.3.1/thumb/v7e-m+fp/hard\libgcc.a(_aeabi_uldivmod.o)
 .debug_frame   0x000044dc       0x34 C:/ST/STM32CubeIDE_1.18.0/STM32CubeIDE/plugins/com.st.stm32cube.ide.mcu.externaltools.gnu-tools-for-stm32.13.3.rel1.win32_1.0.0.202411081344/tools/bin/../lib/gcc/arm-none-eabi/13.3.1/thumb/v7e-m+fp/hard\libgcc.a(_udivmoddi4.o)

.debug_line_str
                0x00000000       0x6c
 .debug_line_str
                0x00000000       0x6c ./Core/Startup/startup_stm32f405rgtx.o
