Archive member included to satisfy reference by file (symbol)

C:/ST/STM32CubeIDE_1.18.0/STM32CubeIDE/plugins/com.st.stm32cube.ide.mcu.externaltools.gnu-tools-for-stm32.13.3.rel1.win32_1.0.0.202411081344/tools/bin/../lib/gcc/arm-none-eabi/13.3.1/../../../../arm-none-eabi/lib/thumb/v7-m/nofp\libc_nano.a(libc_a-exit.o)
                              C:/ST/STM32CubeIDE_1.18.0/STM32CubeIDE/plugins/com.st.stm32cube.ide.mcu.externaltools.gnu-tools-for-stm32.13.3.rel1.win32_1.0.0.202411081344/tools/bin/../lib/gcc/arm-none-eabi/13.3.1/../../../../arm-none-eabi/lib/thumb/v7-m/nofp/crt0.o (exit)
C:/ST/STM32CubeIDE_1.18.0/STM32CubeIDE/plugins/com.st.stm32cube.ide.mcu.externaltools.gnu-tools-for-stm32.13.3.rel1.win32_1.0.0.202411081344/tools/bin/../lib/gcc/arm-none-eabi/13.3.1/../../../../arm-none-eabi/lib/thumb/v7-m/nofp\libc_nano.a(libc_a-findfp.o)
                              C:/ST/STM32CubeIDE_1.18.0/STM32CubeIDE/plugins/com.st.stm32cube.ide.mcu.externaltools.gnu-tools-for-stm32.13.3.rel1.win32_1.0.0.202411081344/tools/bin/../lib/gcc/arm-none-eabi/13.3.1/../../../../arm-none-eabi/lib/thumb/v7-m/nofp\libc_nano.a(libc_a-exit.o) (__stdio_exit_handler)
C:/ST/STM32CubeIDE_1.18.0/STM32CubeIDE/plugins/com.st.stm32cube.ide.mcu.externaltools.gnu-tools-for-stm32.13.3.rel1.win32_1.0.0.202411081344/tools/bin/../lib/gcc/arm-none-eabi/13.3.1/../../../../arm-none-eabi/lib/thumb/v7-m/nofp\libc_nano.a(libc_a-fwalk.o)
                              C:/ST/STM32CubeIDE_1.18.0/STM32CubeIDE/plugins/com.st.stm32cube.ide.mcu.externaltools.gnu-tools-for-stm32.13.3.rel1.win32_1.0.0.202411081344/tools/bin/../lib/gcc/arm-none-eabi/13.3.1/../../../../arm-none-eabi/lib/thumb/v7-m/nofp\libc_nano.a(libc_a-findfp.o) (_fwalk_sglue)
C:/ST/STM32CubeIDE_1.18.0/STM32CubeIDE/plugins/com.st.stm32cube.ide.mcu.externaltools.gnu-tools-for-stm32.13.3.rel1.win32_1.0.0.202411081344/tools/bin/../lib/gcc/arm-none-eabi/13.3.1/../../../../arm-none-eabi/lib/thumb/v7-m/nofp\libc_nano.a(libc_a-stdio.o)
                              C:/ST/STM32CubeIDE_1.18.0/STM32CubeIDE/plugins/com.st.stm32cube.ide.mcu.externaltools.gnu-tools-for-stm32.13.3.rel1.win32_1.0.0.202411081344/tools/bin/../lib/gcc/arm-none-eabi/13.3.1/../../../../arm-none-eabi/lib/thumb/v7-m/nofp\libc_nano.a(libc_a-findfp.o) (__sread)
C:/ST/STM32CubeIDE_1.18.0/STM32CubeIDE/plugins/com.st.stm32cube.ide.mcu.externaltools.gnu-tools-for-stm32.13.3.rel1.win32_1.0.0.202411081344/tools/bin/../lib/gcc/arm-none-eabi/13.3.1/../../../../arm-none-eabi/lib/thumb/v7-m/nofp\libc_nano.a(libc_a-memset.o)
                              C:/ST/STM32CubeIDE_1.18.0/STM32CubeIDE/plugins/com.st.stm32cube.ide.mcu.externaltools.gnu-tools-for-stm32.13.3.rel1.win32_1.0.0.202411081344/tools/bin/../lib/gcc/arm-none-eabi/13.3.1/../../../../arm-none-eabi/lib/thumb/v7-m/nofp/crt0.o (memset)
C:/ST/STM32CubeIDE_1.18.0/STM32CubeIDE/plugins/com.st.stm32cube.ide.mcu.externaltools.gnu-tools-for-stm32.13.3.rel1.win32_1.0.0.202411081344/tools/bin/../lib/gcc/arm-none-eabi/13.3.1/../../../../arm-none-eabi/lib/thumb/v7-m/nofp\libc_nano.a(libc_a-closer.o)
                              C:/ST/STM32CubeIDE_1.18.0/STM32CubeIDE/plugins/com.st.stm32cube.ide.mcu.externaltools.gnu-tools-for-stm32.13.3.rel1.win32_1.0.0.202411081344/tools/bin/../lib/gcc/arm-none-eabi/13.3.1/../../../../arm-none-eabi/lib/thumb/v7-m/nofp\libc_nano.a(libc_a-stdio.o) (_close_r)
C:/ST/STM32CubeIDE_1.18.0/STM32CubeIDE/plugins/com.st.stm32cube.ide.mcu.externaltools.gnu-tools-for-stm32.13.3.rel1.win32_1.0.0.202411081344/tools/bin/../lib/gcc/arm-none-eabi/13.3.1/../../../../arm-none-eabi/lib/thumb/v7-m/nofp\libc_nano.a(libc_a-reent.o)
                              C:/ST/STM32CubeIDE_1.18.0/STM32CubeIDE/plugins/com.st.stm32cube.ide.mcu.externaltools.gnu-tools-for-stm32.13.3.rel1.win32_1.0.0.202411081344/tools/bin/../lib/gcc/arm-none-eabi/13.3.1/../../../../arm-none-eabi/lib/thumb/v7-m/nofp\libc_nano.a(libc_a-closer.o) (errno)
C:/ST/STM32CubeIDE_1.18.0/STM32CubeIDE/plugins/com.st.stm32cube.ide.mcu.externaltools.gnu-tools-for-stm32.13.3.rel1.win32_1.0.0.202411081344/tools/bin/../lib/gcc/arm-none-eabi/13.3.1/../../../../arm-none-eabi/lib/thumb/v7-m/nofp\libc_nano.a(libc_a-impure.o)
                              C:/ST/STM32CubeIDE_1.18.0/STM32CubeIDE/plugins/com.st.stm32cube.ide.mcu.externaltools.gnu-tools-for-stm32.13.3.rel1.win32_1.0.0.202411081344/tools/bin/../lib/gcc/arm-none-eabi/13.3.1/../../../../arm-none-eabi/lib/thumb/v7-m/nofp\libc_nano.a(libc_a-reent.o) (_impure_ptr)
C:/ST/STM32CubeIDE_1.18.0/STM32CubeIDE/plugins/com.st.stm32cube.ide.mcu.externaltools.gnu-tools-for-stm32.13.3.rel1.win32_1.0.0.202411081344/tools/bin/../lib/gcc/arm-none-eabi/13.3.1/../../../../arm-none-eabi/lib/thumb/v7-m/nofp\libc_nano.a(libc_a-lseekr.o)
[...]
Memory Configuration

Name             Origin             Length             Attributes
RAM              0x20000000         0x00005000         xrw
FLASH            0x08000000         0x00010000         xr
*default*        0x00000000         0xffffffff

Linker script and memory map

LOAD C:/ST/STM32CubeIDE_1.18.0/STM32CubeIDE/plugins/com.st.stm32cube.ide.mcu.externaltools.gnu-tools-for-stm32.13.3.rel1.win32_1.0.0.202411081344/tools/bin/../lib/gcc/arm-none-eabi/13.3.1/thumb/v7-m/nofp/crti.o
LOAD C:/ST/STM32CubeIDE_1.18.0/STM32CubeIDE/plugins/com.st.stm32cube.ide.mcu.externaltools.gnu-tools-for-stm32.13.3.rel1.win32_1.0.0.202411081344/tools/bin/../lib/gcc/arm-none-eabi/13.3.1/thumb/v7-m/nofp/crtbegin.o
LOAD C:/ST/STM32CubeIDE_1.18.0/STM32CubeIDE/plugins/com.st.stm32cube.ide.mcu.externaltools.gnu-tools-for-stm32.13.3.rel1.win32_1.0.0.202411081344/tools/bin/../lib/gcc/arm-none-eabi/13.3.1/../../../../arm-none-eabi/lib/thumb/v7-m/nofp/crt0.o
LOAD ./Core/Src/main.o
LOAD ./Core/Src/stm32f1xx_hal_msp.o
LOAD ./Core/Src/stm32f1xx_it.o
LOAD ./Core/Src/syscalls.o
LOAD ./Core/Src/sysmem.o
LOAD ./Core/Src/system_stm32f1xx.o
LOAD ./Core/Startup/startup_stm32f103c8tx.o
LOAD ./Drivers/STM32F1xx_HAL_Driver/Src/stm32f1xx_hal.o
LOAD ./Drivers/STM32F1xx_HAL_Driver/Src/stm32f1xx_hal_adc.o
LOAD ./Drivers/STM32F1xx_HAL_Driver/Src/stm32f1xx_hal_adc_ex.o
LOAD ./Drivers/STM32F1xx_HAL_Driver/Src/stm32f1xx_hal_cortex.o
LOAD ./Drivers/STM32F1xx_HAL_Driver/Src/stm32f1xx_hal_dma.o
LOAD ./Drivers/STM32F1xx_HAL_Driver/Src/stm32f1xx_hal_exti.o
LOAD ./Drivers/STM32F1xx_HAL_Driver/Src/stm32f1xx_hal_flash.o
LOAD ./Drivers/STM32F1xx_HAL_Driver/Src/stm32f1xx_hal_flash_ex.o
LOAD ./Drivers/STM32F1xx_HAL_Driver/Src/stm32f1xx_hal_gpio.o
LOAD ./Drivers/STM32F1xx_HAL_Driver/Src/stm32f1xx_hal_gpio_ex.o
LOAD ./Drivers/STM32F1xx_HAL_Driver/Src/stm32f1xx_hal_pcd.o
LOAD ./Drivers/STM32F1xx_HAL_Driver/Src/stm32f1xx_hal_pcd_ex.o
LOAD ./Drivers/STM32F1xx_HAL_Driver/Src/stm32f1xx_hal_pwr.o
LOAD ./Drivers/STM32F1xx_HAL_Driver/Src/stm32f1xx_hal_rcc.o
LOAD ./Drivers/STM32F1xx_HAL_Driver/Src/stm32f1xx_hal_rcc_ex.o
LOAD ./Drivers/STM32F1xx_HAL_Driver/Src/stm32f1xx_ll_usb.o
LOAD ./Middlewares/ST/STM32_USB_Device_Library/Class/HID/Src/usbd_hid.o
LOAD ./Middlewares/ST/STM32_USB_Device_Library/Core/Src/usbd_core.o
LOAD ./Middlewares/ST/STM32_USB_Device_Library/Core/Src/usbd_ctlreq.o
LOAD ./Middlewares/ST/STM32_USB_Device_Library/Core/Src/usbd_ioreq.o
LOAD ./USB_DEVICE/App/usb_device.o
LOAD ./USB_DEVICE/App/usbd_desc.o
LOAD ./USB_DEVICE/Target/usbd_conf.o
START GROUP
LOAD C:/ST/STM32CubeIDE_1.18.0/STM32CubeIDE/plugins/com.st.stm32cube.ide.mcu.externaltools.gnu-tools-for-stm32.13.3.rel1.win32_1.0.0.202411081344/tools/bin/../lib/gcc/arm-none-eabi/13.3.1/../../../../arm-none-eabi/lib/thumb/v7-m/nofp\libc_nano.a
LOAD C:/ST/STM32CubeIDE_1.18.0/STM32CubeIDE/plugins/com.st.stm32cube.ide.mcu.externaltools.gnu-tools-for-stm32.13.3.rel1.win32_1.0.0.202411081344/tools/bin/../lib/gcc/arm-none-eabi/13.3.1/../../../../arm-none-eabi/lib/thumb/v7-m/nofp\libm.a
END GROUP
START GROUP
LOAD C:/ST/STM32CubeIDE_1.18.0/STM32CubeIDE/plugins/com.st.stm32cube.ide.mcu.externaltools.gnu-tools-for-stm32.13.3.rel1.win32_1.0.0.202411081344/tools/bin/../lib/gcc/arm-none-eabi/13.3.1/thumb/v7-m/nofp\libgcc.a
LOAD C:/ST/STM32CubeIDE_1.18.0/STM32CubeIDE/plugins/com.st.stm32cube.ide.mcu.externaltools.gnu-tools-for-stm32.13.3.rel1.win32_1.0.0.202411081344/tools/bin/../lib/gcc/arm-none-eabi/13.3.1/../../../../arm-none-eabi/lib/thumb/v7-m/nofp\libc_nano.a
END GROUP
START GROUP
LOAD C:/ST/STM32CubeIDE_1.18.0/STM32CubeIDE/plugins/com.st.stm32cube.ide.mcu.externaltools.gnu-tools-for-stm32.13.3.rel1.win32_1.0.0.202411081344/tools/bin/../lib/gcc/arm-none-eabi/13.3.1/thumb/v7-m/nofp\libgcc.a
LOAD C:/ST/STM32CubeIDE_1.18.0/STM32CubeIDE/plugins/com.st.stm32cube.ide.mcu.externaltools.gnu-tools-for-stm32.13.3.rel1.win32_1.0.0.202411081344/tools/bin/../lib/gcc/arm-none-eabi/13.3.1/../../../../arm-none-eabi/lib/thumb/v7-m/nofp\libc_nano.a
LOAD C:/ST/STM32CubeIDE_1.18.0/STM32CubeIDE/plugins/com.st.stm32cube.ide.mcu.externaltools.gnu-tools-for-stm32.13.3.rel1.win32_1.0.0.202411081344/tools/bin/../lib/gcc/arm-none-eabi/13.3.1/../../../../arm-none-eabi/lib/thumb/v7-m/nofp\libnosys.a
END GROUP
START GROUP
LOAD C:/ST/STM32CubeIDE_1.18.0/STM32CubeIDE/plugins/com.st.stm32cube.ide.mcu.externaltools.gnu-tools-for-stm32.13.3.rel1.win32_1.0.0.202411081344/tools/bin/../lib/gcc/arm-none-eabi/13.3.1/thumb/v7-m/nofp\libgcc.a
LOAD C:/ST/STM32CubeIDE_1.18.0/STM32CubeIDE/plugins/com.st.stm32cube.ide.mcu.externaltools.gnu-tools-for-stm32.13.3.rel1.win32_1.0.0.202411081344/tools/bin/../lib/gcc/arm-none-eabi/13.3.1/../../../../arm-none-eabi/lib/thumb/v7-m/nofp\libc_nano.a
LOAD C:/ST/STM32CubeIDE_1.18.0/STM32CubeIDE/plugins/com.st.stm32cube.ide.mcu.externaltools.gnu-tools-for-stm32.13.3.rel1.win32_1.0.0.202411081344/tools/bin/../lib/gcc/arm-none-eabi/13.3.1/../../../../arm-none-eabi/lib/thumb/v7-m/nofp\libnosys.a
END GROUP
LOAD C:/ST/STM32CubeIDE_1.18.0/STM32CubeIDE/plugins/com.st.stm32cube.ide.mcu.externaltools.gnu-tools-for-stm32.13.3.rel1.win32_1.0.0.202411081344/tools/bin/../lib/gcc/arm-none-eabi/13.3.1/thumb/v7-m/nofp/crtend.o
LOAD C:/ST/STM32CubeIDE_1.18.0/STM32CubeIDE/plugins/com.st.stm32cube.ide.mcu.externaltools.gnu-tools-for-stm32.13.3.rel1.win32_1.0.0.202411081344/tools/bin/../lib/gcc/arm-none-eabi/13.3.1/thumb/v7-m/nofp/crtn.o
                0x20005000                        _estack = (ORIGIN (RAM) + LENGTH (RAM))
                0x00000200                        _Min_Heap_Size = 0x200
                0x00000400                        _Min_Stack_Size = 0x400

.isr_vector     0x08000000      0x10c
                0x08000000                        . = ALIGN (0x4)
 *(.isr_vector)
 .isr_vector    0x08000000      0x10c ./Core/Startup/startup_stm32f103c8tx.o
                0x08000000                g_pfnVectors
                0x0800010c                        . = ALIGN (0x4)

.text           0x0800010c     0x82bc
                0x0800010c                        . = ALIGN (0x4)
 *(.text)
 .text          0x0800010c       0x40 C:/ST/STM32CubeIDE_1.18.0/STM32CubeIDE/plugins/com.st.stm32cube.ide.mcu.externaltools.gnu-tools-for-stm32.13.3.rel1.win32_1.0.0.202411081344/tools/bin/../lib/gcc/arm-none-eabi/13.3.1/thumb/v7-m/nofp/crtbegin.o
 .text          0x0800014c      0x21c C:/ST/STM32CubeIDE_1.18.0/STM32CubeIDE/plugins/com.st.stm32cube.ide.mcu.externaltools.gnu-tools-for-stm32.13.3.rel1.win32_1.0.0.202411081344/tools/bin/../lib/gcc/arm-none-eabi/13.3.1/thumb/v7-m/nofp\libgcc.a(_arm_addsubsf3.o)
                0x0800014c                __aeabi_frsub
                0x08000154                __subsf3
                0x08000154                __aeabi_fsub
                0x08000158                __aeabi_fadd
                0x08000158                __addsf3
                0x080002b8                __aeabi_ui2f
                0x080002b8                __floatunsisf
                0x080002c0                __aeabi_i2f
                0x080002c0                __floatsisf
                0x080002dc                __aeabi_ul2f
                0x080002dc                __floatundisf
                0x080002ec                __aeabi_l2f
                0x080002ec                __floatdisf
 .text          0x08000368      0x2a0 C:/ST/STM32CubeIDE_1.18.0/STM32CubeIDE/plugins/com.st.stm32cube.ide.mcu.externaltools.gnu-tools-for-stm32.13.3.rel1.win32_1.0.0.202411081344/tools/bin/../lib/gcc/arm-none-eabi/13.3.1/thumb/v7-m/nofp\libgcc.a(_arm_muldivsf3.o)
                0x08000368                __mulsf3
                0x08000368                __aeabi_fmul
                0x080004d0                __aeabi_fdiv
                0x080004d0                __divsf3
 .text          0x08000608       0x40 C:/ST/STM32CubeIDE_1.18.0/STM32CubeIDE/plugins/com.st.stm32cube.ide.mcu.externaltools.gnu-tools-for-stm32.13.3.rel1.win32_1.0.0.202411081344/tools/bin/../lib/gcc/arm-none-eabi/13.3.1/thumb/v7-m/nofp\libgcc.a(_arm_fixunssfsi.o)
                0x08000608                __fixunssfsi
                0x08000608                __aeabi_f2uiz
 *(.text*)
 .text.main     0x08000648      0x218 ./Core/Src/main.o
                0x08000648                main
 .text.SystemClock_Config
                0x08000860       0xbc ./Core/Src/main.o
                0x08000860                SystemClock_Config
 .text.MX_ADC1_Init
                0x0800091c       0x7c ./Core/Src/main.o
 .text.MX_GPIO_Init
                0x08000998       0xcc ./Core/Src/main.o
 .text.Error_Handler
                0x08000a64        0xc ./Core/Src/main.o
                0x08000a64                Error_Handler
 .text.HAL_MspInit
                0x08000a70       0x64 ./Core/Src/stm32f1xx_hal_msp.o
                0x08000a70                HAL_MspInit
 .text.HAL_ADC_MspInit
                0x08000ad4       0x78 ./Core/Src/stm32f1xx_hal_msp.o
                0x08000ad4                HAL_ADC_MspInit
 .text.NMI_Handler
                0x08000b4c        0x8 ./Core/Src/stm32f1xx_it.o
                0x08000b4c                NMI_Handler
 .text.HardFault_Handler
                0x08000b54        0x8 ./Core/Src/stm32f1xx_it.o
                0x08000b54                HardFault_Handler
 .text.MemManage_Handler
                0x08000b5c        0x8 ./Core/Src/stm32f1xx_it.o
                0x08000b5c                MemManage_Handler
 .text.BusFault_Handler
                0x08000b64        0x8 ./Core/Src/stm32f1xx_it.o
                0x08000b64                BusFault_Handler
 .text.UsageFault_Handler
                0x08000b6c        0x8 ./Core/Src/stm32f1xx_it.o
                0x08000b6c                UsageFault_Handler
 .text.SVC_Handler
                0x08000b74        0xc ./Core/Src/stm32f1xx_it.o
                0x08000b74                SVC_Handler
 .text.DebugMon_Handler
                0x08000b80        0xc ./Core/Src/stm32f1xx_it.o
                0x08000b80                DebugMon_Handler
 .text.PendSV_Handler
                0x08000b8c        0xc ./Core/Src/stm32f1xx_it.o
                0x08000b8c                PendSV_Handler
 .text.SysTick_Handler
                0x08000b98        0xc ./Core/Src/stm32f1xx_it.o
                0x08000b98                SysTick_Handler
 .text.USB_LP_CAN1_RX0_IRQHandler
                0x08000ba4       0x14 ./Core/Src/stm32f1xx_it.o
                0x08000ba4                USB_LP_CAN1_RX0_IRQHandler
 .text.SystemInit
                0x08000bb8        0xc ./Core/Src/system_stm32f1xx.o
                0x08000bb8                SystemInit
 .text.Reset_Handler
                0x08000bc4       0x48 ./Core/Startup/startup_stm32f103c8tx.o
                0x08000bc4                Reset_Handler
 .text.Default_Handler
                0x08000c0c        0x2 ./Core/Startup/startup_stm32f103c8tx.o
                0x08000c0c                RTC_Alarm_IRQHandler
                0x08000c0c                EXTI2_IRQHandler
                0x08000c0c                TIM1_CC_IRQHandler
                0x08000c0c                PVD_IRQHandler
                0x08000c0c                EXTI3_IRQHandler
                0x08000c0c                EXTI0_IRQHandler
                0x08000c0c                I2C2_EV_IRQHandler
                0x08000c0c                ADC1_2_IRQHandler
                0x08000c0c                SPI1_IRQHandler
                0x08000c0c                TAMPER_IRQHandler
                0x08000c0c                DMA1_Channel4_IRQHandler
                0x08000c0c                USART3_IRQHandler
                0x08000c0c                RTC_IRQHandler
                0x08000c0c                DMA1_Channel7_IRQHandler
                0x08000c0c                CAN1_RX1_IRQHandler
                0x08000c0c                TIM4_IRQHandler
                0x08000c0c                I2C1_EV_IRQHandler
                0x08000c0c                DMA1_Channel6_IRQHandler
                0x08000c0c                TIM3_IRQHandler
                0x08000c0c                RCC_IRQHandler
                0x08000c0c                TIM1_TRG_COM_IRQHandler
                0x08000c0c                DMA1_Channel1_IRQHandler
                0x08000c0c                Default_Handler
                0x08000c0c                EXTI15_10_IRQHandler
                0x08000c0c                EXTI9_5_IRQHandler
                0x08000c0c                SPI2_IRQHandler
                0x08000c0c                DMA1_Channel5_IRQHandler
                0x08000c0c                EXTI4_IRQHandler
                0x08000c0c                USB_HP_CAN1_TX_IRQHandler
                0x08000c0c                DMA1_Channel3_IRQHandler
                0x08000c0c                TIM1_UP_IRQHandler
                0x08000c0c                WWDG_IRQHandler
                0x08000c0c                TIM2_IRQHandler
                0x08000c0c                TIM1_BRK_IRQHandler
                0x08000c0c                EXTI1_IRQHandler
                0x08000c0c                USART2_IRQHandler
                0x08000c0c                I2C2_ER_IRQHandler
                0x08000c0c                DMA1_Channel2_IRQHandler
                0x08000c0c                CAN1_SCE_IRQHandler
                0x08000c0c                FLASH_IRQHandler
                0x08000c0c                USART1_IRQHandler
                0x08000c0c                I2C1_ER_IRQHandler
                0x08000c0c                USBWakeUp_IRQHandler
 *fill*         0x08000c0e        0x2 
 .text.HAL_Init
                0x08000c10       0x2c ./Drivers/STM32F1xx_HAL_Driver/Src/stm32f1xx_hal.o
                0x08000c10                HAL_Init
 .text.HAL_InitTick
                0x08000c3c       0x60 ./Drivers/STM32F1xx_HAL_Driver/Src/stm32f1xx_hal.o
                0x08000c3c                HAL_InitTick
 .text.HAL_IncTick
                0x08000c9c       0x24 ./Drivers/STM32F1xx_HAL_Driver/Src/stm32f1xx_hal.o
                0x08000c9c                HAL_IncTick
 .text.HAL_GetTick
                0x08000cc0       0x14 ./Drivers/STM32F1xx_HAL_Driver/Src/stm32f1xx_hal.o
                0x08000cc0                HAL_GetTick
 .text.HAL_Delay
                0x08000cd4       0x48 ./Drivers/STM32F1xx_HAL_Driver/Src/stm32f1xx_hal.o
                0x08000cd4                HAL_Delay
 .text.HAL_ADC_Init
                0x08000d1c      0x1b0 ./Drivers/STM32F1xx_HAL_Driver/Src/stm32f1xx_hal_adc.o
                0x08000d1c                HAL_ADC_Init
 .text.HAL_ADC_Start
                0x08000ecc      0x15c ./Drivers/STM32F1xx_HAL_Driver/Src/stm32f1xx_hal_adc.o
                0x08000ecc                HAL_ADC_Start
 .text.HAL_ADC_PollForConversion
                0x08001028      0x20c ./Drivers/STM32F1xx_HAL_Driver/Src/stm32f1xx_hal_adc.o
                0x08001028                HAL_ADC_PollForConversion
 .text.HAL_ADC_GetValue
                0x08001234       0x18 ./Drivers/STM32F1xx_HAL_Driver/Src/stm32f1xx_hal_adc.o
                0x08001234                HAL_ADC_GetValue
 .text.HAL_ADC_ConfigChannel
                0x0800124c      0x1f0 ./Drivers/STM32F1xx_HAL_Driver/Src/stm32f1xx_hal_adc.o
                0x0800124c                HAL_ADC_ConfigChannel
 .text.ADC_Enable
                0x0800143c       0xb4 ./Drivers/STM32F1xx_HAL_Driver/Src/stm32f1xx_hal_adc.o
                0x0800143c                ADC_Enable
 .text.ADC_ConversionStop_Disable
                0x080014f0       0x82 ./Drivers/STM32F1xx_HAL_Driver/Src/stm32f1xx_hal_adc.o
                0x080014f0                ADC_ConversionStop_Disable
 *fill*         0x08001572        0x2 
 .text.__NVIC_SetPriorityGrouping
                0x08001574       0x48 ./Drivers/STM32F1xx_HAL_Driver/Src/stm32f1xx_hal_cortex.o
 .text.__NVIC_GetPriorityGrouping
                0x080015bc       0x1c ./Drivers/STM32F1xx_HAL_Driver/Src/stm32f1xx_hal_cortex.o
 .text.__NVIC_EnableIRQ
                0x080015d8       0x38 ./Drivers/STM32F1xx_HAL_Driver/Src/stm32f1xx_hal_cortex.o
 .text.__NVIC_SetPriority
                0x08001610       0x54 ./Drivers/STM32F1xx_HAL_Driver/Src/stm32f1xx_hal_cortex.o
 .text.NVIC_EncodePriority
                0x08001664       0x64 ./Drivers/STM32F1xx_HAL_Driver/Src/stm32f1xx_hal_cortex.o
 .text.SysTick_Config
                0x080016c8       0x44 ./Drivers/STM32F1xx_HAL_Driver/Src/stm32f1xx_hal_cortex.o
 .text.HAL_NVIC_SetPriorityGrouping
                0x0800170c       0x16 ./Drivers/STM32F1xx_HAL_Driver/Src/stm32f1xx_hal_cortex.o
                0x0800170c                HAL_NVIC_SetPriorityGrouping
 .text.HAL_NVIC_SetPriority
                0x08001722       0x38 ./Drivers/STM32F1xx_HAL_Driver/Src/stm32f1xx_hal_cortex.o
                0x08001722                HAL_NVIC_SetPriority
 .text.HAL_NVIC_EnableIRQ
                0x0800175a       0x1c ./Drivers/STM32F1xx_HAL_Driver/Src/stm32f1xx_hal_cortex.o
                0x0800175a                HAL_NVIC_EnableIRQ
 .text.HAL_SYSTICK_Config
                0x08001776       0x18 ./Drivers/STM32F1xx_HAL_Driver/Src/stm32f1xx_hal_cortex.o
                0x08001776                HAL_SYSTICK_Config
 *fill*         0x0800178e        0x2 
 .text.HAL_GPIO_Init
                0x08001790      0x308 ./Drivers/STM32F1xx_HAL_Driver/Src/stm32f1xx_hal_gpio.o
                0x08001790                HAL_GPIO_Init
 .text.HAL_GPIO_ReadPin
                0x08001a98       0x2e ./Drivers/STM32F1xx_HAL_Driver/Src/stm32f1xx_hal_gpio.o
                0x08001a98                HAL_GPIO_ReadPin
 .text.HAL_GPIO_WritePin
                0x08001ac6       0x30 ./Drivers/STM32F1xx_HAL_Driver/Src/stm32f1xx_hal_gpio.o
                0x08001ac6                HAL_GPIO_WritePin
 .text.HAL_PCD_Init
                0x08001af6      0x1ec ./Drivers/STM32F1xx_HAL_Driver/Src/stm32f1xx_hal_pcd.o
                0x08001af6                HAL_PCD_Init
 .text.HAL_PCD_Start
                0x08001ce2       0x4c ./Drivers/STM32F1xx_HAL_Driver/Src/stm32f1xx_hal_pcd.o
                0x08001ce2                HAL_PCD_Start
 .text.HAL_PCD_IRQHandler
                0x08001d2e      0x260 ./Drivers/STM32F1xx_HAL_Driver/Src/stm32f1xx_hal_pcd.o
                0x08001d2e                HAL_PCD_IRQHandler
 .text.HAL_PCD_SetAddress
                0x08001f8e       0x48 ./Drivers/STM32F1xx_HAL_Driver/Src/stm32f1xx_hal_pcd.o
                0x08001f8e                HAL_PCD_SetAddress
 .text.HAL_PCD_EP_Open
                0x08001fd6       0xba ./Drivers/STM32F1xx_HAL_Driver/Src/stm32f1xx_hal_pcd.o
                0x08001fd6                HAL_PCD_EP_Open
 .text.HAL_PCD_EP_Close
                0x08002090       0x90 ./Drivers/STM32F1xx_HAL_Driver/Src/stm32f1xx_hal_pcd.o
                0x08002090                HAL_PCD_EP_Close
 .text.HAL_PCD_EP_Receive
                0x08002120       0x62 ./Drivers/STM32F1xx_HAL_Driver/Src/stm32f1xx_hal_pcd.o
                0x08002120                HAL_PCD_EP_Receive
 .text.HAL_PCD_EP_Transmit
                0x08002182       0x6e ./Drivers/STM32F1xx_HAL_Driver/Src/stm32f1xx_hal_pcd.o
                0x08002182                HAL_PCD_EP_Transmit
 .text.HAL_PCD_EP_SetStall
                0x080021f0       0xc0 ./Drivers/STM32F1xx_HAL_Driver/Src/stm32f1xx_hal_pcd.o
                0x080021f0                HAL_PCD_EP_SetStall
 .text.HAL_PCD_EP_ClrStall
                0x080022b0       0xa8 ./Drivers/STM32F1xx_HAL_Driver/Src/stm32f1xx_hal_pcd.o
                0x080022b0                HAL_PCD_EP_ClrStall
 .text.PCD_EP_ISR_Handler
                0x08002358      0x79e ./Drivers/STM32F1xx_HAL_Driver/Src/stm32f1xx_hal_pcd.o
 .text.HAL_PCD_EP_DB_Receive
                0x08002af6      0x21a ./Drivers/STM32F1xx_HAL_Driver/Src/stm32f1xx_hal_pcd.o
 .text.HAL_PCD_EP_DB_Transmit
                0x08002d10      0x7f4 ./Drivers/STM32F1xx_HAL_Driver/Src/stm32f1xx_hal_pcd.o
 .text.HAL_PCDEx_PMAConfig
                0x08003504       0x84 ./Drivers/STM32F1xx_HAL_Driver/Src/stm32f1xx_hal_pcd_ex.o
                0x08003504                HAL_PCDEx_PMAConfig
 .text.HAL_RCC_OscConfig
                0x08003588      0x504 ./Drivers/STM32F1xx_HAL_Driver/Src/stm32f1xx_hal_rcc.o
                0x08003588                HAL_RCC_OscConfig
 .text.HAL_RCC_ClockConfig
                0x08003a8c      0x1d4 ./Drivers/STM32F1xx_HAL_Driver/Src/stm32f1xx_hal_rcc.o
                0x08003a8c                HAL_RCC_ClockConfig
 .text.HAL_RCC_GetSysClockFreq
                0x08003c60       0xa8 ./Drivers/STM32F1xx_HAL_Driver/Src/stm32f1xx_hal_rcc.o
                0x08003c60                HAL_RCC_GetSysClockFreq
 .text.HAL_RCC_GetHCLKFreq
                0x08003d08       0x14 ./Drivers/STM32F1xx_HAL_Driver/Src/stm32f1xx_hal_rcc.o
                0x08003d08                HAL_RCC_GetHCLKFreq
 .text.HAL_RCC_GetPCLK2Freq
                0x08003d1c       0x28 ./Drivers/STM32F1xx_HAL_Driver/Src/stm32f1xx_hal_rcc.o
                0x08003d1c                HAL_RCC_GetPCLK2Freq
 .text.RCC_Delay
                0x08003d44       0x3c ./Drivers/STM32F1xx_HAL_Driver/Src/stm32f1xx_hal_rcc.o
 .text.HAL_RCCEx_PeriphCLKConfig
                0x08003d80      0x16c ./Drivers/STM32F1xx_HAL_Driver/Src/stm32f1xx_hal_rcc_ex.o
                0x08003d80                HAL_RCCEx_PeriphCLKConfig
 .text.HAL_RCCEx_GetPeriphCLKFreq
                0x08003eec      0x16c ./Drivers/STM32F1xx_HAL_Driver/Src/stm32f1xx_hal_rcc_ex.o
                0x08003eec                HAL_RCCEx_GetPeriphCLKFreq
 .text.USB_CoreInit
                0x08004058       0x1a ./Drivers/STM32F1xx_HAL_Driver/Src/stm32f1xx_ll_usb.o
                0x08004058                USB_CoreInit
 .text.USB_EnableGlobalInt
                0x08004072       0x2c ./Drivers/STM32F1xx_HAL_Driver/Src/stm32f1xx_ll_usb.o
                0x08004072                USB_EnableGlobalInt
 .text.USB_DisableGlobalInt
                0x0800409e       0x34 ./Drivers/STM32F1xx_HAL_Driver/Src/stm32f1xx_ll_usb.o
                0x0800409e                USB_DisableGlobalInt
 .text.USB_SetCurrentMode
                0x080040d2       0x18 ./Drivers/STM32F1xx_HAL_Driver/Src/stm32f1xx_ll_usb.o
                0x080040d2                USB_SetCurrentMode
 .text.USB_DevInit
                0x080040ea       0x3a ./Drivers/STM32F1xx_HAL_Driver/Src/stm32f1xx_ll_usb.o
                0x080040ea                USB_DevInit
 .text.USB_ActivateEndpoint
                0x08004124      0x780 ./Drivers/STM32F1xx_HAL_Driver/Src/stm32f1xx_ll_usb.o
                0x08004124                USB_ActivateEndpoint
 .text.USB_DeactivateEndpoint
                0x080048a4      0x3d8 ./Drivers/STM32F1xx_HAL_Driver/Src/stm32f1xx_ll_usb.o
                0x080048a4                USB_DeactivateEndpoint
 .text.USB_EPStartXfer
                0x08004c7c     0x1762 ./Drivers/STM32F1xx_HAL_Driver/Src/stm32f1xx_ll_usb.o
                0x08004c7c                USB_EPStartXfer
 .text.USB_EPSetStall
                0x080063de       0xa0 ./Drivers/STM32F1xx_HAL_Driver/Src/stm32f1xx_ll_usb.o
                0x080063de                USB_EPSetStall
 .text.USB_EPClearStall
                0x0800647e      0x15a ./Drivers/STM32F1xx_HAL_Driver/Src/stm32f1xx_ll_usb.o
                0x0800647e                USB_EPClearStall
 .text.USB_SetDevAddress
                0x080065d8       0x26 ./Drivers/STM32F1xx_HAL_Driver/Src/stm32f1xx_ll_usb.o
                0x080065d8                USB_SetDevAddress
 .text.USB_DevConnect
                0x080065fe       0x14 ./Drivers/STM32F1xx_HAL_Driver/Src/stm32f1xx_ll_usb.o
                0x080065fe                USB_DevConnect
 .text.USB_DevDisconnect
                0x08006612       0x14 ./Drivers/STM32F1xx_HAL_Driver/Src/stm32f1xx_ll_usb.o
                0x08006612                USB_DevDisconnect
 .text.USB_ReadInterrupts
                0x08006626       0x1e ./Drivers/STM32F1xx_HAL_Driver/Src/stm32f1xx_ll_usb.o
                0x08006626                USB_ReadInterrupts
 .text.USB_EP0_OutStart
                0x08006644       0x16 ./Drivers/STM32F1xx_HAL_Driver/Src/stm32f1xx_ll_usb.o
                0x08006644                USB_EP0_OutStart
 .text.USB_WritePMA
                0x0800665a       0x8c ./Drivers/STM32F1xx_HAL_Driver/Src/stm32f1xx_ll_usb.o
                0x0800665a                USB_WritePMA
 .text.USB_ReadPMA
                0x080066e6       0x9e ./Drivers/STM32F1xx_HAL_Driver/Src/stm32f1xx_ll_usb.o
                0x080066e6                USB_ReadPMA
 .text.USBD_HID_Init
                0x08006784       0x4e ./Middlewares/ST/STM32_USB_Device_Library/Class/HID/Src/usbd_hid.o
 .text.USBD_HID_DeInit
                0x080067d2       0x42 ./Middlewares/ST/STM32_USB_Device_Library/Class/HID/Src/usbd_hid.o
 .text.USBD_HID_Setup
                0x08006814      0x1fc ./Middlewares/ST/STM32_USB_Device_Library/Class/HID/Src/usbd_hid.o
 .text.USBD_HID_SendReport
                0x08006a10       0x44 ./Middlewares/ST/STM32_USB_Device_Library/Class/HID/Src/usbd_hid.o
                0x08006a10                USBD_HID_SendReport
 .text.USBD_HID_GetFSCfgDesc
                0x08006a54       0x20 ./Middlewares/ST/STM32_USB_Device_Library/Class/HID/Src/usbd_hid.o
 .text.USBD_HID_GetHSCfgDesc
                0x08006a74       0x20 ./Middlewares/ST/STM32_USB_Device_Library/Class/HID/Src/usbd_hid.o
 .text.USBD_HID_GetOtherSpeedCfgDesc
                0x08006a94       0x20 ./Middlewares/ST/STM32_USB_Device_Library/Class/HID/Src/usbd_hid.o
 .text.USBD_HID_DataIn
                0x08006ab4       0x22 ./Middlewares/ST/STM32_USB_Device_Library/Class/HID/Src/usbd_hid.o
 *fill*         0x08006ad6        0x2 
 .text.USBD_HID_GetDeviceQualifierDesc
                0x08006ad8       0x20 ./Middlewares/ST/STM32_USB_Device_Library/Class/HID/Src/usbd_hid.o
 .text.USBD_Init
                0x08006af8       0x56 ./Middlewares/ST/STM32_USB_Device_Library/Core/Src/usbd_core.o
                0x08006af8                USBD_Init
 .text.USBD_RegisterClass
                0x08006b4e       0x32 ./Middlewares/ST/STM32_USB_Device_Library/Core/Src/usbd_core.o
                0x08006b4e                USBD_RegisterClass
 .text.USBD_Start
                0x08006b80       0x18 ./Middlewares/ST/STM32_USB_Device_Library/Core/Src/usbd_core.o
                0x08006b80                USBD_Start
 .text.USBD_RunTestMode
                0x08006b98       0x14 ./Middlewares/ST/STM32_USB_Device_Library/Core/Src/usbd_core.o
                0x08006b98                USBD_RunTestMode
 .text.USBD_SetClassConfig
                0x08006bac       0x3e ./Middlewares/ST/STM32_USB_Device_Library/Core/Src/usbd_core.o
                0x08006bac                USBD_SetClassConfig
 .text.USBD_ClrClassConfig
                0x08006bea       0x26 ./Middlewares/ST/STM32_USB_Device_Library/Core/Src/usbd_core.o
                0x08006bea                USBD_ClrClassConfig
 .text.USBD_LL_SetupStage
                0x08006c10       0x9a ./Middlewares/ST/STM32_USB_Device_Library/Core/Src/usbd_core.o
                0x08006c10                USBD_LL_SetupStage
 .text.USBD_LL_DataOutStage
                0x08006caa       0xe2 ./Middlewares/ST/STM32_USB_Device_Library/Core/Src/usbd_core.o
                0x08006caa                USBD_LL_DataOutStage
 .text.USBD_LL_DataInStage
                0x08006d8c      0x14a ./Middlewares/ST/STM32_USB_Device_Library/Core/Src/usbd_core.o
                0x08006d8c                USBD_LL_DataInStage
 .text.USBD_LL_Reset
                0x08006ed6       0x82 ./Middlewares/ST/STM32_USB_Device_Library/Core/Src/usbd_core.o
                0x08006ed6                USBD_LL_Reset
 .text.USBD_LL_SetSpeed
                0x08006f58       0x1e ./Middlewares/ST/STM32_USB_Device_Library/Core/Src/usbd_core.o
                0x08006f58                USBD_LL_SetSpeed
 .text.USBD_LL_Suspend
                0x08006f76       0x28 ./Middlewares/ST/STM32_USB_Device_Library/Core/Src/usbd_core.o
                0x08006f76                USBD_LL_Suspend
 .text.USBD_LL_Resume
                0x08006f9e       0x2a ./Middlewares/ST/STM32_USB_Device_Library/Core/Src/usbd_core.o
                0x08006f9e                USBD_LL_Resume
 .text.USBD_LL_SOF
                0x08006fc8       0x34 ./Middlewares/ST/STM32_USB_Device_Library/Core/Src/usbd_core.o
                0x08006fc8                USBD_LL_SOF
 .text.USBD_StdDevReq
                0x08006ffc       0xd4 ./Middlewares/ST/STM32_USB_Device_Library/Core/Src/usbd_ctlreq.o
                0x08006ffc                USBD_StdDevReq
 .text.USBD_StdItfReq
                0x080070d0       0x90 ./Middlewares/ST/STM32_USB_Device_Library/Core/Src/usbd_ctlreq.o
                0x080070d0                USBD_StdItfReq
 .text.USBD_StdEPReq
                0x08007160      0x2c6 ./Middlewares/ST/STM32_USB_Device_Library/Core/Src/usbd_ctlreq.o
                0x08007160                USBD_StdEPReq
 *fill*         0x08007426        0x2 
 .text.USBD_GetDescriptor
                0x08007428      0x2d0 ./Middlewares/ST/STM32_USB_Device_Library/Core/Src/usbd_ctlreq.o
 .text.USBD_SetAddress
                0x080076f8       0x86 ./Middlewares/ST/STM32_USB_Device_Library/Core/Src/usbd_ctlreq.o
 *fill*         0x0800777e        0x2 
 .text.USBD_SetConfig
                0x08007780      0x11c ./Middlewares/ST/STM32_USB_Device_Library/Core/Src/usbd_ctlreq.o
 .text.USBD_GetConfig
                0x0800789c       0x6a ./Middlewares/ST/STM32_USB_Device_Library/Core/Src/usbd_ctlreq.o
 .text.USBD_GetStatus
                0x08007906       0x66 ./Middlewares/ST/STM32_USB_Device_Library/Core/Src/usbd_ctlreq.o
 .text.USBD_SetFeature
                0x0800796c       0x28 ./Middlewares/ST/STM32_USB_Device_Library/Core/Src/usbd_ctlreq.o
 .text.USBD_ClrFeature
                0x08007994       0x42 ./Middlewares/ST/STM32_USB_Device_Library/Core/Src/usbd_ctlreq.o
 .text.USBD_ParseSetupRequest
                0x080079d6       0x72 ./Middlewares/ST/STM32_USB_Device_Library/Core/Src/usbd_ctlreq.o
                0x080079d6                USBD_ParseSetupRequest
 .text.USBD_CtlError
                0x08007a48       0x22 ./Middlewares/ST/STM32_USB_Device_Library/Core/Src/usbd_ctlreq.o
                0x08007a48                USBD_CtlError
 .text.USBD_GetString
                0x08007a6a       0x84 ./Middlewares/ST/STM32_USB_Device_Library/Core/Src/usbd_ctlreq.o
                0x08007a6a                USBD_GetString
 .text.USBD_GetLen
                0x08007aee       0x2e ./Middlewares/ST/STM32_USB_Device_Library/Core/Src/usbd_ctlreq.o
 .text.USBD_CtlSendData
                0x08007b1c       0x38 ./Middlewares/ST/STM32_USB_Device_Library/Core/Src/usbd_ioreq.o
                0x08007b1c                USBD_CtlSendData
 .text.USBD_CtlContinueSendData
                0x08007b54       0x24 ./Middlewares/ST/STM32_USB_Device_Library/Core/Src/usbd_ioreq.o
                0x08007b54                USBD_CtlContinueSendData
 .text.USBD_CtlContinueRx
                0x08007b78       0x24 ./Middlewares/ST/STM32_USB_Device_Library/Core/Src/usbd_ioreq.o
                0x08007b78                USBD_CtlContinueRx
 .text.USBD_CtlSendStatus
                0x08007b9c       0x26 ./Middlewares/ST/STM32_USB_Device_Library/Core/Src/usbd_ioreq.o
                0x08007b9c                USBD_CtlSendStatus
 .text.USBD_CtlReceiveStatus
                0x08007bc2       0x26 ./Middlewares/ST/STM32_USB_Device_Library/Core/Src/usbd_ioreq.o
                0x08007bc2                USBD_CtlReceiveStatus
 .text.MX_USB_DEVICE_Init
                0x08007be8       0x4c ./USB_DEVICE/App/usb_device.o
                0x08007be8                MX_USB_DEVICE_Init
 .text.USBD_FS_DeviceDescriptor
                0x08007c34       0x24 ./USB_DEVICE/App/usbd_desc.o
                0x08007c34                USBD_FS_DeviceDescriptor
 .text.USBD_FS_LangIDStrDescriptor
                0x08007c58       0x24 ./USB_DEVICE/App/usbd_desc.o
                0x08007c58                USBD_FS_LangIDStrDescriptor
 .text.USBD_FS_ProductStrDescriptor
                0x08007c7c       0x3c ./USB_DEVICE/App/usbd_desc.o
                0x08007c7c                USBD_FS_ProductStrDescriptor
 .text.USBD_FS_ManufacturerStrDescriptor
                0x08007cb8       0x28 ./USB_DEVICE/App/usbd_desc.o
                0x08007cb8                USBD_FS_ManufacturerStrDescriptor
 .text.USBD_FS_SerialStrDescriptor
                0x08007ce0       0x24 ./USB_DEVICE/App/usbd_desc.o
                0x08007ce0                USBD_FS_SerialStrDescriptor
 .text.USBD_FS_ConfigStrDescriptor
                0x08007d04       0x3c ./USB_DEVICE/App/usbd_desc.o
                0x08007d04                USBD_FS_ConfigStrDescriptor
 .text.USBD_FS_InterfaceStrDescriptor
                0x08007d40       0x3c ./USB_DEVICE/App/usbd_desc.o
                0x08007d40                USBD_FS_InterfaceStrDescriptor
 .text.Get_SerialNum
                0x08007d7c       0x58 ./USB_DEVICE/App/usbd_desc.o
 .text.IntToUnicode
                0x08007dd4       0x7c ./USB_DEVICE/App/usbd_desc.o
 .text.HAL_PCD_MspInit
                0x08007e50       0x4c ./USB_DEVICE/Target/usbd_conf.o
                0x08007e50                HAL_PCD_MspInit
 .text.HAL_PCD_SetupStageCallback
                0x08007e9c       0x24 ./USB_DEVICE/Target/usbd_conf.o
                0x08007e9c                HAL_PCD_SetupStageCallback
 .text.HAL_PCD_DataOutStageCallback
                0x08007ec0       0x36 ./USB_DEVICE/Target/usbd_conf.o
                0x08007ec0                HAL_PCD_DataOutStageCallback
 .text.HAL_PCD_DataInStageCallback
                0x08007ef6       0x34 ./USB_DEVICE/Target/usbd_conf.o
                0x08007ef6                HAL_PCD_DataInStageCallback
 .text.HAL_PCD_SOFCallback
                0x08007f2a       0x1c ./USB_DEVICE/Target/usbd_conf.o
                0x08007f2a                HAL_PCD_SOFCallback
 .text.HAL_PCD_ResetCallback
                0x08007f46       0x3c ./USB_DEVICE/Target/usbd_conf.o
                0x08007f46                HAL_PCD_ResetCallback
 *fill*         0x08007f82        0x2 
 .text.HAL_PCD_SuspendCallback
                0x08007f84       0x34 ./USB_DEVICE/Target/usbd_conf.o
                0x08007f84                HAL_PCD_SuspendCallback
 .text.HAL_PCD_ResumeCallback
                0x08007fb8       0x1c ./USB_DEVICE/Target/usbd_conf.o
                0x08007fb8                HAL_PCD_ResumeCallback
 .text.USBD_LL_Init
                0x08007fd4       0x90 ./USB_DEVICE/Target/usbd_conf.o
                0x08007fd4                USBD_LL_Init
 .text.USBD_LL_Start
                0x08008064       0x36 ./USB_DEVICE/Target/usbd_conf.o
                0x08008064                USBD_LL_Start
 .text.USBD_LL_OpenEP
                0x0800809a       0x4c ./USB_DEVICE/Target/usbd_conf.o
                0x0800809a                USBD_LL_OpenEP
 .text.USBD_LL_CloseEP
                0x080080e6       0x3e ./USB_DEVICE/Target/usbd_conf.o
                0x080080e6                USBD_LL_CloseEP
 .text.USBD_LL_StallEP
                0x08008124       0x3e ./USB_DEVICE/Target/usbd_conf.o
                0x08008124                USBD_LL_StallEP
 .text.USBD_LL_ClearStallEP
                0x08008162       0x3e ./USB_DEVICE/Target/usbd_conf.o
                0x08008162                USBD_LL_ClearStallEP
 .text.USBD_LL_IsStallEP
                0x080081a0       0x56 ./USB_DEVICE/Target/usbd_conf.o
                0x080081a0                USBD_LL_IsStallEP
 .text.USBD_LL_SetUSBAddress
                0x080081f6       0x3e ./USB_DEVICE/Target/usbd_conf.o
                0x080081f6                USBD_LL_SetUSBAddress
 .text.USBD_LL_Transmit
                0x08008234       0x46 ./USB_DEVICE/Target/usbd_conf.o
                0x08008234                USBD_LL_Transmit
 .text.USBD_LL_PrepareReceive
                0x0800827a       0x46 ./USB_DEVICE/Target/usbd_conf.o
                0x0800827a                USBD_LL_PrepareReceive
 .text.USBD_static_malloc
                0x080082c0       0x18 ./USB_DEVICE/Target/usbd_conf.o
                0x080082c0                USBD_static_malloc
 .text.USBD_static_free
                0x080082d8       0x12 ./USB_DEVICE/Target/usbd_conf.o
                0x080082d8                USBD_static_free
 .text.HAL_PCDEx_SetConnectionState
                0x080082ea       0x16 ./USB_DEVICE/Target/usbd_conf.o
                0x080082ea                HAL_PCDEx_SetConnectionState
 .text.USBD_Get_USB_Status
                0x08008300       0x58 ./USB_DEVICE/Target/usbd_conf.o
 .text.memset   0x08008358       0x10 C:/ST/STM32CubeIDE_1.18.0/STM32CubeIDE/plugins/com.st.stm32cube.ide.mcu.externaltools.gnu-tools-for-stm32.13.3.rel1.win32_1.0.0.202411081344/tools/bin/../lib/gcc/arm-none-eabi/13.3.1/../../../../arm-none-eabi/lib/thumb/v7-m/nofp\libc_nano.a(libc_a-memset.o)
                0x08008358                memset
 .text.__libc_init_array
                0x08008368       0x48 C:/ST/STM32CubeIDE_1.18.0/STM32CubeIDE/plugins/com.st.stm32cube.ide.mcu.externaltools.gnu-tools-for-stm32.13.3.rel1.win32_1.0.0.202411081344/tools/bin/../lib/gcc/arm-none-eabi/13.3.1/../../../../arm-none-eabi/lib/thumb/v7-m/nofp\libc_nano.a(libc_a-init.o)
                0x08008368                __libc_init_array
 *(.glue_7)
 .glue_7        0x080083b0        0x0 linker stubs
 *(.glue_7t)
 .glue_7t       0x080083b0        0x0 linker stubs
 *(.eh_frame)
 .eh_frame      0x080083b0        0x0 C:/ST/STM32CubeIDE_1.18.0/STM32CubeIDE/plugins/com.st.stm32cube.ide.mcu.externaltools.gnu-tools-for-stm32.13.3.rel1.win32_1.0.0.202411081344/tools/bin/../lib/gcc/arm-none-eabi/13.3.1/thumb/v7-m/nofp/crtbegin.o
 *(.init)
 .init          0x080083b0        0x4 C:/ST/STM32CubeIDE_1.18.0/STM32CubeIDE/plugins/com.st.stm32cube.ide.mcu.externaltools.gnu-tools-for-stm32.13.3.rel1.win32_1.0.0.202411081344/tools/bin/../lib/gcc/arm-none-eabi/13.3.1/thumb/v7-m/nofp/crti.o
                0x080083b0                _init
 .init          0x080083b4        0x8 C:/ST/STM32CubeIDE_1.18.0/STM32CubeIDE/plugins/com.st.stm32cube.ide.mcu.externaltools.gnu-tools-for-stm32.13.3.rel1.win32_1.0.0.202411081344/tools/bin/../lib/gcc/arm-none-eabi/13.3.1/thumb/v7-m/nofp/crtn.o
 *(.fini)
 .fini          0x080083bc        0x4 C:/ST/STM32CubeIDE_1.18.0/STM32CubeIDE/plugins/com.st.stm32cube.ide.mcu.externaltools.gnu-tools-for-stm32.13.3.rel1.win32_1.0.0.202411081344/tools/bin/../lib/gcc/arm-none-eabi/13.3.1/thumb/v7-m/nofp/crti.o
                0x080083bc                _fini
 .fini          0x080083c0        0x8 C:/ST/STM32CubeIDE_1.18.0/STM32CubeIDE/plugins/com.st.stm32cube.ide.mcu.externaltools.gnu-tools-for-stm32.13.3.rel1.win32_1.0.0.202411081344/tools/bin/../lib/gcc/arm-none-eabi/13.3.1/thumb/v7-m/nofp/crtn.o
                0x080083c8                        . = ALIGN (0x4)
                0x080083c8                        _etext = .

.vfp11_veneer   0x080083c8        0x0
 .vfp11_veneer  0x080083c8        0x0 linker stubs

.v4_bx          0x080083c8        0x0
 .v4_bx         0x080083c8        0x0 linker stubs

.iplt           0x080083c8        0x0
 .iplt          0x080083c8        0x0 C:/ST/STM32CubeIDE_1.18.0/STM32CubeIDE/plugins/com.st.stm32cube.ide.mcu.externaltools.gnu-tools-for-stm32.13.3.rel1.win32_1.0.0.202411081344/tools/bin/../lib/gcc/arm-none-eabi/13.3.1/thumb/v7-m/nofp/crtbegin.o

.rodata         0x080083c8       0x88
                0x080083c8                        . = ALIGN (0x4)
 *(.rodata)
 .rodata        0x080083c8       0x46 ./USB_DEVICE/App/usbd_desc.o
 *(.rodata*)
 *fill*         0x0800840e        0x2 
 .rodata.AHBPrescTable
                0x08008410       0x10 ./Core/Src/system_stm32f1xx.o
                0x08008410                AHBPrescTable
 .rodata.APBPrescTable
                0x08008420        0x8 ./Core/Src/system_stm32f1xx.o
                0x08008420                APBPrescTable
 .rodata.aPLLMULFactorTable.1
                0x08008428       0x10 ./Drivers/STM32F1xx_HAL_Driver/Src/stm32f1xx_hal_rcc.o
 .rodata.aPredivFactorTable.0
                0x08008438        0x2 ./Drivers/STM32F1xx_HAL_Driver/Src/stm32f1xx_hal_rcc.o
 *fill*         0x0800843a        0x2 
 .rodata.aPLLMULFactorTable.1
                0x0800843c       0x10 ./Drivers/STM32F1xx_HAL_Driver/Src/stm32f1xx_hal_rcc_ex.o
 .rodata.aPredivFactorTable.0
                0x0800844c        0x2 ./Drivers/STM32F1xx_HAL_Driver/Src/stm32f1xx_hal_rcc_ex.o
                0x08008450                        . = ALIGN (0x4)
 *fill*         0x0800844e        0x2 

.ARM.extab      0x08008450        0x0
                0x08008450                        . = ALIGN (0x4)
 *(.ARM.extab* .gnu.linkonce.armextab.*)
                0x08008450                        . = ALIGN (0x4)

.ARM            0x08008450        0x0
                0x08008450                        . = ALIGN (0x4)
                0x08008450                        __exidx_start = .
 *(.ARM.exidx*)
                0x08008450                        __exidx_end = .
                0x08008450                        . = ALIGN (0x4)

.preinit_array  0x08008450        0x0
                0x08008450                        . = ALIGN (0x4)
                0x08008450                        PROVIDE (__preinit_array_start = .)
 *(.preinit_array*)
                0x08008450                        PROVIDE (__preinit_array_end = .)
                0x08008450                        . = ALIGN (0x4)

.init_array     0x08008450        0x4
                0x08008450                        . = ALIGN (0x4)
                0x08008450                        PROVIDE (__init_array_start = .)
 *(SORT_BY_NAME(.init_array.*))
 *(.init_array*)
 .init_array    0x08008450        0x4 C:/ST/STM32CubeIDE_1.18.0/STM32CubeIDE/plugins/com.st.stm32cube.ide.mcu.externaltools.gnu-tools-for-stm32.13.3.rel1.win32_1.0.0.202411081344/tools/bin/../lib/gcc/arm-none-eabi/13.3.1/thumb/v7-m/nofp/crtbegin.o
                0x08008454                        PROVIDE (__init_array_end = .)
                0x08008454                        . = ALIGN (0x4)

.fini_array     0x08008454        0x4
                0x08008454                        . = ALIGN (0x4)
                [!provide]                        PROVIDE (__fini_array_start = .)
 *(SORT_BY_NAME(.fini_array.*))
 *(.fini_array*)
 .fini_array    0x08008454        0x4 C:/ST/STM32CubeIDE_1.18.0/STM32CubeIDE/plugins/com.st.stm32cube.ide.mcu.externaltools.gnu-tools-for-stm32.13.3.rel1.win32_1.0.0.202411081344/tools/bin/../lib/gcc/arm-none-eabi/13.3.1/thumb/v7-m/nofp/crtbegin.o
                [!provide]                        PROVIDE (__fini_array_end = .)
                0x08008458                        . = ALIGN (0x4)
                0x08008458                        _sidata = LOADADDR (.data)

.rel.dyn        0x08008458        0x0
 .rel.iplt      0x08008458        0x0 C:/ST/STM32CubeIDE_1.18.0/STM32CubeIDE/plugins/com.st.stm32cube.ide.mcu.externaltools.gnu-tools-for-stm32.13.3.rel1.win32_1.0.0.202411081344/tools/bin/../lib/gcc/arm-none-eabi/13.3.1/thumb/v7-m/nofp/crtbegin.o

.data           0x20000000      0x168 load address 0x08008458
                0x20000000                        . = ALIGN (0x4)
                0x20000000                        _sdata = .
 *(.data)
 *(.data*)
 .data.adcMin   0x20000000        0x4 ./Core/Src/main.o
                0x20000000                adcMin
 .data.SystemCoreClock
                0x20000004        0x4 ./Core/Src/system_stm32f1xx.o
                0x20000004                SystemCoreClock
 .data.uwTickPrio
                0x20000008        0x4 ./Drivers/STM32F1xx_HAL_Driver/Src/stm32f1xx_hal.o
                0x20000008                uwTickPrio
 .data.uwTickFreq
                0x2000000c        0x1 ./Drivers/STM32F1xx_HAL_Driver/Src/stm32f1xx_hal.o
                0x2000000c                uwTickFreq
 *fill*         0x2000000d        0x3 
 .data.USBD_HID
                0x20000010       0x38 ./Middlewares/ST/STM32_USB_Device_Library/Class/HID/Src/usbd_hid.o
                0x20000010                USBD_HID
 .data.USBD_HID_CfgFSDesc
                0x20000048       0x22 ./Middlewares/ST/STM32_USB_Device_Library/Class/HID/Src/usbd_hid.o
 *fill*         0x2000006a        0x2 
 .data.USBD_HID_CfgHSDesc
                0x2000006c       0x22 ./Middlewares/ST/STM32_USB_Device_Library/Class/HID/Src/usbd_hid.o
 *fill*         0x2000008e        0x2 
 .data.USBD_HID_OtherSpeedCfgDesc
                0x20000090       0x22 ./Middlewares/ST/STM32_USB_Device_Library/Class/HID/Src/usbd_hid.o
 *fill*         0x200000b2        0x2 
 .data.USBD_HID_Desc
                0x200000b4        0x9 ./Middlewares/ST/STM32_USB_Device_Library/Class/HID/Src/usbd_hid.o
 *fill*         0x200000bd        0x3 
 .data.USBD_HID_DeviceQualifierDesc
                0x200000c0        0xa ./Middlewares/ST/STM32_USB_Device_Library/Class/HID/Src/usbd_hid.o
 *fill*         0x200000ca        0x2 
 .data.HID_MOUSE_ReportDesc
                0x200000cc       0x4a ./Middlewares/ST/STM32_USB_Device_Library/Class/HID/Src/usbd_hid.o
 *fill*         0x20000116        0x2 
 .data.FS_Desc  0x20000118       0x1c ./USB_DEVICE/App/usbd_desc.o
                0x20000118                FS_Desc
 .data.USBD_FS_DeviceDesc
                0x20000134       0x12 ./USB_DEVICE/App/usbd_desc.o
                0x20000134                USBD_FS_DeviceDesc
 *fill*         0x20000146        0x2 
 .data.USBD_LangIDDesc
                0x20000148        0x4 ./USB_DEVICE/App/usbd_desc.o
                0x20000148                USBD_LangIDDesc
 .data.USBD_StringSerial
                0x2000014c       0x1a ./USB_DEVICE/App/usbd_desc.o
                0x2000014c                USBD_StringSerial
 *(.RamFunc)
 *(.RamFunc*)
                0x20000168                        . = ALIGN (0x4)
 *fill*         0x20000166        0x2 
                0x20000168                        _edata = .

.igot.plt       0x20000168        0x0 load address 0x080085c0
 .igot.plt      0x20000168        0x0 C:/ST/STM32CubeIDE_1.18.0/STM32CubeIDE/plugins/com.st.stm32cube.ide.mcu.externaltools.gnu-tools-for-stm32.13.3.rel1.win32_1.0.0.202411081344/tools/bin/../lib/gcc/arm-none-eabi/13.3.1/thumb/v7-m/nofp/crtbegin.o
                0x20000168                        . = ALIGN (0x4)

.bss            0x20000168      0x820 load address 0x080085c0
                0x20000168                        _sbss = .
                0x20000168                        __bss_start__ = _sbss
 *(.bss)
 .bss           0x20000168       0x1c C:/ST/STM32CubeIDE_1.18.0/STM32CubeIDE/plugins/com.st.stm32cube.ide.mcu.externaltools.gnu-tools-for-stm32.13.3.rel1.win32_1.0.0.202411081344/tools/bin/../lib/gcc/arm-none-eabi/13.3.1/thumb/v7-m/nofp/crtbegin.o
 *(.bss*)
 .bss.hadc1     0x20000184       0x30 ./Core/Src/main.o
                0x20000184                hadc1
 .bss.readValue
                0x200001b4        0x2 ./Core/Src/main.o
                0x200001b4                readValue
 .bss.click     0x200001b6        0x1 ./Core/Src/main.o
                0x200001b6                click
 *fill*         0x200001b7        0x1 
 .bss.adcMax    0x200001b8        0x4 ./Core/Src/main.o
                0x200001b8                adcMax
 .bss.reportContainer
                0x200001bc        0x2 ./Core/Src/main.o
                0x200001bc                reportContainer
 *fill*         0x200001be        0x2 
 .bss.prezent   0x200001c0        0x4 ./Core/Src/main.o
                0x200001c0                prezent
 .bss.viteza    0x200001c4        0x4 ./Core/Src/main.o
                0x200001c4                viteza
 .bss.initialized.1
                0x200001c8        0x1 ./Core/Src/main.o
 *fill*         0x200001c9        0x3 
 .bss.filteredADC.0
                0x200001cc        0x4 ./Core/Src/main.o
 .bss.uwTick    0x200001d0        0x4 ./Drivers/STM32F1xx_HAL_Driver/Src/stm32f1xx_hal.o
                0x200001d0                uwTick
 .bss.cfgidx.0  0x200001d4        0x1 ./Middlewares/ST/STM32_USB_Device_Library/Core/Src/usbd_ctlreq.o
 *fill*         0x200001d5        0x3 
 .bss.hUsbDeviceFS
                0x200001d8      0x2c4 ./USB_DEVICE/App/usb_device.o
                0x200001d8                hUsbDeviceFS
 .bss.USBD_StrDesc
                0x2000049c      0x200 ./USB_DEVICE/App/usbd_desc.o
                0x2000049c                USBD_StrDesc
 .bss.hpcd_USB_FS
                0x2000069c      0x2d8 ./USB_DEVICE/Target/usbd_conf.o
                0x2000069c                hpcd_USB_FS
 .bss.mem.0     0x20000974       0x14 ./USB_DEVICE/Target/usbd_conf.o
 *(COMMON)
                0x20000988                        . = ALIGN (0x4)
                0x20000988                        _ebss = .
                0x20000988                        __bss_end__ = _ebss

._user_heap_stack
                0x20000988      0x600 load address 0x080085c0
                0x20000988                        . = ALIGN (0x8)
                [!provide]                        PROVIDE (end = .)
                0x20000988                        PROVIDE (_end = .)
                0x20000b88                        . = (. + _Min_Heap_Size)
 *fill*         0x20000988      0x200 
                0x20000f88                        . = (. + _Min_Stack_Size)
 *fill*         0x20000b88      0x400 
                0x20000f88                        . = ALIGN (0x8)

/DISCARD/
 libc.a(*)
 libm.a(*)
 libgcc.a(*)

.ARM.attributes
                0x00000000       0x29
 *(.ARM.attributes)
 .ARM.attributes
                0x00000000       0x1d C:/ST/STM32CubeIDE_1.18.0/STM32CubeIDE/plugins/com.st.stm32cube.ide.mcu.externaltools.gnu-tools-for-stm32.13.3.rel1.win32_1.0.0.202411081344/tools/bin/../lib/gcc/arm-none-eabi/13.3.1/thumb/v7-m/nofp/crti.o
 .ARM.attributes
                0x0000001d       0x2d C:/ST/STM32CubeIDE_1.18.0/STM32CubeIDE/plugins/com.st.stm32cube.ide.mcu.externaltools.gnu-tools-for-stm32.13.3.rel1.win32_1.0.0.202411081344/tools/bin/../lib/gcc/arm-none-eabi/13.3.1/thumb/v7-m/nofp/crtbegin.o
 .ARM.attributes
                0x0000004a       0x2d ./Core/Src/main.o
 .ARM.attributes
                0x00000077       0x2d ./Core/Src/stm32f1xx_hal_msp.o
 .ARM.attributes
                0x000000a4       0x2d ./Core/Src/stm32f1xx_it.o
 .ARM.attributes
                0x000000d1       0x2d ./Core/Src/system_stm32f1xx.o
 .ARM.attributes
                0x000000fe       0x21 ./Core/Startup/startup_stm32f103c8tx.o
 .ARM.attributes
                0x0000011f       0x2d ./Drivers/STM32F1xx_HAL_Driver/Src/stm32f1xx_hal.o
 .ARM.attributes
                0x0000014c       0x2d ./Drivers/STM32F1xx_HAL_Driver/Src/stm32f1xx_hal_adc.o
 .ARM.attributes
                0x00000179       0x2d ./Drivers/STM32F1xx_HAL_Driver/Src/stm32f1xx_hal_cortex.o
 .ARM.attributes
                0x000001a6       0x2d ./Drivers/STM32F1xx_HAL_Driver/Src/stm32f1xx_hal_gpio.o
 .ARM.attributes
                0x000001d3       0x2d ./Drivers/STM32F1xx_HAL_Driver/Src/stm32f1xx_hal_pcd.o
 .ARM.attributes
                0x00000200       0x2d ./Drivers/STM32F1xx_HAL_Driver/Src/stm32f1xx_hal_pcd_ex.o
 .ARM.attributes
                0x0000022d       0x2d ./Drivers/STM32F1xx_HAL_Driver/Src/stm32f1xx_hal_rcc.o
 .ARM.attributes
                0x0000025a       0x2d ./Drivers/STM32F1xx_HAL_Driver/Src/stm32f1xx_hal_rcc_ex.o
 .ARM.attributes
                0x00000287       0x2d ./Drivers/STM32F1xx_HAL_Driver/Src/stm32f1xx_ll_usb.o
 .ARM.attributes
                0x000002b4       0x2d ./Middlewares/ST/STM32_USB_Device_Library/Class/HID/Src/usbd_hid.o
 .ARM.attributes
                0x000002e1       0x2d ./Middlewares/ST/STM32_USB_Device_Library/Core/Src/usbd_core.o
 .ARM.attributes
                0x0000030e       0x2d ./Middlewares/ST/STM32_USB_Device_Library/Core/Src/usbd_ctlreq.o
 .ARM.attributes
                0x0000033b       0x2d ./Middlewares/ST/STM32_USB_Device_Library/Core/Src/usbd_ioreq.o
 .ARM.attributes
                0x00000368       0x2d ./USB_DEVICE/App/usb_device.o
 .ARM.attributes
                0x00000395       0x2d ./USB_DEVICE/App/usbd_desc.o
 .ARM.attributes
                0x000003c2       0x2d ./USB_DEVICE/Target/usbd_conf.o
 .ARM.attributes
                0x000003ef       0x2d C:/ST/STM32CubeIDE_1.18.0/STM32CubeIDE/plugins/com.st.stm32cube.ide.mcu.externaltools.gnu-tools-for-stm32.13.3.rel1.win32_1.0.0.202411081344/tools/bin/../lib/gcc/arm-none-eabi/13.3.1/../../../../arm-none-eabi/lib/thumb/v7-m/nofp\libc_nano.a(libc_a-memset.o)
 .ARM.attributes
                0x0000041c       0x2d C:/ST/STM32CubeIDE_1.18.0/STM32CubeIDE/plugins/com.st.stm32cube.ide.mcu.externaltools.gnu-tools-for-stm32.13.3.rel1.win32_1.0.0.202411081344/tools/bin/../lib/gcc/arm-none-eabi/13.3.1/../../../../arm-none-eabi/lib/thumb/v7-m/nofp\libc_nano.a(libc_a-init.o)
 .ARM.attributes
                0x00000449       0x1d C:/ST/STM32CubeIDE_1.18.0/STM32CubeIDE/plugins/com.st.stm32cube.ide.mcu.externaltools.gnu-tools-for-stm32.13.3.rel1.win32_1.0.0.202411081344/tools/bin/../lib/gcc/arm-none-eabi/13.3.1/thumb/v7-m/nofp\libgcc.a(_arm_addsubsf3.o)
 .ARM.attributes
                0x00000466       0x1d C:/ST/STM32CubeIDE_1.18.0/STM32CubeIDE/plugins/com.st.stm32cube.ide.mcu.externaltools.gnu-tools-for-stm32.13.3.rel1.win32_1.0.0.202411081344/tools/bin/../lib/gcc/arm-none-eabi/13.3.1/thumb/v7-m/nofp\libgcc.a(_arm_muldivsf3.o)
 .ARM.attributes
                0x00000483       0x1d C:/ST/STM32CubeIDE_1.18.0/STM32CubeIDE/plugins/com.st.stm32cube.ide.mcu.externaltools.gnu-tools-for-stm32.13.3.rel1.win32_1.0.0.202411081344/tools/bin/../lib/gcc/arm-none-eabi/13.3.1/thumb/v7-m/nofp\libgcc.a(_arm_fixunssfsi.o)
 .ARM.attributes
                0x000004a0       0x1d C:/ST/STM32CubeIDE_1.18.0/STM32CubeIDE/plugins/com.st.stm32cube.ide.mcu.externaltools.gnu-tools-for-stm32.13.3.rel1.win32_1.0.0.202411081344/tools/bin/../lib/gcc/arm-none-eabi/13.3.1/thumb/v7-m/nofp/crtn.o
OUTPUT(SimulareGamepad.elf elf32-littlearm)
LOAD linker stubs
LOAD C:/ST/STM32CubeIDE_1.18.0/STM32CubeIDE/plugins/com.st.stm32cube.ide.mcu.externaltools.gnu-tools-for-stm32.13.3.rel1.win32_1.0.0.202411081344/tools/bin/../lib/gcc/arm-none-eabi/13.3.1/../../../../arm-none-eabi/lib/thumb/v7-m/nofp\libc.a
LOAD C:/ST/STM32CubeIDE_1.18.0/STM32CubeIDE/plugins/com.st.stm32cube.ide.mcu.externaltools.gnu-tools-for-stm32.13.3.rel1.win32_1.0.0.202411081344/tools/bin/../lib/gcc/arm-none-eabi/13.3.1/../../../../arm-none-eabi/lib/thumb/v7-m/nofp\libm.a
LOAD C:/ST/STM32CubeIDE_1.18.0/STM32CubeIDE/plugins/com.st.stm32cube.ide.mcu.externaltools.gnu-tools-for-stm32.13.3.rel1.win32_1.0.0.202411081344/tools/bin/../lib/gcc/arm-none-eabi/13.3.1/thumb/v7-m/nofp\libgcc.a

.debug_info     0x00000000     0xc9a2
 .debug_info    0x00000000     0x102a ./Core/Src/main.o
 .debug_info    0x0000102a      0x7af ./Core/Src/stm32f1xx_hal_msp.o
 .debug_info    0x000017d9      0x602 ./Core/Src/stm32f1xx_it.o
 .debug_info    0x00001ddb      0x222 ./Core/Src/system_stm32f1xx.o
 .debug_info    0x00001ffd       0x30 ./Core/Startup/startup_stm32f103c8tx.o
 .debug_info    0x0000202d      0x704 ./Drivers/STM32F1xx_HAL_Driver/Src/stm32f1xx_hal.o
 .debug_info    0x00002731      0xc50 ./Drivers/STM32F1xx_HAL_Driver/Src/stm32f1xx_hal_adc.o
 .debug_info    0x00003381      0xa87 ./Drivers/STM32F1xx_HAL_Driver/Src/stm32f1xx_hal_cortex.o
 .debug_info    0x00003e08      0x5ab ./Drivers/STM32F1xx_HAL_Driver/Src/stm32f1xx_hal_gpio.o
 .debug_info    0x000043b3     0x16dc ./Drivers/STM32F1xx_HAL_Driver/Src/stm32f1xx_hal_pcd.o
 .debug_info    0x00005a8f      0x6c3 ./Drivers/STM32F1xx_HAL_Driver/Src/stm32f1xx_hal_pcd_ex.o
 .debug_info    0x00006152      0x7d5 ./Drivers/STM32F1xx_HAL_Driver/Src/stm32f1xx_hal_rcc.o
 .debug_info    0x00006927      0x3c0 ./Drivers/STM32F1xx_HAL_Driver/Src/stm32f1xx_hal_rcc_ex.o
 .debug_info    0x00006ce7     0x17ae ./Drivers/STM32F1xx_HAL_Driver/Src/stm32f1xx_ll_usb.o
 .debug_info    0x00008495      0x927 ./Middlewares/ST/STM32_USB_Device_Library/Class/HID/Src/usbd_hid.o
 .debug_info    0x00008dbc      0xa52 ./Middlewares/ST/STM32_USB_Device_Library/Core/Src/usbd_core.o
 .debug_info    0x0000980e      0x91c ./Middlewares/ST/STM32_USB_Device_Library/Core/Src/usbd_ctlreq.o
 .debug_info    0x0000a12a      0x6a0 ./Middlewares/ST/STM32_USB_Device_Library/Core/Src/usbd_ioreq.o
 .debug_info    0x0000a7ca      0x53a ./USB_DEVICE/App/usb_device.o
 .debug_info    0x0000ad04      0x44a ./USB_DEVICE/App/usbd_desc.o
 .debug_info    0x0000b14e     0x1854 ./USB_DEVICE/Target/usbd_conf.o

.debug_abbrev   0x00000000     0x2a5a
 .debug_abbrev  0x00000000      0x312 ./Core/Src/main.o
 .debug_abbrev  0x00000312      0x1a4 ./Core/Src/stm32f1xx_hal_msp.o
 .debug_abbrev  0x000004b6      0x192 ./Core/Src/stm32f1xx_it.o
 .debug_abbrev  0x00000648      0x13f ./Core/Src/system_stm32f1xx.o
 .debug_abbrev  0x00000787       0x24 ./Core/Startup/startup_stm32f103c8tx.o
 .debug_abbrev  0x000007ab      0x201 ./Drivers/STM32F1xx_HAL_Driver/Src/stm32f1xx_hal.o
 .debug_abbrev  0x000009ac      0x225 ./Drivers/STM32F1xx_HAL_Driver/Src/stm32f1xx_hal_adc.o
 .debug_abbrev  0x00000bd1      0x2f8 ./Drivers/STM32F1xx_HAL_Driver/Src/stm32f1xx_hal_cortex.o
 .debug_abbrev  0x00000ec9      0x1ca ./Drivers/STM32F1xx_HAL_Driver/Src/stm32f1xx_hal_gpio.o
 .debug_abbrev  0x00001093      0x2d6 ./Drivers/STM32F1xx_HAL_Driver/Src/stm32f1xx_hal_pcd.o
 .debug_abbrev  0x00001369      0x189 ./Drivers/STM32F1xx_HAL_Driver/Src/stm32f1xx_hal_pcd_ex.o
 .debug_abbrev  0x000014f2      0x2b3 ./Drivers/STM32F1xx_HAL_Driver/Src/stm32f1xx_hal_rcc.o
 .debug_abbrev  0x000017a5      0x188 ./Drivers/STM32F1xx_HAL_Driver/Src/stm32f1xx_hal_rcc_ex.o
 .debug_abbrev  0x0000192d      0x1de ./Drivers/STM32F1xx_HAL_Driver/Src/stm32f1xx_ll_usb.o
 .debug_abbrev  0x00001b0b      0x26b ./Middlewares/ST/STM32_USB_Device_Library/Class/HID/Src/usbd_hid.o
 .debug_abbrev  0x00001d76      0x24a ./Middlewares/ST/STM32_USB_Device_Library/Core/Src/usbd_core.o
 .debug_abbrev  0x00001fc0      0x26b ./Middlewares/ST/STM32_USB_Device_Library/Core/Src/usbd_ctlreq.o
 .debug_abbrev  0x0000222b      0x192 ./Middlewares/ST/STM32_USB_Device_Library/Core/Src/usbd_ioreq.o
 .debug_abbrev  0x000023bd      0x188 ./USB_DEVICE/App/usb_device.o
 .debug_abbrev  0x00002545      0x1ff ./USB_DEVICE/App/usbd_desc.o
 .debug_abbrev  0x00002744      0x316 ./USB_DEVICE/Target/usbd_conf.o

.debug_aranges  0x00000000      0xb10
 .debug_aranges
                0x00000000       0x40 ./Core/Src/main.o
 .debug_aranges
                0x00000040       0x30 ./Core/Src/stm32f1xx_hal_msp.o
 .debug_aranges
                0x00000070       0x68 ./Core/Src/stm32f1xx_it.o
 .debug_aranges
                0x000000d8       0x28 ./Core/Src/system_stm32f1xx.o
 .debug_aranges
                0x00000100       0x28 ./Core/Startup/startup_stm32f103c8tx.o
 .debug_aranges
                0x00000128       0xe0 ./Drivers/STM32F1xx_HAL_Driver/Src/stm32f1xx_hal.o
 .debug_aranges
                0x00000208       0xf0 ./Drivers/STM32F1xx_HAL_Driver/Src/stm32f1xx_hal_adc.o
 .debug_aranges
                0x000002f8      0x100 ./Drivers/STM32F1xx_HAL_Driver/Src/stm32f1xx_hal_cortex.o
 .debug_aranges
                0x000003f8       0x58 ./Drivers/STM32F1xx_HAL_Driver/Src/stm32f1xx_hal_gpio.o
 .debug_aranges
                0x00000450      0x140 ./Drivers/STM32F1xx_HAL_Driver/Src/stm32f1xx_hal_pcd.o
 .debug_aranges
                0x00000590       0x38 ./Drivers/STM32F1xx_HAL_Driver/Src/stm32f1xx_hal_pcd_ex.o
 .debug_aranges
                0x000005c8       0x90 ./Drivers/STM32F1xx_HAL_Driver/Src/stm32f1xx_hal_rcc.o
 .debug_aranges
                0x00000658       0x30 ./Drivers/STM32F1xx_HAL_Driver/Src/stm32f1xx_hal_rcc_ex.o
 .debug_aranges
                0x00000688       0xf8 ./Drivers/STM32F1xx_HAL_Driver/Src/stm32f1xx_ll_usb.o
 .debug_aranges
                0x00000780       0x68 ./Middlewares/ST/STM32_USB_Device_Library/Class/HID/Src/usbd_hid.o
 .debug_aranges
                0x000007e8       0xb8 ./Middlewares/ST/STM32_USB_Device_Library/Core/Src/usbd_core.o
 .debug_aranges
                0x000008a0       0x88 ./Middlewares/ST/STM32_USB_Device_Library/Core/Src/usbd_ctlreq.o
 .debug_aranges
                0x00000928       0x50 ./Middlewares/ST/STM32_USB_Device_Library/Core/Src/usbd_ioreq.o
 .debug_aranges
                0x00000978       0x20 ./USB_DEVICE/App/usb_device.o
 .debug_aranges
                0x00000998       0x60 ./USB_DEVICE/App/usbd_desc.o
 .debug_aranges
                0x000009f8      0x118 ./USB_DEVICE/Target/usbd_conf.o

.debug_rnglists
                0x00000000      0x81c
 .debug_rnglists
                0x00000000       0x2e ./Core/Src/main.o
 .debug_rnglists
                0x0000002e       0x1f ./Core/Src/stm32f1xx_hal_msp.o
 .debug_rnglists
                0x0000004d       0x49 ./Core/Src/stm32f1xx_it.o
 .debug_rnglists
                0x00000096       0x1a ./Core/Src/system_stm32f1xx.o
 .debug_rnglists
                0x000000b0       0x19 ./Core/Startup/startup_stm32f103c8tx.o
 .debug_rnglists
                0x000000c9       0xa3 ./Drivers/STM32F1xx_HAL_Driver/Src/stm32f1xx_hal.o
 .debug_rnglists
                0x0000016c       0xbc ./Drivers/STM32F1xx_HAL_Driver/Src/stm32f1xx_hal_adc.o
 .debug_rnglists
                0x00000228       0xbb ./Drivers/STM32F1xx_HAL_Driver/Src/stm32f1xx_hal_cortex.o
 .debug_rnglists
                0x000002e3       0x3f ./Drivers/STM32F1xx_HAL_Driver/Src/stm32f1xx_hal_gpio.o
 .debug_rnglists
                0x00000322       0xf4 ./Drivers/STM32F1xx_HAL_Driver/Src/stm32f1xx_hal_pcd.o
 .debug_rnglists
                0x00000416       0x26 ./Drivers/STM32F1xx_HAL_Driver/Src/stm32f1xx_hal_pcd_ex.o
 .debug_rnglists
                0x0000043c       0x6c ./Drivers/STM32F1xx_HAL_Driver/Src/stm32f1xx_hal_rcc.o
 .debug_rnglists
                0x000004a8       0x21 ./Drivers/STM32F1xx_HAL_Driver/Src/stm32f1xx_hal_rcc_ex.o
 .debug_rnglists
                0x000004c9       0xbd ./Drivers/STM32F1xx_HAL_Driver/Src/stm32f1xx_ll_usb.o
 .debug_rnglists
                0x00000586       0x4a ./Middlewares/ST/STM32_USB_Device_Library/Class/HID/Src/usbd_hid.o
 .debug_rnglists
                0x000005d0       0x89 ./Middlewares/ST/STM32_USB_Device_Library/Core/Src/usbd_core.o
 .debug_rnglists
                0x00000659       0x68 ./Middlewares/ST/STM32_USB_Device_Library/Core/Src/usbd_ctlreq.o
 .debug_rnglists
                0x000006c1       0x37 ./Middlewares/ST/STM32_USB_Device_Library/Core/Src/usbd_ioreq.o
 .debug_rnglists
                0x000006f8       0x13 ./USB_DEVICE/App/usb_device.o
 .debug_rnglists
                0x0000070b       0x43 ./USB_DEVICE/App/usbd_desc.o
 .debug_rnglists
                0x0000074e       0xce ./USB_DEVICE/Target/usbd_conf.o

.debug_macro    0x00000000    0x19717
 .debug_macro   0x00000000      0x335 ./Core/Src/main.o
 .debug_macro   0x00000335      0xacc ./Core/Src/main.o
 .debug_macro   0x00000e01      0x21b ./Core/Src/main.o
 .debug_macro   0x0000101c       0x2e ./Core/Src/main.o
 .debug_macro   0x0000104a       0x22 ./Core/Src/main.o
 .debug_macro   0x0000106c       0x22 ./Core/Src/main.o
 .debug_macro   0x0000108e       0x8e ./Core/Src/main.o
 .debug_macro   0x0000111c       0x51 ./Core/Src/main.o
 .debug_macro   0x0000116d      0x103 ./Core/Src/main.o
 .debug_macro   0x00001270       0x6a ./Core/Src/main.o
 .debug_macro   0x000012da      0x1df ./Core/Src/main.o
 .debug_macro   0x000014b9       0x1c ./Core/Src/main.o
 .debug_macro   0x000014d5       0x22 ./Core/Src/main.o
 .debug_macro   0x000014f7       0xbd ./Core/Src/main.o
 .debug_macro   0x000015b4      0xd23 ./Core/Src/main.o
 .debug_macro   0x000022d7     0xe09e ./Core/Src/main.o
 .debug_macro   0x00010375       0x6d ./Core/Src/main.o
 .debug_macro   0x000103e2     0x34a2 ./Core/Src/main.o
 .debug_macro   0x00013884      0x190 ./Core/Src/main.o
 .debug_macro   0x00013a14       0x5c ./Core/Src/main.o
 .debug_macro   0x00013a70      0x5bc ./Core/Src/main.o
 .debug_macro   0x0001402c      0x289 ./Core/Src/main.o
 .debug_macro   0x000142b5      0x1cb ./Core/Src/main.o
 .debug_macro   0x00014480      0x114 ./Core/Src/main.o
 .debug_macro   0x00014594      0x1b2 ./Core/Src/main.o
 .debug_macro   0x00014746       0x27 ./Core/Src/main.o
 .debug_macro   0x0001476d      0x136 ./Core/Src/main.o
 .debug_macro   0x000148a3      0x1bc ./Core/Src/main.o
 .debug_macro   0x00014a5f       0x34 ./Core/Src/main.o
 .debug_macro   0x00014a93       0x3c ./Core/Src/main.o
 .debug_macro   0x00014acf       0x57 ./Core/Src/main.o
 .debug_macro   0x00014b26      0x46a ./Core/Src/main.o
 .debug_macro   0x00014f90      0x1b5 ./Core/Src/main.o
 .debug_macro   0x00015145       0x87 ./Core/Src/main.o
 .debug_macro   0x000151cc      0x240 ./Core/Src/main.o
 .debug_macro   0x0001540c      0x140 ./Core/Src/main.o
 .debug_macro   0x0001554c       0xb7 ./Core/Src/main.o
 .debug_macro   0x00015603      0x242 ./Core/Src/main.o
 .debug_macro   0x00015845       0x83 ./Core/Src/main.o
 .debug_macro   0x000158c8       0x40 ./Core/Src/main.o
 .debug_macro   0x00015908       0x61 ./Core/Src/main.o
 .debug_macro   0x00015969       0x24 ./Core/Src/main.o
 .debug_macro   0x0001598d       0x43 ./Core/Src/main.o
 .debug_macro   0x000159d0       0x34 ./Core/Src/main.o
 .debug_macro   0x00015a04       0x16 ./Core/Src/main.o
 .debug_macro   0x00015a1a       0x3c ./Core/Src/main.o
 .debug_macro   0x00015a56      0x370 ./Core/Src/main.o
 .debug_macro   0x00015dc6       0x10 ./Core/Src/main.o
 .debug_macro   0x00015dd6       0x16 ./Core/Src/main.o
 .debug_macro   0x00015dec       0x4a ./Core/Src/main.o
 .debug_macro   0x00015e36       0x34 ./Core/Src/main.o
 .debug_macro   0x00015e6a       0x10 ./Core/Src/main.o
 .debug_macro   0x00015e7a       0x58 ./Core/Src/main.o
 .debug_macro   0x00015ed2       0x8e ./Core/Src/main.o
 .debug_macro   0x00015f60       0x1c ./Core/Src/main.o
 .debug_macro   0x00015f7c      0x185 ./Core/Src/main.o
 .debug_macro   0x00016101       0x16 ./Core/Src/main.o
 .debug_macro   0x00016117       0x16 ./Core/Src/main.o
 .debug_macro   0x0001612d      0x146 ./Core/Src/main.o
 .debug_macro   0x00016273       0x16 ./Core/Src/main.o
 .debug_macro   0x00016289       0x16 ./Core/Src/main.o
 .debug_macro   0x0001629f       0x29 ./Core/Src/main.o
 .debug_macro   0x000162c8       0x16 ./Core/Src/main.o
 .debug_macro   0x000162de       0x20 ./Core/Src/main.o
 .debug_macro   0x000162fe       0x5f ./Core/Src/main.o
 .debug_macro   0x0001635d      0x1c8 ./Core/Src/main.o
 .debug_macro   0x00016525      0x1cb ./Core/Src/stm32f1xx_hal_msp.o
 .debug_macro   0x000166f0      0x1d5 ./Core/Src/stm32f1xx_it.o
 .debug_macro   0x000168c5      0x1bc ./Core/Src/system_stm32f1xx.o
 .debug_macro   0x00016a81      0x1e0 ./Drivers/STM32F1xx_HAL_Driver/Src/stm32f1xx_hal.o
 .debug_macro   0x00016c61      0x1d9 ./Drivers/STM32F1xx_HAL_Driver/Src/stm32f1xx_hal_adc.o
 .debug_macro   0x00016e3a      0x1bc ./Drivers/STM32F1xx_HAL_Driver/Src/stm32f1xx_hal_cortex.o
 .debug_macro   0x00016ff6      0x227 ./Drivers/STM32F1xx_HAL_Driver/Src/stm32f1xx_hal_gpio.o
 .debug_macro   0x0001721d      0x1c8 ./Drivers/STM32F1xx_HAL_Driver/Src/stm32f1xx_hal_pcd.o
 .debug_macro   0x000173e5      0x1bc ./Drivers/STM32F1xx_HAL_Driver/Src/stm32f1xx_hal_pcd_ex.o
 .debug_macro   0x000175a1      0x1ce ./Drivers/STM32F1xx_HAL_Driver/Src/stm32f1xx_hal_rcc.o
 .debug_macro   0x0001776f      0x1bc ./Drivers/STM32F1xx_HAL_Driver/Src/stm32f1xx_hal_rcc_ex.o
 .debug_macro   0x0001792b      0x1bc ./Drivers/STM32F1xx_HAL_Driver/Src/stm32f1xx_ll_usb.o
 .debug_macro   0x00017ae7      0x35a ./Middlewares/ST/STM32_USB_Device_Library/Class/HID/Src/usbd_hid.o
 .debug_macro   0x00017e41       0x9e ./Middlewares/ST/STM32_USB_Device_Library/Class/HID/Src/usbd_hid.o
 .debug_macro   0x00017edf      0x112 ./Middlewares/ST/STM32_USB_Device_Library/Class/HID/Src/usbd_hid.o
 .debug_macro   0x00017ff1       0x56 ./Middlewares/ST/STM32_USB_Device_Library/Class/HID/Src/usbd_hid.o
 .debug_macro   0x00018047       0x5e ./Middlewares/ST/STM32_USB_Device_Library/Class/HID/Src/usbd_hid.o
 .debug_macro   0x000180a5      0x341 ./Middlewares/ST/STM32_USB_Device_Library/Core/Src/usbd_core.o
 .debug_macro   0x000183e6      0x1ce ./Middlewares/ST/STM32_USB_Device_Library/Core/Src/usbd_core.o
 .debug_macro   0x000185b4      0x34b ./Middlewares/ST/STM32_USB_Device_Library/Core/Src/usbd_ctlreq.o
 .debug_macro   0x000188ff      0x347 ./Middlewares/ST/STM32_USB_Device_Library/Core/Src/usbd_ioreq.o
 .debug_macro   0x00018c46      0x371 ./USB_DEVICE/App/usb_device.o
 .debug_macro   0x00018fb7       0x46 ./USB_DEVICE/App/usb_device.o
 .debug_macro   0x00018ffd       0x22 ./USB_DEVICE/App/usb_device.o
 .debug_macro   0x0001901f      0x37e ./USB_DEVICE/App/usbd_desc.o
 .debug_macro   0x0001939d       0x1c ./USB_DEVICE/App/usbd_desc.o
 .debug_macro   0x000193b9      0x35e ./USB_DEVICE/Target/usbd_conf.o

.debug_line     0x00000000     0xecbc
 .debug_line    0x00000000      0xb47 ./Core/Src/main.o
 .debug_line    0x00000b47      0x772 ./Core/Src/stm32f1xx_hal_msp.o
 .debug_line    0x000012b9      0x7f2 ./Core/Src/stm32f1xx_it.o
 .debug_line    0x00001aab      0x7aa ./Core/Src/system_stm32f1xx.o
 .debug_line    0x00002255       0x78 ./Core/Startup/startup_stm32f103c8tx.o
 .debug_line    0x000022cd      0x9db ./Drivers/STM32F1xx_HAL_Driver/Src/stm32f1xx_hal.o
 .debug_line    0x00002ca8     0x1000 ./Drivers/STM32F1xx_HAL_Driver/Src/stm32f1xx_hal_adc.o
 .debug_line    0x00003ca8      0xba5 ./Drivers/STM32F1xx_HAL_Driver/Src/stm32f1xx_hal_cortex.o
 .debug_line    0x0000484d      0xa38 ./Drivers/STM32F1xx_HAL_Driver/Src/stm32f1xx_hal_gpio.o
 .debug_line    0x00005285     0x1360 ./Drivers/STM32F1xx_HAL_Driver/Src/stm32f1xx_hal_pcd.o
 .debug_line    0x000065e5      0x7a5 ./Drivers/STM32F1xx_HAL_Driver/Src/stm32f1xx_hal_pcd_ex.o
 .debug_line    0x00006d8a      0xe94 ./Drivers/STM32F1xx_HAL_Driver/Src/stm32f1xx_hal_rcc.o
 .debug_line    0x00007c1e      0x945 ./Drivers/STM32F1xx_HAL_Driver/Src/stm32f1xx_hal_rcc_ex.o
 .debug_line    0x00008563     0x114b ./Drivers/STM32F1xx_HAL_Driver/Src/stm32f1xx_ll_usb.o
 .debug_line    0x000096ae      0xbec ./Middlewares/ST/STM32_USB_Device_Library/Class/HID/Src/usbd_hid.o
 .debug_line    0x0000a29a      0xd89 ./Middlewares/ST/STM32_USB_Device_Library/Core/Src/usbd_core.o
 .debug_line    0x0000b023      0xfd3 ./Middlewares/ST/STM32_USB_Device_Library/Core/Src/usbd_ctlreq.o
 .debug_line    0x0000bff6      0xa3f ./Middlewares/ST/STM32_USB_Device_Library/Core/Src/usbd_ioreq.o
 .debug_line    0x0000ca35      0x9f0 ./USB_DEVICE/App/usb_device.o
 .debug_line    0x0000d425      0xab8 ./USB_DEVICE/App/usbd_desc.o
 .debug_line    0x0000dedd      0xddf ./USB_DEVICE/Target/usbd_conf.o

.debug_str      0x00000000    0x896af
 .debug_str     0x00000000    0x896af ./Core/Src/main.o
                              0x87007 (size before relaxing)
 .debug_str     0x000896af    0x82662 ./Core/Src/stm32f1xx_hal_msp.o
 .debug_str     0x000896af    0x826a1 ./Core/Src/stm32f1xx_it.o
 .debug_str     0x000896af    0x821ff ./Core/Src/system_stm32f1xx.o
 .debug_str     0x000896af       0x8a ./Core/Startup/startup_stm32f103c8tx.o
 .debug_str     0x000896af    0x82932 ./Drivers/STM32F1xx_HAL_Driver/Src/stm32f1xx_hal.o
 .debug_str     0x000896af    0x828e3 ./Drivers/STM32F1xx_HAL_Driver/Src/stm32f1xx_hal_adc.o
 .debug_str     0x000896af    0x8287e ./Drivers/STM32F1xx_HAL_Driver/Src/stm32f1xx_hal_cortex.o
 .debug_str     0x000896af    0x82585 ./Drivers/STM32F1xx_HAL_Driver/Src/stm32f1xx_hal_gpio.o
 .debug_str     0x000896af    0x82b1c ./Drivers/STM32F1xx_HAL_Driver/Src/stm32f1xx_hal_pcd.o
 .debug_str     0x000896af    0x8267e ./Drivers/STM32F1xx_HAL_Driver/Src/stm32f1xx_hal_pcd_ex.o
 .debug_str     0x000896af    0x8262e ./Drivers/STM32F1xx_HAL_Driver/Src/stm32f1xx_hal_rcc.o
 .debug_str     0x000896af    0x8237e ./Drivers/STM32F1xx_HAL_Driver/Src/stm32f1xx_hal_rcc_ex.o
 .debug_str     0x000896af    0x826d0 ./Drivers/STM32F1xx_HAL_Driver/Src/stm32f1xx_ll_usb.o
 .debug_str     0x000896af    0x86ce9 ./Middlewares/ST/STM32_USB_Device_Library/Class/HID/Src/usbd_hid.o
 .debug_str     0x000896af    0x86b84 ./Middlewares/ST/STM32_USB_Device_Library/Core/Src/usbd_core.o
 .debug_str     0x000896af    0x86a9e ./Middlewares/ST/STM32_USB_Device_Library/Core/Src/usbd_ctlreq.o
 .debug_str     0x000896af    0x869cb ./Middlewares/ST/STM32_USB_Device_Library/Core/Src/usbd_ioreq.o
 .debug_str     0x000896af    0x86b40 ./USB_DEVICE/App/usb_device.o
 .debug_str     0x000896af    0x86907 ./USB_DEVICE/App/usbd_desc.o
 .debug_str     0x000896af    0x8767e ./USB_DEVICE/Target/usbd_conf.o

.comment        0x00000000       0x43
 .comment       0x00000000       0x43 ./Core/Src/main.o
                                 0x44 (size before relaxing)
 .comment       0x00000043       0x44 ./Core/Src/stm32f1xx_hal_msp.o
 .comment       0x00000043       0x44 ./Core/Src/stm32f1xx_it.o
 .comment       0x00000043       0x44 ./Core/Src/system_stm32f1xx.o
 .comment       0x00000043       0x44 ./Drivers/STM32F1xx_HAL_Driver/Src/stm32f1xx_hal.o
 .comment       0x00000043       0x44 ./Drivers/STM32F1xx_HAL_Driver/Src/stm32f1xx_hal_adc.o
 .comment       0x00000043       0x44 ./Drivers/STM32F1xx_HAL_Driver/Src/stm32f1xx_hal_cortex.o
 .comment       0x00000043       0x44 ./Drivers/STM32F1xx_HAL_Driver/Src/stm32f1xx_hal_gpio.o
 .comment       0x00000043       0x44 ./Drivers/STM32F1xx_HAL_Driver/Src/stm32f1xx_hal_pcd.o
 .comment       0x00000043       0x44 ./Drivers/STM32F1xx_HAL_Driver/Src/stm32f1xx_hal_pcd_ex.o
 .comment       0x00000043       0x44 ./Drivers/STM32F1xx_HAL_Driver/Src/stm32f1xx_hal_rcc.o
 .comment       0x00000043       0x44 ./Drivers/STM32F1xx_HAL_Driver/Src/stm32f1xx_hal_rcc_ex.o
 .comment       0x00000043       0x44 ./Drivers/STM32F1xx_HAL_Driver/Src/stm32f1xx_ll_usb.o
 .comment       0x00000043       0x44 ./Middlewares/ST/STM32_USB_Device_Library/Class/HID/Src/usbd_hid.o
 .comment       0x00000043       0x44 ./Middlewares/ST/STM32_USB_Device_Library/Core/Src/usbd_core.o
 .comment       0x00000043       0x44 ./Middlewares/ST/STM32_USB_Device_Library/Core/Src/usbd_ctlreq.o
 .comment       0x00000043       0x44 ./Middlewares/ST/STM32_USB_Device_Library/Core/Src/usbd_ioreq.o
 .comment       0x00000043       0x44 ./USB_DEVICE/App/usb_device.o
 .comment       0x00000043       0x44 ./USB_DEVICE/App/usbd_desc.o
 .comment       0x00000043       0x44 ./USB_DEVICE/Target/usbd_conf.o

.debug_frame    0x00000000     0x2b84
 .debug_frame   0x00000000       0xb4 ./Core/Src/main.o
 .debug_frame   0x000000b4       0x80 ./Core/Src/stm32f1xx_hal_msp.o
 .debug_frame   0x00000134      0x120 ./Core/Src/stm32f1xx_it.o
 .debug_frame   0x00000254       0x58 ./Core/Src/system_stm32f1xx.o
 .debug_frame   0x000002ac      0x334 ./Drivers/STM32F1xx_HAL_Driver/Src/stm32f1xx_hal.o
 .debug_frame   0x000005e0      0x40c ./Drivers/STM32F1xx_HAL_Driver/Src/stm32f1xx_hal_adc.o
 .debug_frame   0x000009ec      0x428 ./Drivers/STM32F1xx_HAL_Driver/Src/stm32f1xx_hal_cortex.o
 .debug_frame   0x00000e14      0x14c ./Drivers/STM32F1xx_HAL_Driver/Src/stm32f1xx_hal_gpio.o
 .debug_frame   0x00000f60      0x594 ./Drivers/STM32F1xx_HAL_Driver/Src/stm32f1xx_hal_pcd.o
 .debug_frame   0x000014f4       0xb0 ./Drivers/STM32F1xx_HAL_Driver/Src/stm32f1xx_hal_pcd_ex.o
 .debug_frame   0x000015a4      0x218 ./Drivers/STM32F1xx_HAL_Driver/Src/stm32f1xx_hal_rcc.o
 .debug_frame   0x000017bc       0x80 ./Drivers/STM32F1xx_HAL_Driver/Src/stm32f1xx_hal_rcc_ex.o
 .debug_frame   0x0000183c      0x470 ./Drivers/STM32F1xx_HAL_Driver/Src/stm32f1xx_ll_usb.o
 .debug_frame   0x00001cac      0x190 ./Middlewares/ST/STM32_USB_Device_Library/Class/HID/Src/usbd_hid.o
 .debug_frame   0x00001e3c      0x300 ./Middlewares/ST/STM32_USB_Device_Library/Core/Src/usbd_core.o
 .debug_frame   0x0000213c      0x218 ./Middlewares/ST/STM32_USB_Device_Library/Core/Src/usbd_ctlreq.o
 .debug_frame   0x00002354      0x10c ./Middlewares/ST/STM32_USB_Device_Library/Core/Src/usbd_ioreq.o
 .debug_frame   0x00002460       0x2c ./USB_DEVICE/App/usb_device.o
 .debug_frame   0x0000248c      0x160 ./USB_DEVICE/App/usbd_desc.o
 .debug_frame   0x000025ec      0x4a4 ./USB_DEVICE/Target/usbd_conf.o
 .debug_frame   0x00002a90       0x20 C:/ST/STM32CubeIDE_1.18.0/STM32CubeIDE/plugins/com.st.stm32cube.ide.mcu.externaltools.gnu-tools-for-stm32.13.3.rel1.win32_1.0.0.202411081344/tools/bin/../lib/gcc/arm-none-eabi/13.3.1/../../../../arm-none-eabi/lib/thumb/v7-m/nofp\libc_nano.a(libc_a-memset.o)
 .debug_frame   0x00002ab0       0x2c C:/ST/STM32CubeIDE_1.18.0/STM32CubeIDE/plugins/com.st.stm32cube.ide.mcu.externaltools.gnu-tools-for-stm32.13.3.rel1.win32_1.0.0.202411081344/tools/bin/../lib/gcc/arm-none-eabi/13.3.1/../../../../arm-none-eabi/lib/thumb/v7-m/nofp\libc_nano.a(libc_a-init.o)
 .debug_frame   0x00002adc       0x4c C:/ST/STM32CubeIDE_1.18.0/STM32CubeIDE/plugins/com.st.stm32cube.ide.mcu.externaltools.gnu-tools-for-stm32.13.3.rel1.win32_1.0.0.202411081344/tools/bin/../lib/gcc/arm-none-eabi/13.3.1/thumb/v7-m/nofp\libgcc.a(_arm_addsubsf3.o)
 .debug_frame   0x00002b28       0x38 C:/ST/STM32CubeIDE_1.18.0/STM32CubeIDE/plugins/com.st.stm32cube.ide.mcu.externaltools.gnu-tools-for-stm32.13.3.rel1.win32_1.0.0.202411081344/tools/bin/../lib/gcc/arm-none-eabi/13.3.1/thumb/v7-m/nofp\libgcc.a(_arm_muldivsf3.o)
 .debug_frame   0x00002b60       0x24 C:/ST/STM32CubeIDE_1.18.0/STM32CubeIDE/plugins/com.st.stm32cube.ide.mcu.externaltools.gnu-tools-for-stm32.13.3.rel1.win32_1.0.0.202411081344/tools/bin/../lib/gcc/arm-none-eabi/13.3.1/thumb/v7-m/nofp\libgcc.a(_arm_fixunssfsi.o)

.debug_line_str
                0x00000000       0x6e
 .debug_line_str
                0x00000000       0x6e ./Core/Startup/startup_stm32f103c8tx.o
