23:40:13 **** Incremental Build of configuration Debug for project CitireEncoder ****
make -j16 all 
arm-none-eabi-size  CitireEncoder.elf 
   text	   data	    bss	    dec	    hex	filename
   8292	     12	   1652	   9956	   26e4	CitireEncoder.elf
Finished building: default.size.stdout
 
23:40:24 **** Incremental Build of configuration Debug for project CitireEncoder ****
make -j16 all 
arm-none-eabi-size  CitireEncoder.elf 
   text	   data	    bss	    dec	    hex	filename
   8292	     12	   1652	   9956	   26e4	CitireEncoder.elf
Finished building: default.size.stdout
 
23:40:36 **** Incremental Build of configuration Debug for project CitireEncoder ****
make -j16 all 
arm-none-eabi-size  CitireEncoder.elf 
   text	   data	    bss	    dec	    hex	filename
   8292	     12	   1652	   9956	   26e4	CitireEncoder.elf
Finished building: default.size.stdout
 
23:42:23 **** Incremental Build of configuration Debug for project CitireEncoder ****
make -j16 all 
arm-none-eabi-gcc "../Core/Src/main.c" -mcpu=cortex-m4 -std=gnu11 -g3 -DDEBUG -DUSE_HAL_DRIVER -DSTM32F405xx -c -I../Core/Inc -I../Drivers/STM32F4xx_HAL_Driver/Inc -I../Drivers/STM32F4xx_HAL_Driver/Inc/Legacy -I../Drivers/CMSIS/Device/ST/STM32F4xx/Include -I../Drivers/CMSIS/Include -O0 -ffunction-sections -fdata-sections -Wall -fstack-usage -fcyclomatic-complexity -MMD -MP -MF"Core/Src/main.d" -MT"Core/Src/main.o" --specs=nano.specs -mfpu=fpv4-sp-d16 -mfloat-abi=hard -mthumb -o "Core/Src/main.o"
arm-none-eabi-gcc -o "CitireEncoder.elf" @"objects.list"   -mcpu=cortex-m4 -T"C:\Users\Marco\Documents\GitHub\Licenta\Proiect\CitireEncoder\STM32F405RGTX_FLASH.ld" --specs=nosys.specs -Wl,-Map="CitireEncoder.map" -Wl,--gc-sections -static --specs=nano.specs -mfpu=fpv4-sp-d16 -mfloat-abi=hard -mthumb -Wl,--start-group -lc -lm -Wl,--end-group
Finished building target: CitireEncoder.elf
 
arm-none-eabi-size  CitireEncoder.elf 
arm-none-eabi-objdump -h -S CitireEncoder.elf  > "CitireEncoder.list"
   text	   data	    bss	    dec	    hex	filename
   8256	     12	   1644	   9912	   26b8	CitireEncoder.elf
Finished building: default.size.stdout
 
Finished building: CitireEncoder.list
 
