../USB_DEVICE/App/usbd_custom_hid_if.c:767:15:CUSTOM_HID_Init_FS	4	static
../USB_DEVICE/App/usbd_custom_hid_if.c:778:15:CUSTOM_HID_DeInit_FS	4	static
../USB_DEVICE/App/usbd_custom_hid_if.c:791:15:CUSTOM_HID_OutEvent_FS	32	static
../USB_DEVICE/App/usbd_custom_hid_if.c:876:15:USBD_CUSTOM_HID_SendReport_FS	16	static
../USB_DEVICE/App/usbd_custom_hid_if.c:890:17:CUSTOM_HID_GetReport	24	static
../USB_DEVICE/App/usbd_custom_hid_if.c:934:5:find_free_effect	16	static
../USB_DEVICE/App/usbd_custom_hid_if.c:944:6:create_new_effect	24	static
../USB_DEVICE/App/usbd_custom_hid_if.c:969:6:process_set_constant_force	24	static
../USB_DEVICE/App/usbd_custom_hid_if.c:978:6:process_set_effect	24	static
../USB_DEVICE/App/usbd_custom_hid_if.c:997:6:process_set_condition	24	static
../USB_DEVICE/App/usbd_custom_hid_if.c:1021:6:stop_all_effects	16	static
../USB_DEVICE/App/usbd_custom_hid_if.c:1029:6:reset_all_effects	8	static
../USB_DEVICE/App/usbd_custom_hid_if.c:1034:6:pause_all_effects	4	static
../USB_DEVICE/App/usbd_custom_hid_if.c:1039:6:resume_effects	4	static
../USB_DEVICE/App/usbd_custom_hid_if.c:1044:6:handle_ffb_control	16	static
../USB_DEVICE/App/usbd_custom_hid_if.c:1056:6:set_global_gain	16	static
../USB_DEVICE/App/usbd_custom_hid_if.c:1061:6:free_effect	16	static
../USB_DEVICE/App/usbd_custom_hid_if.c:1069:6:send_status_report	16	static
