../USB_DEVICE/App/usbd_custom_hid_if.c:768:5:find_free_effect	16	static
../USB_DEVICE/App/usbd_custom_hid_if.c:778:6:create_new_effect	24	static
../USB_DEVICE/App/usbd_custom_hid_if.c:803:6:process_set_constant_force	24	static
../USB_DEVICE/App/usbd_custom_hid_if.c:812:6:process_set_effect	24	static
../USB_DEVICE/App/usbd_custom_hid_if.c:831:6:process_set_condition	24	static
../USB_DEVICE/App/usbd_custom_hid_if.c:855:6:stop_all_effects	16	static
../USB_DEVICE/App/usbd_custom_hid_if.c:863:6:reset_all_effects	8	static
../USB_DEVICE/App/usbd_custom_hid_if.c:868:6:pause_all_effects	4	static
../USB_DEVICE/App/usbd_custom_hid_if.c:873:6:resume_effects	4	static
../USB_DEVICE/App/usbd_custom_hid_if.c:878:6:handle_ffb_control	16	static
../USB_DEVICE/App/usbd_custom_hid_if.c:890:6:set_global_gain	16	static
../USB_DEVICE/App/usbd_custom_hid_if.c:895:6:free_effect	16	static
../USB_DEVICE/App/usbd_custom_hid_if.c:903:6:send_status_report	16	static
../USB_DEVICE/App/usbd_custom_hid_if.c:919:15:CUSTOM_HID_Init_FS	4	static
../USB_DEVICE/App/usbd_custom_hid_if.c:930:15:CUSTOM_HID_DeInit_FS	4	static
../USB_DEVICE/App/usbd_custom_hid_if.c:943:15:CUSTOM_HID_OutEvent_FS	32	static
../USB_DEVICE/App/usbd_custom_hid_if.c:1028:15:USBD_CUSTOM_HID_SendReport_FS	16	static
../USB_DEVICE/App/usbd_custom_hid_if.c:1042:17:CUSTOM_HID_GetReport	24	static
